Component: Arm Compiler for Embedded 6.19 Tool: armlink [5e73cb00]

==============================================================================

Section Cross References

    startup_stm32f769xx.o(RESET) refers to startup_stm32f769xx.o(STACK) for __initial_sp
    startup_stm32f769xx.o(RESET) refers to startup_stm32f769xx.o(.text) for Reset_Handler
    startup_stm32f769xx.o(RESET) refers to stm32f7xx_it.o(.text.NMI_Handler) for NMI_Handler
    startup_stm32f769xx.o(RESET) refers to stm32f7xx_it.o(.text.HardFault_Handler) for HardFault_Handler
    startup_stm32f769xx.o(RESET) refers to stm32f7xx_it.o(.text.MemManage_Handler) for MemManage_Handler
    startup_stm32f769xx.o(RESET) refers to stm32f7xx_it.o(.text.BusFault_Handler) for BusFault_Handler
    startup_stm32f769xx.o(RESET) refers to stm32f7xx_it.o(.text.UsageFault_Handler) for UsageFault_Handler
    startup_stm32f769xx.o(RESET) refers to stm32f7xx_it.o(.text.SVC_Handler) for SVC_Handler
    startup_stm32f769xx.o(RESET) refers to stm32f7xx_it.o(.text.DebugMon_Handler) for DebugMon_Handler
    startup_stm32f769xx.o(RESET) refers to stm32f7xx_it.o(.text.PendSV_Handler) for PendSV_Handler
    startup_stm32f769xx.o(RESET) refers to stm32f7xx_it.o(.text.SysTick_Handler) for SysTick_Handler
    startup_stm32f769xx.o(RESET) refers to stm32f7xx_it.o(.text.DSI_IRQHandler) for DSI_IRQHandler
    startup_stm32f769xx.o(.text) refers to system_stm32f7xx.o(.text.SystemInit) for SystemInit
    startup_stm32f769xx.o(.text) refers to entry.o(.ARM.Collect$$$$00000000) for __main
    stm32f769i_discovery.o(.ARM.exidx.text.BSP_GetVersion) refers to stm32f769i_discovery.o(.text.BSP_GetVersion) for [Anonymous Symbol]
    stm32f769i_discovery.o(.text.BSP_LED_Init) refers to stm32f769i_discovery.o(.data..L_MergedGlobals) for .L_MergedGlobals
    stm32f769i_discovery.o(.text.BSP_LED_Init) refers to stm32f7xx_hal_gpio.o(.text.HAL_GPIO_Init) for HAL_GPIO_Init
    stm32f769i_discovery.o(.ARM.exidx.text.BSP_LED_Init) refers to stm32f769i_discovery.o(.text.BSP_LED_Init) for [Anonymous Symbol]
    stm32f769i_discovery.o(.text.BSP_LED_DeInit) refers to stm32f769i_discovery.o(.data..L_MergedGlobals) for .L_MergedGlobals
    stm32f769i_discovery.o(.text.BSP_LED_DeInit) refers to stm32f7xx_hal_gpio.o(.text.HAL_GPIO_WritePin) for HAL_GPIO_WritePin
    stm32f769i_discovery.o(.text.BSP_LED_DeInit) refers to stm32f7xx_hal_gpio.o(.text.HAL_GPIO_DeInit) for HAL_GPIO_DeInit
    stm32f769i_discovery.o(.ARM.exidx.text.BSP_LED_DeInit) refers to stm32f769i_discovery.o(.text.BSP_LED_DeInit) for [Anonymous Symbol]
    stm32f769i_discovery.o(.text.BSP_LED_On) refers to stm32f769i_discovery.o(.data..L_MergedGlobals) for .L_MergedGlobals
    stm32f769i_discovery.o(.text.BSP_LED_On) refers to stm32f7xx_hal_gpio.o(.text.HAL_GPIO_WritePin) for HAL_GPIO_WritePin
    stm32f769i_discovery.o(.ARM.exidx.text.BSP_LED_On) refers to stm32f769i_discovery.o(.text.BSP_LED_On) for [Anonymous Symbol]
    stm32f769i_discovery.o(.text.BSP_LED_Off) refers to stm32f769i_discovery.o(.data..L_MergedGlobals) for .L_MergedGlobals
    stm32f769i_discovery.o(.text.BSP_LED_Off) refers to stm32f7xx_hal_gpio.o(.text.HAL_GPIO_WritePin) for HAL_GPIO_WritePin
    stm32f769i_discovery.o(.ARM.exidx.text.BSP_LED_Off) refers to stm32f769i_discovery.o(.text.BSP_LED_Off) for [Anonymous Symbol]
    stm32f769i_discovery.o(.text.BSP_LED_Toggle) refers to stm32f769i_discovery.o(.data..L_MergedGlobals) for .L_MergedGlobals
    stm32f769i_discovery.o(.text.BSP_LED_Toggle) refers to stm32f7xx_hal_gpio.o(.text.HAL_GPIO_TogglePin) for HAL_GPIO_TogglePin
    stm32f769i_discovery.o(.ARM.exidx.text.BSP_LED_Toggle) refers to stm32f769i_discovery.o(.text.BSP_LED_Toggle) for [Anonymous Symbol]
    stm32f769i_discovery.o(.text.BSP_PB_Init) refers to stm32f769i_discovery.o(.data.BUTTON_PORT) for BUTTON_PORT
    stm32f769i_discovery.o(.text.BSP_PB_Init) refers to stm32f7xx_hal_gpio.o(.text.HAL_GPIO_Init) for HAL_GPIO_Init
    stm32f769i_discovery.o(.text.BSP_PB_Init) refers to stm32f7xx_hal_cortex.o(.text.HAL_NVIC_SetPriority) for HAL_NVIC_SetPriority
    stm32f769i_discovery.o(.text.BSP_PB_Init) refers to stm32f7xx_hal_cortex.o(.text.HAL_NVIC_EnableIRQ) for HAL_NVIC_EnableIRQ
    stm32f769i_discovery.o(.ARM.exidx.text.BSP_PB_Init) refers to stm32f769i_discovery.o(.text.BSP_PB_Init) for [Anonymous Symbol]
    stm32f769i_discovery.o(.text.BSP_PB_DeInit) refers to stm32f7xx_hal_cortex.o(.text.HAL_NVIC_DisableIRQ) for HAL_NVIC_DisableIRQ
    stm32f769i_discovery.o(.text.BSP_PB_DeInit) refers to stm32f769i_discovery.o(.data.BUTTON_PORT) for BUTTON_PORT
    stm32f769i_discovery.o(.text.BSP_PB_DeInit) refers to stm32f7xx_hal_gpio.o(.text.HAL_GPIO_DeInit) for HAL_GPIO_DeInit
    stm32f769i_discovery.o(.ARM.exidx.text.BSP_PB_DeInit) refers to stm32f769i_discovery.o(.text.BSP_PB_DeInit) for [Anonymous Symbol]
    stm32f769i_discovery.o(.text.BSP_PB_GetState) refers to stm32f769i_discovery.o(.data.BUTTON_PORT) for BUTTON_PORT
[...]
    Removing stm32f7xx_hal_adc_ex.o(.text.HAL_ADCEx_InjectedStart_IT), (278 bytes).
    Removing stm32f7xx_hal_adc_ex.o(.ARM.exidx.text.HAL_ADCEx_InjectedStart_IT), (8 bytes).
    Removing stm32f7xx_hal_adc_ex.o(.text.HAL_ADCEx_InjectedStop), (88 bytes).
    Removing stm32f7xx_hal_adc_ex.o(.ARM.exidx.text.HAL_ADCEx_InjectedStop), (8 bytes).
    Removing stm32f7xx_hal_adc_ex.o(.text.HAL_ADCEx_InjectedPollForConversion), (228 bytes).
    Removing stm32f7xx_hal_adc_ex.o(.ARM.exidx.text.HAL_ADCEx_InjectedPollForConversion), (8 bytes).
    Removing stm32f7xx_hal_adc_ex.o(.text.HAL_ADCEx_InjectedStop_IT), (96 bytes).
    Removing stm32f7xx_hal_adc_ex.o(.ARM.exidx.text.HAL_ADCEx_InjectedStop_IT), (8 bytes).
    Removing stm32f7xx_hal_adc_ex.o(.text.HAL_ADCEx_InjectedGetValue), (74 bytes).
    Removing stm32f7xx_hal_adc_ex.o(.ARM.exidx.text.HAL_ADCEx_InjectedGetValue), (8 bytes).
    Removing stm32f7xx_hal_adc_ex.o(.text.HAL_ADCEx_MultiModeStart_DMA), (320 bytes).
    Removing stm32f7xx_hal_adc_ex.o(.ARM.exidx.text.HAL_ADCEx_MultiModeStart_DMA), (8 bytes).
    Removing stm32f7xx_hal_adc_ex.o(.text.ADC_MultiModeDMAConvCplt), (98 bytes).
    Removing stm32f7xx_hal_adc_ex.o(.ARM.exidx.text.ADC_MultiModeDMAConvCplt), (8 bytes).
    Removing stm32f7xx_hal_adc_ex.o(.text.ADC_MultiModeDMAHalfConvCplt), (6 bytes).
    Removing stm32f7xx_hal_adc_ex.o(.ARM.exidx.text.ADC_MultiModeDMAHalfConvCplt), (8 bytes).
    Removing stm32f7xx_hal_adc_ex.o(.text.ADC_MultiModeDMAError), (18 bytes).
    Removing stm32f7xx_hal_adc_ex.o(.ARM.exidx.text.ADC_MultiModeDMAError), (8 bytes).
    Removing stm32f7xx_hal_adc_ex.o(.text.HAL_ADCEx_MultiModeStop_DMA), (94 bytes).
    Removing stm32f7xx_hal_adc_ex.o(.ARM.exidx.text.HAL_ADCEx_MultiModeStop_DMA), (8 bytes).
    Removing stm32f7xx_hal_adc_ex.o(.text.HAL_ADCEx_MultiModeGetValue), (12 bytes).
    Removing stm32f7xx_hal_adc_ex.o(.ARM.exidx.text.HAL_ADCEx_MultiModeGetValue), (8 bytes).
    Removing stm32f7xx_hal_adc_ex.o(.text.HAL_ADCEx_InjectedConvCpltCallback), (2 bytes).
    Removing stm32f7xx_hal_adc_ex.o(.ARM.exidx.text.HAL_ADCEx_InjectedConvCpltCallback), (8 bytes).
    Removing stm32f7xx_hal_adc_ex.o(.text.HAL_ADCEx_InjectedConfigChannel), (380 bytes).
    Removing stm32f7xx_hal_adc_ex.o(.ARM.exidx.text.HAL_ADCEx_InjectedConfigChannel), (8 bytes).
    Removing stm32f7xx_hal_adc_ex.o(.text.HAL_ADCEx_MultiModeConfigChannel), (90 bytes).
    Removing stm32f7xx_hal_adc_ex.o(.ARM.exidx.text.HAL_ADCEx_MultiModeConfigChannel), (8 bytes).
    Removing system_stm32f7xx.o(.text), (0 bytes).
    Removing system_stm32f7xx.o(.ARM.exidx.text.SystemInit), (8 bytes).
    Removing system_stm32f7xx.o(.text.SystemCoreClockUpdate), (130 bytes).
    Removing system_stm32f7xx.o(.ARM.exidx.text.SystemCoreClockUpdate), (8 bytes).
    Removing system_stm32f7xx.o(.rodata.APBPrescTable), (8 bytes).
    Removing stm32f7xx_hal_msp.o(.text), (0 bytes).
    Removing main.o(.text), (0 bytes).
    Removing main.o(.ARM.exidx.text.main), (8 bytes).
    Removing main.o(.ARM.exidx.text.HAL_DSI_EndOfRefreshCallback), (8 bytes).
    Removing main.o(.text.LTDC_Init), (88 bytes).
    Removing main.o(.ARM.exidx.text.LTDC_Init), (8 bytes).
    Removing main.o(.bss.hdsivideo_handle), (108 bytes).
    Removing main.o(.ARM.use_no_argv), (4 bytes).
    Removing stm32f7xx_it.o(.text), (0 bytes).
    Removing stm32f7xx_it.o(.ARM.exidx.text.NMI_Handler), (8 bytes).
    Removing stm32f7xx_it.o(.ARM.exidx.text.HardFault_Handler), (8 bytes).
    Removing stm32f7xx_it.o(.ARM.exidx.text.MemManage_Handler), (8 bytes).
    Removing stm32f7xx_it.o(.ARM.exidx.text.BusFault_Handler), (8 bytes).
    Removing stm32f7xx_it.o(.ARM.exidx.text.UsageFault_Handler), (8 bytes).
    Removing stm32f7xx_it.o(.ARM.exidx.text.SVC_Handler), (8 bytes).
    Removing stm32f7xx_it.o(.ARM.exidx.text.DebugMon_Handler), (8 bytes).
    Removing stm32f7xx_it.o(.ARM.exidx.text.PendSV_Handler), (8 bytes).
    Removing stm32f7xx_it.o(.ARM.exidx.text.SysTick_Handler), (8 bytes).
    Removing stm32f7xx_it.o(.ARM.exidx.text.DSI_IRQHandler), (8 bytes).

1160 unused section(s) (total 76406 bytes) removed from the image.

==============================================================================

Image Symbol Table

    Local Symbols

    Symbol Name                              Value     Ov Type        Size  Object(Section)

    ../clib/microlib/division.c              0x00000000   Number         0  uldiv.o ABSOLUTE
    ../clib/microlib/init/entry.s            0x00000000   Number         0  entry.o ABSOLUTE
    ../clib/microlib/init/entry.s            0x00000000   Number         0  entry2.o ABSOLUTE
    ../clib/microlib/init/entry.s            0x00000000   Number         0  entry5.o ABSOLUTE
    ../clib/microlib/init/entry.s            0x00000000   Number         0  entry7a.o ABSOLUTE
    ../clib/microlib/init/entry.s            0x00000000   Number         0  entry7b.o ABSOLUTE
    ../clib/microlib/init/entry.s            0x00000000   Number         0  entry8a.o ABSOLUTE
    ../clib/microlib/init/entry.s            0x00000000   Number         0  entry8b.o ABSOLUTE
    ../clib/microlib/init/entry.s            0x00000000   Number         0  entry9a.o ABSOLUTE
    ../clib/microlib/init/entry.s            0x00000000   Number         0  entry9b.o ABSOLUTE
    ../clib/microlib/init/entry.s            0x00000000   Number         0  entry10a.o ABSOLUTE
    ../clib/microlib/init/entry.s            0x00000000   Number         0  entry10b.o ABSOLUTE
    ../clib/microlib/init/entry.s            0x00000000   Number         0  entry11a.o ABSOLUTE
    ../clib/microlib/init/entry.s            0x00000000   Number         0  entry11b.o ABSOLUTE
    ../clib/microlib/longlong.c              0x00000000   Number         0  llshl.o ABSOLUTE
    ../clib/microlib/longlong.c              0x00000000   Number         0  llushr.o ABSOLUTE
    ../clib/microlib/string/memset.c         0x00000000   Number         0  memseta.o ABSOLUTE
    dc.s                                     0x00000000   Number         0  dc.o ABSOLUTE
    handlers.s                               0x00000000   Number         0  handlers.o ABSOLUTE
    init.s                                   0x00000000   Number         0  init.o ABSOLUTE
    main.c                                   0x00000000   Number         0  main.o ABSOLUTE
    nt35510.c                                0x00000000   Number         0  nt35510.o ABSOLUTE
    otm8009a.c                               0x00000000   Number         0  otm8009a.o ABSOLUTE
    startup_stm32f769xx.s                    0x00000000   Number         0  startup_stm32f769xx.o ABSOLUTE
    stm32f769i_discovery.c                   0x00000000   Number         0  stm32f769i_discovery.o ABSOLUTE
    stm32f769i_discovery_lcd.c               0x00000000   Number         0  stm32f769i_discovery_lcd.o ABSOLUTE
    stm32f769i_discovery_sdram.c             0x00000000   Number         0  stm32f769i_discovery_sdram.o ABSOLUTE
    stm32f7xx_hal.c                          0x00000000   Number         0  stm32f7xx_hal.o ABSOLUTE
    stm32f7xx_hal_adc.c                      0x00000000   Number         0  stm32f7xx_hal_adc.o ABSOLUTE
    stm32f7xx_hal_adc_ex.c                   0x00000000   Number         0  stm32f7xx_hal_adc_ex.o ABSOLUTE
    stm32f7xx_hal_cortex.c                   0x00000000   Number         0  stm32f7xx_hal_cortex.o ABSOLUTE
    stm32f7xx_hal_dma.c                      0x00000000   Number         0  stm32f7xx_hal_dma.o ABSOLUTE
    stm32f7xx_hal_dma2d.c                    0x00000000   Number         0  stm32f7xx_hal_dma2d.o ABSOLUTE
    stm32f7xx_hal_dsi.c                      0x00000000   Number         0  stm32f7xx_hal_dsi.o ABSOLUTE
    stm32f7xx_hal_gpio.c                     0x00000000   Number         0  stm32f7xx_hal_gpio.o ABSOLUTE
    stm32f7xx_hal_i2c.c                      0x00000000   Number         0  stm32f7xx_hal_i2c.o ABSOLUTE
    stm32f7xx_hal_i2c_ex.c                   0x00000000   Number         0  stm32f7xx_hal_i2c_ex.o ABSOLUTE
    stm32f7xx_hal_ltdc.c                     0x00000000   Number         0  stm32f7xx_hal_ltdc.o ABSOLUTE
    stm32f7xx_hal_ltdc_ex.c                  0x00000000   Number         0  stm32f7xx_hal_ltdc_ex.o ABSOLUTE
    stm32f7xx_hal_msp.c                      0x00000000   Number         0  stm32f7xx_hal_msp.o ABSOLUTE
    stm32f7xx_hal_pwr.c                      0x00000000   Number         0  stm32f7xx_hal_pwr.o ABSOLUTE
    stm32f7xx_hal_pwr_ex.c                   0x00000000   Number         0  stm32f7xx_hal_pwr_ex.o ABSOLUTE
    stm32f7xx_hal_rcc.c                      0x00000000   Number         0  stm32f7xx_hal_rcc.o ABSOLUTE
    stm32f7xx_hal_rcc_ex.c                   0x00000000   Number         0  stm32f7xx_hal_rcc_ex.o ABSOLUTE
    stm32f7xx_hal_sdram.c                    0x00000000   Number         0  stm32f7xx_hal_sdram.o ABSOLUTE
    stm32f7xx_hal_sram.c                     0x00000000   Number         0  stm32f7xx_hal_sram.o ABSOLUTE
    stm32f7xx_hal_uart.c                     0x00000000   Number         0  stm32f7xx_hal_uart.o ABSOLUTE
    stm32f7xx_it.c                           0x00000000   Number         0  stm32f7xx_it.o ABSOLUTE
    stm32f7xx_ll_fmc.c                       0x00000000   Number         0  stm32f7xx_ll_fmc.o ABSOLUTE
    system_stm32f7xx.c                       0x00000000   Number         0  system_stm32f7xx.o ABSOLUTE
    RESET                                    0x08000000   Section      504  startup_stm32f769xx.o(RESET)
    .ARM.Collect$$$$00000000                 0x080001f8   Section        0  entry.o(.ARM.Collect$$$$00000000)
    .ARM.Collect$$$$00000001                 0x080001f8   Section        4  entry2.o(.ARM.Collect$$$$00000001)
    .ARM.Collect$$$$00000004                 0x080001fc   Section        4  entry5.o(.ARM.Collect$$$$00000004)
    .ARM.Collect$$$$00000008                 0x08000200   Section        0  entry7b.o(.ARM.Collect$$$$00000008)
    .ARM.Collect$$$$0000000A                 0x08000200   Section        0  entry8b.o(.ARM.Collect$$$$0000000A)
    .ARM.Collect$$$$0000000B                 0x08000200   Section        8  entry9a.o(.ARM.Collect$$$$0000000B)
    __lit__00000000                          0x08000208   Data           4  entry2.o(.ARM.Collect$$$$00002712)
    .ARM.Collect$$$$0000000D                 0x08000208   Section        0  entry10a.o(.ARM.Collect$$$$0000000D)
    .ARM.Collect$$$$0000000F                 0x08000208   Section        0  entry11a.o(.ARM.Collect$$$$0000000F)
    .ARM.Collect$$$$00002712                 0x08000208   Section        4  entry2.o(.ARM.Collect$$$$00002712)
    $v0                                      0x0800020c   Number         0  startup_stm32f769xx.o(.text)
    .text                                    0x0800020c   Section       36  startup_stm32f769xx.o(.text)
    .text                                    0x08000230   Section        0  uldiv.o(.text)
    .text                                    0x08000292   Section        0  memseta.o(.text)
    .text                                    0x080002b6   Section        0  llshl.o(.text)
    .text                                    0x080002d4   Section        0  llushr.o(.text)
    .text                                    0x080002f4   Section       36  init.o(.text)
    [Anonymous Symbol]                       0x08000318   Section        0  stm32f769i_discovery_lcd.o(.text.BSP_LCD_DisplayChar)
    [Anonymous Symbol]                       0x08000620   Section        0  stm32f769i_discovery_lcd.o(.text.BSP_LCD_DisplayStringAtLine)
    [Anonymous Symbol]                       0x080006b8   Section        0  stm32f769i_discovery_lcd.o(.text.BSP_LCD_FillRect)
    [Anonymous Symbol]                       0x08000768   Section        0  stm32f769i_discovery_lcd.o(.text.BSP_LCD_LayerDefaultInit)
    [Anonymous Symbol]                       0x080007e0   Section        0  stm32f769i_discovery_lcd.o(.text.BSP_LCD_MspInit)
    [Anonymous Symbol]                       0x08000890   Section        0  stm32f769i_discovery_lcd.o(.text.BSP_LCD_Reset)
    [Anonymous Symbol]                       0x080008f8   Section        0  stm32f769i_discovery_lcd.o(.text.BSP_LCD_SelectLayer)
    [Anonymous Symbol]                       0x08000908   Section        0  stm32f769i_discovery_lcd.o(.text.BSP_LCD_SetBackColor)
    [Anonymous Symbol]                       0x08000920   Section        0  stm32f769i_discovery_lcd.o(.text.BSP_LCD_SetFont)
    [Anonymous Symbol]                       0x08000938   Section        0  stm32f769i_discovery_lcd.o(.text.BSP_LCD_SetTextColor)
    [Anonymous Symbol]                       0x08000950   Section        0  stm32f769i_discovery.o(.text.BSP_LED_Init)
    [Anonymous Symbol]                       0x08000998   Section        0  stm32f769i_discovery_sdram.o(.text.BSP_SDRAM_Init)
    [Anonymous Symbol]                       0x08000aa0   Section        0  stm32f769i_discovery_sdram.o(.text.BSP_SDRAM_MspInit)
    [Anonymous Symbol]                       0x08000c20   Section        0  stm32f7xx_it.o(.text.BusFault_Handler)
    [Anonymous Symbol]                       0x08000c28   Section        0  stm32f769i_discovery_lcd.o(.text.DSI_IO_WriteCmd)
    [Anonymous Symbol]                       0x08000c78   Section        0  stm32f7xx_it.o(.text.DSI_IRQHandler)
    [Anonymous Symbol]                       0x08000c88   Section        0  stm32f7xx_it.o(.text.DebugMon_Handler)
    [Anonymous Symbol]                       0x08000c90   Section        0  stm32f7xx_ll_fmc.o(.text.FMC_SDRAM_Init)
    [Anonymous Symbol]                       0x08000d28   Section        0  stm32f7xx_ll_fmc.o(.text.FMC_SDRAM_ProgramRefreshRate)
    [Anonymous Symbol]                       0x08000d40   Section        0  stm32f7xx_ll_fmc.o(.text.FMC_SDRAM_SendCommand)
    [Anonymous Symbol]                       0x08000d70   Section        0  stm32f7xx_ll_fmc.o(.text.FMC_SDRAM_Timing_Init)
    [Anonymous Symbol]                       0x08000e50   Section        0  stm32f7xx_hal_dma2d.o(.text.HAL_DMA2D_ConfigLayer)
    [Anonymous Symbol]                       0x08000f00   Section        0  stm32f7xx_hal_dma2d.o(.text.HAL_DMA2D_Init)
    [Anonymous Symbol]                       0x08000f68   Section        0  stm32f7xx_hal_dma2d.o(.text.HAL_DMA2D_MspInit)
    [Anonymous Symbol]                       0x08000f70   Section        0  stm32f7xx_hal_dma2d.o(.text.HAL_DMA2D_PollForTransfer)
    [Anonymous Symbol]                       0x08001158   Section        0  stm32f7xx_hal_dma2d.o(.text.HAL_DMA2D_Start)
    [Anonymous Symbol]                       0x08001238   Section        0  stm32f7xx_hal_dma.o(.text.HAL_DMA_DeInit)
    [Anonymous Symbol]                       0x080012c8   Section        0  stm32f7xx_hal_dma.o(.text.HAL_DMA_Init)
    [Anonymous Symbol]                       0x08001428   Section        0  stm32f7xx_hal_dsi.o(.text.HAL_DSI_ConfigAdaptedCommandMode)
    [Anonymous Symbol]                       0x08001518   Section        0  stm32f7xx_hal_dsi.o(.text.HAL_DSI_ConfigCommand)
    [Anonymous Symbol]                       0x080015a8   Section        0  stm32f7xx_hal_dsi.o(.text.HAL_DSI_ConfigFlowControl)
    [Anonymous Symbol]                       0x080015d0   Section        0  stm32f7xx_hal_dsi.o(.text.HAL_DSI_ConfigPhyTimer)
    [Anonymous Symbol]                       0x08001650   Section        0  stm32f7xx_hal_dsi.o(.text.HAL_DSI_DeInit)
    [Anonymous Symbol]                       0x080016f0   Section        0  main.o(.text.HAL_DSI_EndOfRefreshCallback)
    [Anonymous Symbol]                       0x08001790   Section        0  stm32f7xx_hal_dsi.o(.text.HAL_DSI_ErrorCallback)
    [Anonymous Symbol]                       0x08001798   Section        0  stm32f7xx_hal_dsi.o(.text.HAL_DSI_IRQHandler)
    [Anonymous Symbol]                       0x080018b8   Section        0  stm32f7xx_hal_dsi.o(.text.HAL_DSI_Init)
    [Anonymous Symbol]                       0x08001ab8   Section        0  stm32f7xx_hal_dsi.o(.text.HAL_DSI_LongWrite)
    [Anonymous Symbol]                       0x08001c48   Section        0  stm32f7xx_hal_dsi.o(.text.HAL_DSI_MspDeInit)
    [Anonymous Symbol]                       0x08001c50   Section        0  stm32f7xx_hal_dsi.o(.text.HAL_DSI_MspInit)
    [Anonymous Symbol]                       0x08001c58   Section        0  stm32f7xx_hal_dsi.o(.text.HAL_DSI_Refresh)
    [Anonymous Symbol]                       0x08001c80   Section        0  stm32f7xx_hal_dsi.o(.text.HAL_DSI_ShortWrite)
    [Anonymous Symbol]                       0x08001ce8   Section        0  stm32f7xx_hal_dsi.o(.text.HAL_DSI_Start)
    [Anonymous Symbol]                       0x08001d30   Section        0  stm32f7xx_hal_dsi.o(.text.HAL_DSI_TearingEffectCallback)
    [Anonymous Symbol]                       0x08001d38   Section        0  stm32f7xx_hal.o(.text.HAL_Delay)
    [Anonymous Symbol]                       0x08001d60   Section        0  stm32f7xx_hal_gpio.o(.text.HAL_GPIO_Init)
    [Anonymous Symbol]                       0x08001f08   Section        0  stm32f7xx_hal_gpio.o(.text.HAL_GPIO_WritePin)
    [Anonymous Symbol]                       0x08001f18   Section        0  stm32f7xx_hal.o(.text.HAL_GetTick)
    [Anonymous Symbol]                       0x08001f28   Section        0  stm32f7xx_hal.o(.text.HAL_IncTick)
    [Anonymous Symbol]                       0x08001f48   Section        0  stm32f7xx_hal.o(.text.HAL_Init)
    [Anonymous Symbol]                       0x08001f78   Section        0  stm32f7xx_hal.o(.text.HAL_InitTick)
    [Anonymous Symbol]                       0x08001fc0   Section        0  stm32f7xx_hal_ltdc.o(.text.HAL_LTDC_ConfigLayer)
    [Anonymous Symbol]                       0x08002038   Section        0  stm32f7xx_hal_ltdc.o(.text.HAL_LTDC_DeInit)
    [Anonymous Symbol]                       0x080020a0   Section        0  stm32f7xx_hal_ltdc.o(.text.HAL_LTDC_Init)
    [Anonymous Symbol]                       0x08002180   Section        0  stm32f7xx_hal_ltdc.o(.text.HAL_LTDC_MspDeInit)
    [Anonymous Symbol]                       0x08002188   Section        0  stm32f7xx_hal_ltdc.o(.text.HAL_LTDC_MspInit)
    [Anonymous Symbol]                       0x08002190   Section        0  stm32f7xx_hal_cortex.o(.text.HAL_MPU_ConfigRegion)
    [Anonymous Symbol]                       0x080021f0   Section        0  stm32f7xx_hal_cortex.o(.text.HAL_MPU_Disable)
    [Anonymous Symbol]                       0x08002210   Section        0  stm32f7xx_hal_cortex.o(.text.HAL_MPU_Enable)
    [Anonymous Symbol]                       0x08002230   Section        0  stm32f7xx_hal.o(.text.HAL_MspInit)
    [Anonymous Symbol]                       0x08002238   Section        0  stm32f7xx_hal_cortex.o(.text.HAL_NVIC_EnableIRQ)
    [Anonymous Symbol]                       0x08002260   Section        0  stm32f7xx_hal_cortex.o(.text.HAL_NVIC_SetPriority)
    [Anonymous Symbol]                       0x080022c0   Section        0  stm32f7xx_hal_cortex.o(.text.HAL_NVIC_SetPriorityGrouping)
    [Anonymous Symbol]                       0x080022e0   Section        0  stm32f7xx_hal_pwr_ex.o(.text.HAL_PWREx_EnableOverDrive)
    [Anonymous Symbol]                       0x08002358   Section        0  stm32f7xx_hal_rcc_ex.o(.text.HAL_RCCEx_PeriphCLKConfig)
    [Anonymous Symbol]                       0x08002930   Section        0  stm32f7xx_hal_rcc.o(.text.HAL_RCC_ClockConfig)
    [Anonymous Symbol]                       0x08002b20   Section        0  stm32f7xx_hal_rcc.o(.text.HAL_RCC_OscConfig)
    [Anonymous Symbol]                       0x08002eb8   Section        0  stm32f7xx_hal_sdram.o(.text.HAL_SDRAM_Init)
    [Anonymous Symbol]                       0x08002ef8   Section        0  stm32f7xx_hal_sdram.o(.text.HAL_SDRAM_MspInit)
    [Anonymous Symbol]                       0x08002f00   Section        0  stm32f7xx_hal_sdram.o(.text.HAL_SDRAM_ProgramRefreshRate)
    [Anonymous Symbol]                       0x08002f30   Section        0  stm32f7xx_hal_sdram.o(.text.HAL_SDRAM_SendCommand)
    [Anonymous Symbol]                       0x08002f70   Section        0  stm32f7xx_hal_cortex.o(.text.HAL_SYSTICK_Config)
    [Anonymous Symbol]                       0x08002fa0   Section        0  stm32f7xx_it.o(.text.HardFault_Handler)
    LTDC_SetConfig                           0x08002fa9   Thumb Code   292  stm32f7xx_hal_ltdc.o(.text.LTDC_SetConfig)
    [Anonymous Symbol]                       0x08002fa8   Section        0  stm32f7xx_hal_ltdc.o(.text.LTDC_SetConfig)
    [Anonymous Symbol]                       0x080030d0   Section        0  stm32f7xx_it.o(.text.MemManage_Handler)
    [Anonymous Symbol]                       0x080030d8   Section        0  stm32f7xx_it.o(.text.NMI_Handler)
    [Anonymous Symbol]                       0x080030e0   Section        0  stm32f769i_discovery.o(.text.OTM8009A_IO_Delay)
    [Anonymous Symbol]                       0x080030e8   Section        0  otm8009a.o(.text.OTM8009A_Init)
    [Anonymous Symbol]                       0x08003638   Section        0  stm32f7xx_it.o(.text.PendSV_Handler)
    [Anonymous Symbol]                       0x08003640   Section        0  stm32f7xx_it.o(.text.SVC_Handler)
    [Anonymous Symbol]                       0x08003648   Section        0  stm32f7xx_it.o(.text.SysTick_Handler)
    [Anonymous Symbol]                       0x08003650   Section        0  system_stm32f7xx.o(.text.SystemInit)
    [Anonymous Symbol]                       0x080036a8   Section        0  stm32f7xx_it.o(.text.UsageFault_Handler)
    [Anonymous Symbol]                       0x080036b0   Section        0  main.o(.text.main)
    i.__scatterload_copy                     0x08003cf0   Section       14  handlers.o(i.__scatterload_copy)
    i.__scatterload_null                     0x08003cfe   Section        2  handlers.o(i.__scatterload_null)
    i.__scatterload_zeroinit                 0x08003d00   Section       14  handlers.o(i.__scatterload_zeroinit)
    Images                                   0x080063b8   Data           8  main.o(.rodata.Images)
    [Anonymous Symbol]                       0x080063b8   Section        0  main.o(.rodata.Images)
    .Lswitch.table.HAL_LTDC_SetPitch_NoReload 0x08006428   Data          32  stm32f7xx_hal_ltdc.o(.rodata.cst32)
    DMA_CalcBaseAndBitshift.flagBitshiftOffset 0x08006448   Data           8  stm32f7xx_hal_dma.o(.rodata.cst8)
    [Anonymous Symbol]                       0x08006448   Section        0  stm32f7xx_hal_dma.o(.rodata.cst8)
    Buffers                                  0x08006450   Data           8  main.o(.rodata.cst8)
    [Anonymous Symbol]                       0x08006450   Section        0  main.o(.rodata.cst8)
    .L.str.1                                 0x0809c588   Data          70  main.o(.rodata.str1.1)
    [Anonymous Symbol]                       0x0809c588   Section        0  main.o(.rodata.str1.1)
    .L_MergedGlobals                         0x20000000   Data          16  stm32f769i_discovery.o(.data..L_MergedGlobals)
    [Anonymous Symbol]                       0x20000000   Section        0  stm32f769i_discovery.o(.data..L_MergedGlobals)
    .L_MergedGlobals                         0x20000010   Data          16  stm32f769i_discovery_lcd.o(.data..L_MergedGlobals)
    [Anonymous Symbol]                       0x20000010   Section        0  stm32f769i_discovery_lcd.o(.data..L_MergedGlobals)
    .L_MergedGlobals                         0x20000020   Data           8  stm32f7xx_hal.o(.data..L_MergedGlobals)
    [Anonymous Symbol]                       0x20000020   Section        0  stm32f7xx_hal.o(.data..L_MergedGlobals)
    pend_buffer                              0x20000034   Data           4  main.o(.data.pend_buffer)
    [Anonymous Symbol]                       0x20000034   Section        0  main.o(.data.pend_buffer)
    .L_MergedGlobals                         0x20000038   Data         100  stm32f769i_discovery_sdram.o(.bss..L_MergedGlobals)
    BSP_SDRAM_Init.sdramstatus               0x20000038   Data           1  stm32f769i_discovery_sdram.o(.bss..L_MergedGlobals)
    [Anonymous Symbol]                       0x20000038   Section        0  stm32f769i_discovery_sdram.o(.bss..L_MergedGlobals)
    BSP_SDRAM_DeInit.sdramstatus             0x20000039   Data           1  stm32f769i_discovery_sdram.o(.bss..L_MergedGlobals)
    Command                                  0x2000003c   Data          16  stm32f769i_discovery_sdram.o(.bss..L_MergedGlobals)
    Timing                                   0x2000004c   Data          28  stm32f769i_discovery_sdram.o(.bss..L_MergedGlobals)
    .L_MergedGlobals                         0x2000009c   Data         116  main.o(.bss..L_MergedGlobals)
    ImageIndex                               0x2000009c   Data           4  main.o(.bss..L_MergedGlobals)
    [Anonymous Symbol]                       0x2000009c   Section        0  main.o(.bss..L_MergedGlobals)
    front_buffer                             0x200000a0   Data           4  main.o(.bss..L_MergedGlobals)
    .L_MergedGlobals.1                       0x20000110   Data          60  stm32f769i_discovery_lcd.o(.bss..L_MergedGlobals.1)
    [Anonymous Symbol]                       0x20000110   Section        0  stm32f769i_discovery_lcd.o(.bss..L_MergedGlobals.1)
    ActiveLayer                              0x20000114   Data           4  stm32f769i_discovery_lcd.o(.bss..L_MergedGlobals.1)
    DrawProp                                 0x20000118   Data          24  stm32f769i_discovery_lcd.o(.bss..L_MergedGlobals.1)
    BSP_SDRAM_MspInit.dma_handle             0x2000014c   Data          96  stm32f769i_discovery_sdram.o(.bss.BSP_SDRAM_MspInit.dma_handle)
    [Anonymous Symbol]                       0x2000014c   Section        0  stm32f769i_discovery_sdram.o(.bss.BSP_SDRAM_MspInit.dma_handle)
    PeriphClkInitStruct                      0x200001ac   Data         144  main.o(.bss.PeriphClkInitStruct)
    [Anonymous Symbol]                       0x200001ac   Section        0  main.o(.bss.PeriphClkInitStruct)
    hdma2d                                   0x2000023c   Data          88  main.o(.bss.hdma2d)
    [Anonymous Symbol]                       0x2000023c   Section        0  main.o(.bss.hdma2d)
    STACK                                    0x20000398   Section     1024  startup_stm32f769xx.o(STACK)

    Global Symbols

    Symbol Name                              Value     Ov Type        Size  Object(Section)

    BuildAttributes$$THM_ISAv4$E$P$D$K$B$S$7EM$VFPv5_D16$PE$PLD8$A:L22UL41UL21$X:L11$S22US41US21$IEEE1$IW$~IW$USESV6$~STKCKD$USESV7$~SHL$OTIME$EBA8$MICROLIB$REQ8$PRES8$EABIv2 0x00000000   Number         0  anon$$obj.o ABSOLUTE
    __cpp_initialize__aeabi_                  - Undefined Weak Reference
    __cxa_finalize                            - Undefined Weak Reference
    __decompress                              - Undefined Weak Reference
    _clock_init                               - Undefined Weak Reference
    _microlib_exit                            - Undefined Weak Reference
    __Vectors_Size                           0x000001f8   Number         0  startup_stm32f769xx.o ABSOLUTE
    __Vectors                                0x08000000   Data           4  startup_stm32f769xx.o(RESET)
    __Vectors_End                            0x080001f8   Data           0  startup_stm32f769xx.o(RESET)
    __main                                   0x080001f9   Thumb Code     0  entry.o(.ARM.Collect$$$$00000000)
    _main_stk                                0x080001f9   Thumb Code     0  entry2.o(.ARM.Collect$$$$00000001)
    _main_scatterload                        0x080001fd   Thumb Code     0  entry5.o(.ARM.Collect$$$$00000004)
    __main_after_scatterload                 0x08000201   Thumb Code     0  entry5.o(.ARM.Collect$$$$00000004)
    _main_clock                              0x08000201   Thumb Code     0  entry7b.o(.ARM.Collect$$$$00000008)
    _main_cpp_init                           0x08000201   Thumb Code     0  entry8b.o(.ARM.Collect$$$$0000000A)
    _main_init                               0x08000201   Thumb Code     0  entry9a.o(.ARM.Collect$$$$0000000B)
    __rt_final_cpp                           0x08000209   Thumb Code     0  entry10a.o(.ARM.Collect$$$$0000000D)
    __rt_final_exit                          0x08000209   Thumb Code     0  entry11a.o(.ARM.Collect$$$$0000000F)
    Reset_Handler                            0x0800020d   Thumb Code     8  startup_stm32f769xx.o(.text)
    ADC_IRQHandler                           0x08000227   Thumb Code     0  startup_stm32f769xx.o(.text)
    CAN1_RX0_IRQHandler                      0x08000227   Thumb Code     0  startup_stm32f769xx.o(.text)
    CAN1_RX1_IRQHandler                      0x08000227   Thumb Code     0  startup_stm32f769xx.o(.text)
    CAN1_SCE_IRQHandler                      0x08000227   Thumb Code     0  startup_stm32f769xx.o(.text)
    CAN1_TX_IRQHandler                       0x08000227   Thumb Code     0  startup_stm32f769xx.o(.text)
    CAN2_RX0_IRQHandler                      0x08000227   Thumb Code     0  startup_stm32f769xx.o(.text)
    CAN2_RX1_IRQHandler                      0x08000227   Thumb Code     0  startup_stm32f769xx.o(.text)
    CAN2_SCE_IRQHandler                      0x08000227   Thumb Code     0  startup_stm32f769xx.o(.text)
    CAN2_TX_IRQHandler                       0x08000227   Thumb Code     0  startup_stm32f769xx.o(.text)
    CAN3_RX0_IRQHandler                      0x08000227   Thumb Code     0  startup_stm32f769xx.o(.text)
    CAN3_RX1_IRQHandler                      0x08000227   Thumb Code     0  startup_stm32f769xx.o(.text)
    CAN3_SCE_IRQHandler                      0x08000227   Thumb Code     0  startup_stm32f769xx.o(.text)
    CAN3_TX_IRQHandler                       0x08000227   Thumb Code     0  startup_stm32f769xx.o(.text)
    CEC_IRQHandler                           0x08000227   Thumb Code     0  startup_stm32f769xx.o(.text)
    DCMI_IRQHandler                          0x08000227   Thumb Code     0  startup_stm32f769xx.o(.text)
    DFSDM1_FLT0_IRQHandler                   0x08000227   Thumb Code     0  startup_stm32f769xx.o(.text)
    DFSDM1_FLT1_IRQHandler                   0x08000227   Thumb Code     0  startup_stm32f769xx.o(.text)
    DFSDM1_FLT2_IRQHandler                   0x08000227   Thumb Code     0  startup_stm32f769xx.o(.text)
    DFSDM1_FLT3_IRQHandler                   0x08000227   Thumb Code     0  startup_stm32f769xx.o(.text)
    DMA1_Stream0_IRQHandler                  0x08000227   Thumb Code     0  startup_stm32f769xx.o(.text)
    DMA1_Stream1_IRQHandler                  0x08000227   Thumb Code     0  startup_stm32f769xx.o(.text)
    DMA1_Stream2_IRQHandler                  0x08000227   Thumb Code     0  startup_stm32f769xx.o(.text)
    DMA1_Stream3_IRQHandler                  0x08000227   Thumb Code     0  startup_stm32f769xx.o(.text)
    DMA1_Stream4_IRQHandler                  0x08000227   Thumb Code     0  startup_stm32f769xx.o(.text)
    DMA1_Stream5_IRQHandler                  0x08000227   Thumb Code     0  startup_stm32f769xx.o(.text)
    DMA1_Stream6_IRQHandler                  0x08000227   Thumb Code     0  startup_stm32f769xx.o(.text)
    DMA1_Stream7_IRQHandler                  0x08000227   Thumb Code     0  startup_stm32f769xx.o(.text)
    DMA2D_IRQHandler                         0x08000227   Thumb Code     0  startup_stm32f769xx.o(.text)
    DMA2_Stream0_IRQHandler                  0x08000227   Thumb Code     0  startup_stm32f769xx.o(.text)
    DMA2_Stream1_IRQHandler                  0x08000227   Thumb Code     0  startup_stm32f769xx.o(.text)
    DMA2_Stream2_IRQHandler                  0x08000227   Thumb Code     0  startup_stm32f769xx.o(.text)
    DMA2_Stream3_IRQHandler                  0x08000227   Thumb Code     0  startup_stm32f769xx.o(.text)
    DMA2_Stream4_IRQHandler                  0x08000227   Thumb Code     0  startup_stm32f769xx.o(.text)
    DMA2_Stream5_IRQHandler                  0x08000227   Thumb Code     0  startup_stm32f769xx.o(.text)
    DMA2_Stream6_IRQHandler                  0x08000227   Thumb Code     0  startup_stm32f769xx.o(.text)
    DMA2_Stream7_IRQHandler                  0x08000227   Thumb Code     0  startup_stm32f769xx.o(.text)
    ETH_IRQHandler                           0x08000227   Thumb Code     0  startup_stm32f769xx.o(.text)
    ETH_WKUP_IRQHandler                      0x08000227   Thumb Code     0  startup_stm32f769xx.o(.text)
    EXTI0_IRQHandler                         0x08000227   Thumb Code     0  startup_stm32f769xx.o(.text)
    EXTI15_10_IRQHandler                     0x08000227   Thumb Code     0  startup_stm32f769xx.o(.text)
    EXTI1_IRQHandler                         0x08000227   Thumb Code     0  startup_stm32f769xx.o(.text)
    EXTI2_IRQHandler                         0x08000227   Thumb Code     0  startup_stm32f769xx.o(.text)
    EXTI3_IRQHandler                         0x08000227   Thumb Code     0  startup_stm32f769xx.o(.text)
    EXTI4_IRQHandler                         0x08000227   Thumb Code     0  startup_stm32f769xx.o(.text)
    EXTI9_5_IRQHandler                       0x08000227   Thumb Code     0  startup_stm32f769xx.o(.text)
    FLASH_IRQHandler                         0x08000227   Thumb Code     0  startup_stm32f769xx.o(.text)
    FMC_IRQHandler                           0x08000227   Thumb Code     0  startup_stm32f769xx.o(.text)
    FPU_IRQHandler                           0x08000227   Thumb Code     0  startup_stm32f769xx.o(.text)
    I2C1_ER_IRQHandler                       0x08000227   Thumb Code     0  startup_stm32f769xx.o(.text)
    I2C1_EV_IRQHandler                       0x08000227   Thumb Code     0  startup_stm32f769xx.o(.text)
    I2C2_ER_IRQHandler                       0x08000227   Thumb Code     0  startup_stm32f769xx.o(.text)
    I2C2_EV_IRQHandler                       0x08000227   Thumb Code     0  startup_stm32f769xx.o(.text)
    I2C3_ER_IRQHandler                       0x08000227   Thumb Code     0  startup_stm32f769xx.o(.text)
    I2C3_EV_IRQHandler                       0x08000227   Thumb Code     0  startup_stm32f769xx.o(.text)
    I2C4_ER_IRQHandler                       0x08000227   Thumb Code     0  startup_stm32f769xx.o(.text)
    I2C4_EV_IRQHandler                       0x08000227   Thumb Code     0  startup_stm32f769xx.o(.text)
    JPEG_IRQHandler                          0x08000227   Thumb Code     0  startup_stm32f769xx.o(.text)
    LPTIM1_IRQHandler                        0x08000227   Thumb Code     0  startup_stm32f769xx.o(.text)
    LTDC_ER_IRQHandler                       0x08000227   Thumb Code     0  startup_stm32f769xx.o(.text)
    LTDC_IRQHandler                          0x08000227   Thumb Code     0  startup_stm32f769xx.o(.text)
    MDIOS_IRQHandler                         0x08000227   Thumb Code     0  startup_stm32f769xx.o(.text)
    OTG_FS_IRQHandler                        0x08000227   Thumb Code     0  startup_stm32f769xx.o(.text)
    OTG_FS_WKUP_IRQHandler                   0x08000227   Thumb Code     0  startup_stm32f769xx.o(.text)
    OTG_HS_EP1_IN_IRQHandler                 0x08000227   Thumb Code     0  startup_stm32f769xx.o(.text)
    OTG_HS_EP1_OUT_IRQHandler                0x08000227   Thumb Code     0  startup_stm32f769xx.o(.text)
    OTG_HS_IRQHandler                        0x08000227   Thumb Code     0  startup_stm32f769xx.o(.text)
    OTG_HS_WKUP_IRQHandler                   0x08000227   Thumb Code     0  startup_stm32f769xx.o(.text)
    PVD_IRQHandler                           0x08000227   Thumb Code     0  startup_stm32f769xx.o(.text)
    QUADSPI_IRQHandler                       0x08000227   Thumb Code     0  startup_stm32f769xx.o(.text)
    RCC_IRQHandler                           0x08000227   Thumb Code     0  startup_stm32f769xx.o(.text)
    RNG_IRQHandler                           0x08000227   Thumb Code     0  startup_stm32f769xx.o(.text)
    RTC_Alarm_IRQHandler                     0x08000227   Thumb Code     0  startup_stm32f769xx.o(.text)
    RTC_WKUP_IRQHandler                      0x08000227   Thumb Code     0  startup_stm32f769xx.o(.text)
    SAI1_IRQHandler                          0x08000227   Thumb Code     0  startup_stm32f769xx.o(.text)
    SAI2_IRQHandler                          0x08000227   Thumb Code     0  startup_stm32f769xx.o(.text)
    SDMMC1_IRQHandler                        0x08000227   Thumb Code     0  startup_stm32f769xx.o(.text)
    SDMMC2_IRQHandler                        0x08000227   Thumb Code     0  startup_stm32f769xx.o(.text)
    SPDIF_RX_IRQHandler                      0x08000227   Thumb Code     0  startup_stm32f769xx.o(.text)
    SPI1_IRQHandler                          0x08000227   Thumb Code     0  startup_stm32f769xx.o(.text)
    SPI2_IRQHandler                          0x08000227   Thumb Code     0  startup_stm32f769xx.o(.text)
    SPI3_IRQHandler                          0x08000227   Thumb Code     0  startup_stm32f769xx.o(.text)
    SPI4_IRQHandler                          0x08000227   Thumb Code     0  startup_stm32f769xx.o(.text)
    SPI5_IRQHandler                          0x08000227   Thumb Code     0  startup_stm32f769xx.o(.text)
    SPI6_IRQHandler                          0x08000227   Thumb Code     0  startup_stm32f769xx.o(.text)
    TAMP_STAMP_IRQHandler                    0x08000227   Thumb Code     0  startup_stm32f769xx.o(.text)
    TIM1_BRK_TIM9_IRQHandler                 0x08000227   Thumb Code     0  startup_stm32f769xx.o(.text)
    TIM1_CC_IRQHandler                       0x08000227   Thumb Code     0  startup_stm32f769xx.o(.text)
    TIM1_TRG_COM_TIM11_IRQHandler            0x08000227   Thumb Code     0  startup_stm32f769xx.o(.text)
    TIM1_UP_TIM10_IRQHandler                 0x08000227   Thumb Code     0  startup_stm32f769xx.o(.text)
    TIM2_IRQHandler                          0x08000227   Thumb Code     0  startup_stm32f769xx.o(.text)
    TIM3_IRQHandler                          0x08000227   Thumb Code     0  startup_stm32f769xx.o(.text)
    TIM4_IRQHandler                          0x08000227   Thumb Code     0  startup_stm32f769xx.o(.text)
    TIM5_IRQHandler                          0x08000227   Thumb Code     0  startup_stm32f769xx.o(.text)
    TIM6_DAC_IRQHandler                      0x08000227   Thumb Code     0  startup_stm32f769xx.o(.text)
    TIM7_IRQHandler                          0x08000227   Thumb Code     0  startup_stm32f769xx.o(.text)
    TIM8_BRK_TIM12_IRQHandler                0x08000227   Thumb Code     0  startup_stm32f769xx.o(.text)
    TIM8_CC_IRQHandler                       0x08000227   Thumb Code     0  startup_stm32f769xx.o(.text)
    TIM8_TRG_COM_TIM14_IRQHandler            0x08000227   Thumb Code     0  startup_stm32f769xx.o(.text)
    TIM8_UP_TIM13_IRQHandler                 0x08000227   Thumb Code     0  startup_stm32f769xx.o(.text)
    UART4_IRQHandler                         0x08000227   Thumb Code     0  startup_stm32f769xx.o(.text)
    UART5_IRQHandler                         0x08000227   Thumb Code     0  startup_stm32f769xx.o(.text)
    UART7_IRQHandler                         0x08000227   Thumb Code     0  startup_stm32f769xx.o(.text)
    UART8_IRQHandler                         0x08000227   Thumb Code     0  startup_stm32f769xx.o(.text)
    USART1_IRQHandler                        0x08000227   Thumb Code     0  startup_stm32f769xx.o(.text)
    USART2_IRQHandler                        0x08000227   Thumb Code     0  startup_stm32f769xx.o(.text)
    USART3_IRQHandler                        0x08000227   Thumb Code     0  startup_stm32f769xx.o(.text)
    USART6_IRQHandler                        0x08000227   Thumb Code     0  startup_stm32f769xx.o(.text)
    WWDG_IRQHandler                          0x08000227   Thumb Code     0  startup_stm32f769xx.o(.text)
    __aeabi_uldivmod                         0x08000231   Thumb Code    98  uldiv.o(.text)
    __aeabi_memset                           0x08000293   Thumb Code    14  memseta.o(.text)
    __aeabi_memset4                          0x08000293   Thumb Code     0  memseta.o(.text)
    __aeabi_memset8                          0x08000293   Thumb Code     0  memseta.o(.text)
    __aeabi_memclr                           0x080002a1   Thumb Code     4  memseta.o(.text)
    __aeabi_memclr4                          0x080002a1   Thumb Code     0  memseta.o(.text)
    __aeabi_memclr8                          0x080002a1   Thumb Code     0  memseta.o(.text)
    _memset$wrapper                          0x080002a5   Thumb Code    18  memseta.o(.text)
    __aeabi_llsl                             0x080002b7   Thumb Code    30  llshl.o(.text)
    _ll_shift_l                              0x080002b7   Thumb Code     0  llshl.o(.text)
    __aeabi_llsr                             0x080002d5   Thumb Code    32  llushr.o(.text)
    _ll_ushift_r                             0x080002d5   Thumb Code     0  llushr.o(.text)
    __scatterload                            0x080002f5   Thumb Code    28  init.o(.text)
    __scatterload_rt2                        0x080002f5   Thumb Code     0  init.o(.text)
    BSP_LCD_DisplayChar                      0x08000319   Thumb Code   774  stm32f769i_discovery_lcd.o(.text.BSP_LCD_DisplayChar)
    BSP_LCD_DisplayStringAtLine              0x08000621   Thumb Code   148  stm32f769i_discovery_lcd.o(.text.BSP_LCD_DisplayStringAtLine)
    BSP_LCD_FillRect                         0x080006b9   Thumb Code   176  stm32f769i_discovery_lcd.o(.text.BSP_LCD_FillRect)
    BSP_LCD_LayerDefaultInit                 0x08000769   Thumb Code   114  stm32f769i_discovery_lcd.o(.text.BSP_LCD_LayerDefaultInit)
    BSP_LCD_MspInit                          0x080007e1   Thumb Code   176  stm32f769i_discovery_lcd.o(.text.BSP_LCD_MspInit)
    BSP_LCD_Reset                            0x08000891   Thumb Code   102  stm32f769i_discovery_lcd.o(.text.BSP_LCD_Reset)
    BSP_LCD_SelectLayer                      0x080008f9   Thumb Code    12  stm32f769i_discovery_lcd.o(.text.BSP_LCD_SelectLayer)
    BSP_LCD_SetBackColor                     0x08000909   Thumb Code    22  stm32f769i_discovery_lcd.o(.text.BSP_LCD_SetBackColor)
    BSP_LCD_SetFont                          0x08000921   Thumb Code    22  stm32f769i_discovery_lcd.o(.text.BSP_LCD_SetFont)
    BSP_LCD_SetTextColor                     0x08000939   Thumb Code    22  stm32f769i_discovery_lcd.o(.text.BSP_LCD_SetTextColor)
    BSP_LED_Init                             0x08000951   Thumb Code    70  stm32f769i_discovery.o(.text.BSP_LED_Init)
    BSP_SDRAM_Init                           0x08000999   Thumb Code   262  stm32f769i_discovery_sdram.o(.text.BSP_SDRAM_Init)
    BSP_SDRAM_MspInit                        0x08000aa1   Thumb Code   380  stm32f769i_discovery_sdram.o(.text.BSP_SDRAM_MspInit)
    BusFault_Handler                         0x08000c21   Thumb Code     2  stm32f7xx_it.o(.text.BusFault_Handler)
    DSI_IO_WriteCmd                          0x08000c29   Thumb Code    80  stm32f769i_discovery_lcd.o(.text.DSI_IO_WriteCmd)
    DSI_IRQHandler                           0x08000c79   Thumb Code    12  stm32f7xx_it.o(.text.DSI_IRQHandler)
    DebugMon_Handler                         0x08000c89   Thumb Code     2  stm32f7xx_it.o(.text.DebugMon_Handler)
    FMC_SDRAM_Init                           0x08000c91   Thumb Code   146  stm32f7xx_ll_fmc.o(.text.FMC_SDRAM_Init)
    FMC_SDRAM_ProgramRefreshRate             0x08000d29   Thumb Code    22  stm32f7xx_ll_fmc.o(.text.FMC_SDRAM_ProgramRefreshRate)
    FMC_SDRAM_SendCommand                    0x08000d41   Thumb Code    46  stm32f7xx_ll_fmc.o(.text.FMC_SDRAM_SendCommand)
    FMC_SDRAM_Timing_Init                    0x08000d71   Thumb Code   218  stm32f7xx_ll_fmc.o(.text.FMC_SDRAM_Timing_Init)
    HAL_DMA2D_ConfigLayer                    0x08000e51   Thumb Code   176  stm32f7xx_hal_dma2d.o(.text.HAL_DMA2D_ConfigLayer)
    HAL_DMA2D_Init                           0x08000f01   Thumb Code   104  stm32f7xx_hal_dma2d.o(.text.HAL_DMA2D_Init)
    HAL_DMA2D_MspInit                        0x08000f69   Thumb Code     2  stm32f7xx_hal_dma2d.o(.text.HAL_DMA2D_MspInit)
    HAL_DMA2D_PollForTransfer                0x08000f71   Thumb Code   486  stm32f7xx_hal_dma2d.o(.text.HAL_DMA2D_PollForTransfer)
    HAL_DMA2D_Start                          0x08001159   Thumb Code   220  stm32f7xx_hal_dma2d.o(.text.HAL_DMA2D_Start)
    HAL_DMA_DeInit                           0x08001239   Thumb Code   138  stm32f7xx_hal_dma.o(.text.HAL_DMA_DeInit)
    HAL_DMA_Init                             0x080012c9   Thumb Code   346  stm32f7xx_hal_dma.o(.text.HAL_DMA_Init)
    HAL_DSI_ConfigAdaptedCommandMode         0x08001429   Thumb Code   236  stm32f7xx_hal_dsi.o(.text.HAL_DSI_ConfigAdaptedCommandMode)
    HAL_DSI_ConfigCommand                    0x08001519   Thumb Code   144  stm32f7xx_hal_dsi.o(.text.HAL_DSI_ConfigCommand)
    HAL_DSI_ConfigFlowControl                0x080015a9   Thumb Code    36  stm32f7xx_hal_dsi.o(.text.HAL_DSI_ConfigFlowControl)
    HAL_DSI_ConfigPhyTimer                   0x080015d1   Thumb Code   122  stm32f7xx_hal_dsi.o(.text.HAL_DSI_ConfigPhyTimer)
    HAL_DSI_DeInit                           0x08001651   Thumb Code   156  stm32f7xx_hal_dsi.o(.text.HAL_DSI_DeInit)
    HAL_DSI_EndOfRefreshCallback             0x080016f1   Thumb Code   154  main.o(.text.HAL_DSI_EndOfRefreshCallback)
    HAL_DSI_ErrorCallback                    0x08001791   Thumb Code     2  stm32f7xx_hal_dsi.o(.text.HAL_DSI_ErrorCallback)
    HAL_DSI_IRQHandler                       0x08001799   Thumb Code   282  stm32f7xx_hal_dsi.o(.text.HAL_DSI_IRQHandler)
    HAL_DSI_Init                             0x080018b9   Thumb Code   506  stm32f7xx_hal_dsi.o(.text.HAL_DSI_Init)
    HAL_DSI_LongWrite                        0x08001ab9   Thumb Code   394  stm32f7xx_hal_dsi.o(.text.HAL_DSI_LongWrite)
    HAL_DSI_MspDeInit                        0x08001c49   Thumb Code     2  stm32f7xx_hal_dsi.o(.text.HAL_DSI_MspDeInit)
    HAL_DSI_MspInit                          0x08001c51   Thumb Code     2  stm32f7xx_hal_dsi.o(.text.HAL_DSI_MspInit)
    HAL_DSI_Refresh                          0x08001c59   Thumb Code    34  stm32f7xx_hal_dsi.o(.text.HAL_DSI_Refresh)
    HAL_DSI_ShortWrite                       0x08001c81   Thumb Code   102  stm32f7xx_hal_dsi.o(.text.HAL_DSI_ShortWrite)
    HAL_DSI_Start                            0x08001ce9   Thumb Code    72  stm32f7xx_hal_dsi.o(.text.HAL_DSI_Start)
    HAL_DSI_TearingEffectCallback            0x08001d31   Thumb Code     2  stm32f7xx_hal_dsi.o(.text.HAL_DSI_TearingEffectCallback)
    HAL_Delay                                0x08001d39   Thumb Code    40  stm32f7xx_hal.o(.text.HAL_Delay)
    HAL_GPIO_Init                            0x08001d61   Thumb Code   422  stm32f7xx_hal_gpio.o(.text.HAL_GPIO_Init)
    HAL_GPIO_WritePin                        0x08001f09   Thumb Code    10  stm32f7xx_hal_gpio.o(.text.HAL_GPIO_WritePin)
    HAL_GetTick                              0x08001f19   Thumb Code    12  stm32f7xx_hal.o(.text.HAL_GetTick)
    HAL_IncTick                              0x08001f29   Thumb Code    26  stm32f7xx_hal.o(.text.HAL_IncTick)
    HAL_Init                                 0x08001f49   Thumb Code    46  stm32f7xx_hal.o(.text.HAL_Init)
    HAL_InitTick                             0x08001f79   Thumb Code    72  stm32f7xx_hal.o(.text.HAL_InitTick)
    HAL_LTDC_ConfigLayer                     0x08001fc1   Thumb Code   118  stm32f7xx_hal_ltdc.o(.text.HAL_LTDC_ConfigLayer)
    HAL_LTDC_DeInit                          0x08002039   Thumb Code   104  stm32f7xx_hal_ltdc.o(.text.HAL_LTDC_DeInit)
    HAL_LTDC_Init                            0x080020a1   Thumb Code   220  stm32f7xx_hal_ltdc.o(.text.HAL_LTDC_Init)
    HAL_LTDC_MspDeInit                       0x08002181   Thumb Code     2  stm32f7xx_hal_ltdc.o(.text.HAL_LTDC_MspDeInit)
    HAL_LTDC_MspInit                         0x08002189   Thumb Code     2  stm32f7xx_hal_ltdc.o(.text.HAL_LTDC_MspInit)
    HAL_MPU_ConfigRegion                     0x08002191   Thumb Code    94  stm32f7xx_hal_cortex.o(.text.HAL_MPU_ConfigRegion)
    HAL_MPU_Disable                          0x080021f1   Thumb Code    26  stm32f7xx_hal_cortex.o(.text.HAL_MPU_Disable)
    HAL_MPU_Enable                           0x08002211   Thumb Code    32  stm32f7xx_hal_cortex.o(.text.HAL_MPU_Enable)
    HAL_MspInit                              0x08002231   Thumb Code     2  stm32f7xx_hal.o(.text.HAL_MspInit)
    HAL_NVIC_EnableIRQ                       0x08002239   Thumb Code    38  stm32f7xx_hal_cortex.o(.text.HAL_NVIC_EnableIRQ)
    HAL_NVIC_SetPriority                     0x08002261   Thumb Code    90  stm32f7xx_hal_cortex.o(.text.HAL_NVIC_SetPriority)
    HAL_NVIC_SetPriorityGrouping             0x080022c1   Thumb Code    32  stm32f7xx_hal_cortex.o(.text.HAL_NVIC_SetPriorityGrouping)
    HAL_PWREx_EnableOverDrive                0x080022e1   Thumb Code   118  stm32f7xx_hal_pwr_ex.o(.text.HAL_PWREx_EnableOverDrive)
    HAL_RCCEx_PeriphCLKConfig                0x08002359   Thumb Code  1490  stm32f7xx_hal_rcc_ex.o(.text.HAL_RCCEx_PeriphCLKConfig)
    HAL_RCC_ClockConfig                      0x08002931   Thumb Code   490  stm32f7xx_hal_rcc.o(.text.HAL_RCC_ClockConfig)
    HAL_RCC_OscConfig                        0x08002b21   Thumb Code   920  stm32f7xx_hal_rcc.o(.text.HAL_RCC_OscConfig)
    HAL_SDRAM_Init                           0x08002eb9   Thumb Code    64  stm32f7xx_hal_sdram.o(.text.HAL_SDRAM_Init)
    HAL_SDRAM_MspInit                        0x08002ef9   Thumb Code     2  stm32f7xx_hal_sdram.o(.text.HAL_SDRAM_MspInit)
    HAL_SDRAM_ProgramRefreshRate             0x08002f01   Thumb Code    48  stm32f7xx_hal_sdram.o(.text.HAL_SDRAM_ProgramRefreshRate)
    HAL_SDRAM_SendCommand                    0x08002f31   Thumb Code    58  stm32f7xx_hal_sdram.o(.text.HAL_SDRAM_SendCommand)
    HAL_SYSTICK_Config                       0x08002f71   Thumb Code    46  stm32f7xx_hal_cortex.o(.text.HAL_SYSTICK_Config)
    HardFault_Handler                        0x08002fa1   Thumb Code     2  stm32f7xx_it.o(.text.HardFault_Handler)
    MemManage_Handler                        0x080030d1   Thumb Code     2  stm32f7xx_it.o(.text.MemManage_Handler)
    NMI_Handler                              0x080030d9   Thumb Code     2  stm32f7xx_it.o(.text.NMI_Handler)
    OTM8009A_IO_Delay                        0x080030e1   Thumb Code     4  stm32f769i_discovery.o(.text.OTM8009A_IO_Delay)
    OTM8009A_Init                            0x080030e9   Thumb Code  1356  otm8009a.o(.text.OTM8009A_Init)
    PendSV_Handler                           0x08003639   Thumb Code     2  stm32f7xx_it.o(.text.PendSV_Handler)
    SVC_Handler                              0x08003641   Thumb Code     2  stm32f7xx_it.o(.text.SVC_Handler)
    SysTick_Handler                          0x08003649   Thumb Code     4  stm32f7xx_it.o(.text.SysTick_Handler)
    SystemInit                               0x08003651   Thumb Code    86  system_stm32f7xx.o(.text.SystemInit)
    UsageFault_Handler                       0x080036a9   Thumb Code     2  stm32f7xx_it.o(.text.UsageFault_Handler)
    main                                     0x080036b1   Thumb Code  1516  main.o(.text.main)
    __scatterload_copy                       0x08003cf1   Thumb Code    14  handlers.o(i.__scatterload_copy)
    __scatterload_null                       0x08003cff   Thumb Code     2  handlers.o(i.__scatterload_null)
    __scatterload_zeroinit                   0x08003d01   Thumb Code    14  handlers.o(i.__scatterload_zeroinit)
    AHBPrescTable                            0x08003d0e   Data          16  system_stm32f7xx.o(.rodata.AHBPrescTable)
    Font16_Table                             0x08003d1e   Data        3040  stm32f769i_discovery_lcd.o(.rodata.Font16_Table)
    Font24_Table                             0x080048fe   Data        6840  stm32f769i_discovery_lcd.o(.rodata.Font24_Table)
    ShortRegData1                            0x080063c0   Data           2  otm8009a.o(.rodata.ShortRegData1)
    ShortRegData10                           0x080063c2   Data           2  otm8009a.o(.rodata.ShortRegData10)
    ShortRegData11                           0x080063c4   Data           2  otm8009a.o(.rodata.ShortRegData11)
    ShortRegData12                           0x080063c6   Data           2  otm8009a.o(.rodata.ShortRegData12)
    ShortRegData13                           0x080063c8   Data           2  otm8009a.o(.rodata.ShortRegData13)
    ShortRegData14                           0x080063ca   Data           2  otm8009a.o(.rodata.ShortRegData14)
    ShortRegData15                           0x080063cc   Data           2  otm8009a.o(.rodata.ShortRegData15)
    ShortRegData16                           0x080063ce   Data           2  otm8009a.o(.rodata.ShortRegData16)
    ShortRegData17                           0x080063d0   Data           2  otm8009a.o(.rodata.ShortRegData17)
    ShortRegData18                           0x080063d2   Data           2  otm8009a.o(.rodata.ShortRegData18)
    ShortRegData19                           0x080063d4   Data           2  otm8009a.o(.rodata.ShortRegData19)
    ShortRegData2                            0x080063d6   Data           2  otm8009a.o(.rodata.ShortRegData2)
    ShortRegData20                           0x080063d8   Data           2  otm8009a.o(.rodata.ShortRegData20)
    ShortRegData21                           0x080063da   Data           2  otm8009a.o(.rodata.ShortRegData21)
    ShortRegData22                           0x080063dc   Data           2  otm8009a.o(.rodata.ShortRegData22)
    ShortRegData23                           0x080063de   Data           2  otm8009a.o(.rodata.ShortRegData23)
    ShortRegData24                           0x080063e0   Data           2  otm8009a.o(.rodata.ShortRegData24)
    ShortRegData25                           0x080063e2   Data           2  otm8009a.o(.rodata.ShortRegData25)
    ShortRegData26                           0x080063e4   Data           2  otm8009a.o(.rodata.ShortRegData26)
    ShortRegData27                           0x080063e6   Data           2  otm8009a.o(.rodata.ShortRegData27)
    ShortRegData28                           0x080063e8   Data           2  otm8009a.o(.rodata.ShortRegData28)
    ShortRegData29                           0x080063ea   Data           2  otm8009a.o(.rodata.ShortRegData29)
    ShortRegData3                            0x080063ec   Data           2  otm8009a.o(.rodata.ShortRegData3)
    ShortRegData30                           0x080063ee   Data           2  otm8009a.o(.rodata.ShortRegData30)
    ShortRegData31                           0x080063f0   Data           2  otm8009a.o(.rodata.ShortRegData31)
    ShortRegData32                           0x080063f2   Data           2  otm8009a.o(.rodata.ShortRegData32)
    ShortRegData33                           0x080063f4   Data           2  otm8009a.o(.rodata.ShortRegData33)
    ShortRegData34                           0x080063f6   Data           2  otm8009a.o(.rodata.ShortRegData34)
    ShortRegData35                           0x080063f8   Data           2  otm8009a.o(.rodata.ShortRegData35)
    ShortRegData36                           0x080063fa   Data           2  otm8009a.o(.rodata.ShortRegData36)
    ShortRegData37                           0x080063fc   Data           2  otm8009a.o(.rodata.ShortRegData37)
    ShortRegData38                           0x080063fe   Data           2  otm8009a.o(.rodata.ShortRegData38)
    ShortRegData39                           0x08006400   Data           2  otm8009a.o(.rodata.ShortRegData39)
    ShortRegData4                            0x08006402   Data           2  otm8009a.o(.rodata.ShortRegData4)
    ShortRegData40                           0x08006404   Data           2  otm8009a.o(.rodata.ShortRegData40)
    ShortRegData41                           0x08006406   Data           2  otm8009a.o(.rodata.ShortRegData41)
    ShortRegData42                           0x08006408   Data           2  otm8009a.o(.rodata.ShortRegData42)
    ShortRegData43                           0x0800640a   Data           2  otm8009a.o(.rodata.ShortRegData43)
    ShortRegData44                           0x0800640c   Data           2  otm8009a.o(.rodata.ShortRegData44)
    ShortRegData45                           0x0800640e   Data           2  otm8009a.o(.rodata.ShortRegData45)
    ShortRegData46                           0x08006410   Data           2  otm8009a.o(.rodata.ShortRegData46)
    ShortRegData47                           0x08006412   Data           2  otm8009a.o(.rodata.ShortRegData47)
    ShortRegData48                           0x08006414   Data           2  otm8009a.o(.rodata.ShortRegData48)
    ShortRegData49                           0x08006416   Data           2  otm8009a.o(.rodata.ShortRegData49)
    ShortRegData5                            0x08006418   Data           2  otm8009a.o(.rodata.ShortRegData5)
    ShortRegData50                           0x0800641a   Data           2  otm8009a.o(.rodata.ShortRegData50)
    ShortRegData51                           0x0800641c   Data           2  otm8009a.o(.rodata.ShortRegData51)
    ShortRegData6                            0x0800641e   Data           2  otm8009a.o(.rodata.ShortRegData6)
    ShortRegData7                            0x08006420   Data           2  otm8009a.o(.rodata.ShortRegData7)
    ShortRegData8                            0x08006422   Data           2  otm8009a.o(.rodata.ShortRegData8)
    ShortRegData9                            0x08006424   Data           2  otm8009a.o(.rodata.ShortRegData9)
    image_320x240_argb8888                   0x08006458   Data       307200  main.o(.rodata.image_320x240_argb8888)
    lcdRegData1                              0x08051458   Data           4  otm8009a.o(.rodata.lcdRegData1)
    lcdRegData10                             0x0805145c   Data          11  otm8009a.o(.rodata.lcdRegData10)
    lcdRegData11                             0x08051467   Data          11  otm8009a.o(.rodata.lcdRegData11)
    lcdRegData12                             0x08051472   Data          16  otm8009a.o(.rodata.lcdRegData12)
    lcdRegData13                             0x08051482   Data          16  otm8009a.o(.rodata.lcdRegData13)
    lcdRegData14                             0x08051492   Data          11  otm8009a.o(.rodata.lcdRegData14)
    lcdRegData15                             0x0805149d   Data          16  otm8009a.o(.rodata.lcdRegData15)
    lcdRegData16                             0x080514ad   Data          16  otm8009a.o(.rodata.lcdRegData16)
    lcdRegData17                             0x080514bd   Data          11  otm8009a.o(.rodata.lcdRegData17)
    lcdRegData18                             0x080514c8   Data          11  otm8009a.o(.rodata.lcdRegData18)
    lcdRegData19                             0x080514d3   Data          11  otm8009a.o(.rodata.lcdRegData19)
    lcdRegData2                              0x080514de   Data           3  otm8009a.o(.rodata.lcdRegData2)
    lcdRegData20                             0x080514e1   Data          16  otm8009a.o(.rodata.lcdRegData20)
    lcdRegData21                             0x080514f1   Data          16  otm8009a.o(.rodata.lcdRegData21)
    lcdRegData22                             0x08051501   Data          11  otm8009a.o(.rodata.lcdRegData22)
    lcdRegData23                             0x0805150c   Data          16  otm8009a.o(.rodata.lcdRegData23)
    lcdRegData24                             0x0805151c   Data          16  otm8009a.o(.rodata.lcdRegData24)
    lcdRegData25                             0x0805152c   Data           4  otm8009a.o(.rodata.lcdRegData25)
    lcdRegData27                             0x08051530   Data           5  otm8009a.o(.rodata.lcdRegData27)
    lcdRegData28                             0x08051535   Data           5  otm8009a.o(.rodata.lcdRegData28)
    lcdRegData3                              0x0805153a   Data          17  otm8009a.o(.rodata.lcdRegData3)
    lcdRegData4                              0x0805154b   Data          17  otm8009a.o(.rodata.lcdRegData4)
    lcdRegData5                              0x0805155c   Data           3  otm8009a.o(.rodata.lcdRegData5)
    lcdRegData6                              0x0805155f   Data           3  otm8009a.o(.rodata.lcdRegData6)
    lcdRegData7                              0x08051562   Data           7  otm8009a.o(.rodata.lcdRegData7)
    lcdRegData8                              0x08051569   Data          15  otm8009a.o(.rodata.lcdRegData8)
    lcdRegData9                              0x08051578   Data          15  otm8009a.o(.rodata.lcdRegData9)
    life_augmented_argb8888                  0x08051588   Data       307200  main.o(.rodata.life_augmented_argb8888)
    Region$$Table$$Base                      0x0809c5d0   Number         0  anon$$obj.o(Region$$Table)
    Region$$Table$$Limit                     0x0809c5f0   Number         0  anon$$obj.o(Region$$Table)
    GPIO_PIN                                 0x20000000   Data           8  stm32f769i_discovery.o(.data..L_MergedGlobals)
    GPIO_PORT                                0x20000008   Data           8  stm32f769i_discovery.o(.data..L_MergedGlobals)
    lcd_x_size                               0x20000010   Data           4  stm32f769i_discovery_lcd.o(.data..L_MergedGlobals)
    lcd_y_size                               0x20000014   Data           4  stm32f769i_discovery_lcd.o(.data..L_MergedGlobals)
    Font24                                   0x20000018   Data           8  stm32f769i_discovery_lcd.o(.data..L_MergedGlobals)
    uwTickFreq                               0x20000020   Data           1  stm32f7xx_hal.o(.data..L_MergedGlobals)
    uwTickPrio                               0x20000024   Data           4  stm32f7xx_hal.o(.data..L_MergedGlobals)
    Font16                                   0x20000028   Data           8  stm32f769i_discovery_lcd.o(.data.Font16)
    SystemCoreClock                          0x20000030   Data           4  system_stm32f7xx.o(.data.SystemCoreClock)
    sdramHandle                              0x20000068   Data          52  stm32f769i_discovery_sdram.o(.bss..L_MergedGlobals)
    dsiPllInit                               0x200000a4   Data          12  main.o(.bss..L_MergedGlobals)
    CmdCfg                                   0x200000b0   Data          44  main.o(.bss..L_MergedGlobals)
    LPCmd                                    0x200000dc   Data          52  main.o(.bss..L_MergedGlobals)
    Lcd_Driver_Type                          0x20000110   Data           1  stm32f769i_discovery_lcd.o(.bss..L_MergedGlobals.1)
    hdsi_discovery                           0x20000130   Data          28  stm32f769i_discovery_lcd.o(.bss..L_MergedGlobals.1)
    hdma2d_discovery                         0x20000294   Data          88  stm32f769i_discovery_lcd.o(.bss.hdma2d_discovery)
    hltdc_discovery                          0x200002ec   Data         168  stm32f769i_discovery_lcd.o(.bss.hltdc_discovery)
    uwTick                                   0x20000394   Data           4  stm32f7xx_hal.o(.bss.uwTick)
    __initial_sp                             0x20000798   Data           0  startup_stm32f769xx.o(STACK)



==============================================================================

Memory Map of the image

  Image Entry point : 0x080001f9

  Load Region LR_IROM1 (Base: 0x08000000, Size: 0x0009c628, Max: 0x00200000, ABSOLUTE)

    Execution Region ER_IROM1 (Exec base: 0x08000000, Load base: 0x08000000, Size: 0x0009c5f0, Max: 0x00200000, ABSOLUTE)

    Exec Addr    Load Addr    Size         Type   Attr      Idx    E Section Name        Object

    0x08000000   0x08000000   0x000001f8   Data   RO            3    RESET               startup_stm32f769xx.o
    0x080001f8   0x080001f8   0x00000000   Code   RO         1551  * .ARM.Collect$$$$00000000  mc_w.l(entry.o)
    0x080001f8   0x080001f8   0x00000004   Code   RO         1558    .ARM.Collect$$$$00000001  mc_w.l(entry2.o)
    0x080001fc   0x080001fc   0x00000004   Code   RO         1561    .ARM.Collect$$$$00000004  mc_w.l(entry5.o)
    0x08000200   0x08000200   0x00000000   Code   RO         1563    .ARM.Collect$$$$00000008  mc_w.l(entry7b.o)
    0x08000200   0x08000200   0x00000000   Code   RO         1565    .ARM.Collect$$$$0000000A  mc_w.l(entry8b.o)
    0x08000200   0x08000200   0x00000008   Code   RO         1566    .ARM.Collect$$$$0000000B  mc_w.l(entry9a.o)
    0x08000208   0x08000208   0x00000000   Code   RO         1568    .ARM.Collect$$$$0000000D  mc_w.l(entry10a.o)
    0x08000208   0x08000208   0x00000000   Code   RO         1570    .ARM.Collect$$$$0000000F  mc_w.l(entry11a.o)
    0x08000208   0x08000208   0x00000004   Code   RO         1559    .ARM.Collect$$$$00002712  mc_w.l(entry2.o)
    0x0800020c   0x0800020c   0x00000024   Code   RO            4    .text               startup_stm32f769xx.o
    0x08000230   0x08000230   0x00000062   Code   RO         1554    .text               mc_w.l(uldiv.o)
    0x08000292   0x08000292   0x00000024   Code   RO         1556    .text               mc_w.l(memseta.o)
    0x080002b6   0x080002b6   0x0000001e   Code   RO         1572    .text               mc_w.l(llshl.o)
    0x080002d4   0x080002d4   0x00000020   Code   RO         1574    .text               mc_w.l(llushr.o)
    0x080002f4   0x080002f4   0x00000024   Code   RO         1576    .text               mc_w.l(init.o)
    0x08000318   0x08000318   0x00000306   Code   RO          170    .text.BSP_LCD_DisplayChar  stm32f769i_discovery_lcd.o
    0x0800061e   0x0800061e   0x00000002   PAD
    0x08000620   0x08000620   0x00000094   Code   RO          174    .text.BSP_LCD_DisplayStringAtLine  stm32f769i_discovery_lcd.o
    0x080006b4   0x080006b4   0x00000004   PAD
    0x080006b8   0x080006b8   0x000000b0   Code   RO          168    .text.BSP_LCD_FillRect  stm32f769i_discovery_lcd.o
    0x08000768   0x08000768   0x00000072   Code   RO          136    .text.BSP_LCD_LayerDefaultInit  stm32f769i_discovery_lcd.o
    0x080007da   0x080007da   0x00000006   PAD
    0x080007e0   0x080007e0   0x000000b0   Code   RO          124    .text.BSP_LCD_MspInit  stm32f769i_discovery_lcd.o
    0x08000890   0x08000890   0x00000066   Code   RO          122    .text.BSP_LCD_Reset  stm32f769i_discovery_lcd.o
    0x080008f6   0x080008f6   0x00000002   PAD
    0x080008f8   0x080008f8   0x0000000c   Code   RO          138    .text.BSP_LCD_SelectLayer  stm32f769i_discovery_lcd.o
    0x08000904   0x08000904   0x00000004   PAD
    0x08000908   0x08000908   0x00000016   Code   RO          156    .text.BSP_LCD_SetBackColor  stm32f769i_discovery_lcd.o
    0x0800091e   0x0800091e   0x00000002   PAD
    0x08000920   0x08000920   0x00000016   Code   RO          126    .text.BSP_LCD_SetFont  stm32f769i_discovery_lcd.o
    0x08000936   0x08000936   0x00000002   PAD
    0x08000938   0x08000938   0x00000016   Code   RO          152    .text.BSP_LCD_SetTextColor  stm32f769i_discovery_lcd.o
    0x0800094e   0x0800094e   0x00000002   PAD
    0x08000950   0x08000950   0x00000046   Code   RO           13    .text.BSP_LED_Init  stm32f769i_discovery.o
    0x08000996   0x08000996   0x00000002   PAD
    0x08000998   0x08000998   0x00000106   Code   RO           87    .text.BSP_SDRAM_Init  stm32f769i_discovery_sdram.o
    0x08000a9e   0x08000a9e   0x00000002   PAD
    0x08000aa0   0x08000aa0   0x0000017c   Code   RO           89    .text.BSP_SDRAM_MspInit  stm32f769i_discovery_sdram.o
    0x08000c1c   0x08000c1c   0x00000004   PAD
    0x08000c20   0x08000c20   0x00000002   Code   RO         1531    .text.BusFault_Handler  stm32f7xx_it.o
    0x08000c22   0x08000c22   0x00000006   PAD
    0x08000c28   0x08000c28   0x00000050   Code   RO          208    .text.DSI_IO_WriteCmd  stm32f769i_discovery_lcd.o
    0x08000c78   0x08000c78   0x0000000c   Code   RO         1543    .text.DSI_IRQHandler  stm32f7xx_it.o
    0x08000c84   0x08000c84   0x00000004   PAD
    0x08000c88   0x08000c88   0x00000002   Code   RO         1537    .text.DebugMon_Handler  stm32f7xx_it.o
    0x08000c8a   0x08000c8a   0x00000006   PAD
    0x08000c90   0x08000c90   0x00000092   Code   RO          524    .text.FMC_SDRAM_Init  stm32f7xx_ll_fmc.o
    0x08000d22   0x08000d22   0x00000006   PAD
    0x08000d28   0x08000d28   0x00000016   Code   RO          536    .text.FMC_SDRAM_ProgramRefreshRate  stm32f7xx_ll_fmc.o
    0x08000d3e   0x08000d3e   0x00000002   PAD
    0x08000d40   0x08000d40   0x0000002e   Code   RO          534    .text.FMC_SDRAM_SendCommand  stm32f7xx_ll_fmc.o
    0x08000d6e   0x08000d6e   0x00000002   PAD
    0x08000d70   0x08000d70   0x000000da   Code   RO          526    .text.FMC_SDRAM_Timing_Init  stm32f7xx_ll_fmc.o
    0x08000e4a   0x08000e4a   0x00000006   PAD
    0x08000e50   0x08000e50   0x000000b0   Code   RO          946    .text.HAL_DMA2D_ConfigLayer  stm32f7xx_hal_dma2d.o
    0x08000f00   0x08000f00   0x00000068   Code   RO          900    .text.HAL_DMA2D_Init  stm32f7xx_hal_dma2d.o
    0x08000f68   0x08000f68   0x00000002   Code   RO          902    .text.HAL_DMA2D_MspInit  stm32f7xx_hal_dma2d.o
    0x08000f6a   0x08000f6a   0x00000006   PAD
    0x08000f70   0x08000f70   0x000001e6   Code   RO          938    .text.HAL_DMA2D_PollForTransfer  stm32f7xx_hal_dma2d.o
    0x08001156   0x08001156   0x00000002   PAD
    0x08001158   0x08001158   0x000000dc   Code   RO          912    .text.HAL_DMA2D_Start  stm32f7xx_hal_dma2d.o
    0x08001234   0x08001234   0x00000004   PAD
    0x08001238   0x08001238   0x0000008a   Code   RO         1215    .text.HAL_DMA_DeInit  stm32f7xx_hal_dma.o
    0x080012c2   0x080012c2   0x00000006   PAD
    0x080012c8   0x080012c8   0x0000015a   Code   RO         1213    .text.HAL_DMA_Init  stm32f7xx_hal_dma.o
    0x08001422   0x08001422   0x00000006   PAD
    0x08001428   0x08001428   0x000000ec   Code   RO          644    .text.HAL_DSI_ConfigAdaptedCommandMode  stm32f7xx_hal_dsi.o
    0x08001514   0x08001514   0x00000004   PAD
    0x08001518   0x08001518   0x00000090   Code   RO          646    .text.HAL_DSI_ConfigCommand  stm32f7xx_hal_dsi.o
    0x080015a8   0x080015a8   0x00000024   Code   RO          648    .text.HAL_DSI_ConfigFlowControl  stm32f7xx_hal_dsi.o
    0x080015cc   0x080015cc   0x00000004   PAD
    0x080015d0   0x080015d0   0x0000007a   Code   RO          650    .text.HAL_DSI_ConfigPhyTimer  stm32f7xx_hal_dsi.o
    0x0800164a   0x0800164a   0x00000006   PAD
    0x08001650   0x08001650   0x0000009c   Code   RO          626    .text.HAL_DSI_DeInit  stm32f7xx_hal_dsi.o
    0x080016ec   0x080016ec   0x00000004   PAD
    0x080016f0   0x080016f0   0x0000009a   Code   RO         1502    .text.HAL_DSI_EndOfRefreshCallback  main.o
    0x0800178a   0x0800178a   0x00000006   PAD
    0x08001790   0x08001790   0x00000002   Code   RO          638    .text.HAL_DSI_ErrorCallback  stm32f7xx_hal_dsi.o
    0x08001792   0x08001792   0x00000006   PAD
    0x08001798   0x08001798   0x0000011a   Code   RO          632    .text.HAL_DSI_IRQHandler  stm32f7xx_hal_dsi.o
    0x080018b2   0x080018b2   0x00000006   PAD
    0x080018b8   0x080018b8   0x000001fa   Code   RO          622    .text.HAL_DSI_Init  stm32f7xx_hal_dsi.o
    0x08001ab2   0x08001ab2   0x00000006   PAD
    0x08001ab8   0x08001ab8   0x0000018a   Code   RO          666    .text.HAL_DSI_LongWrite  stm32f7xx_hal_dsi.o
    0x08001c42   0x08001c42   0x00000006   PAD
    0x08001c48   0x08001c48   0x00000002   Code   RO          628    .text.HAL_DSI_MspDeInit  stm32f7xx_hal_dsi.o
    0x08001c4a   0x08001c4a   0x00000006   PAD
    0x08001c50   0x08001c50   0x00000002   Code   RO          624    .text.HAL_DSI_MspInit  stm32f7xx_hal_dsi.o
    0x08001c52   0x08001c52   0x00000006   PAD
    0x08001c58   0x08001c58   0x00000022   Code   RO          658    .text.HAL_DSI_Refresh  stm32f7xx_hal_dsi.o
    0x08001c7a   0x08001c7a   0x00000006   PAD
    0x08001c80   0x08001c80   0x00000066   Code   RO          664    .text.HAL_DSI_ShortWrite  stm32f7xx_hal_dsi.o
    0x08001ce6   0x08001ce6   0x00000002   PAD
    0x08001ce8   0x08001ce8   0x00000048   Code   RO          654    .text.HAL_DSI_Start  stm32f7xx_hal_dsi.o
    0x08001d30   0x08001d30   0x00000002   Code   RO          634    .text.HAL_DSI_TearingEffectCallback  stm32f7xx_hal_dsi.o
    0x08001d32   0x08001d32   0x00000006   PAD
    0x08001d38   0x08001d38   0x00000028   Code   RO         1314    .text.HAL_Delay     stm32f7xx_hal.o
    0x08001d60   0x08001d60   0x000001a6   Code   RO          750    .text.HAL_GPIO_Init  stm32f7xx_hal_gpio.o
    0x08001f06   0x08001f06   0x00000002   PAD
    0x08001f08   0x08001f08   0x0000000a   Code   RO          756    .text.HAL_GPIO_WritePin  stm32f7xx_hal_gpio.o
    0x08001f12   0x08001f12   0x00000006   PAD
    0x08001f18   0x08001f18   0x0000000c   Code   RO         1306    .text.HAL_GetTick   stm32f7xx_hal.o
    0x08001f24   0x08001f24   0x00000004   PAD
    0x08001f28   0x08001f28   0x0000001a   Code   RO         1304    .text.HAL_IncTick   stm32f7xx_hal.o
    0x08001f42   0x08001f42   0x00000006   PAD
    0x08001f48   0x08001f48   0x0000002e   Code   RO         1294    .text.HAL_Init      stm32f7xx_hal.o
    0x08001f76   0x08001f76   0x00000002   PAD
    0x08001f78   0x08001f78   0x00000048   Code   RO         1296    .text.HAL_InitTick  stm32f7xx_hal.o
    0x08001fc0   0x08001fc0   0x00000076   Code   RO          986    .text.HAL_LTDC_ConfigLayer  stm32f7xx_hal_ltdc.o
    0x08002036   0x08002036   0x00000002   PAD
    0x08002038   0x08002038   0x00000068   Code   RO          974    .text.HAL_LTDC_DeInit  stm32f7xx_hal_ltdc.o
    0x080020a0   0x080020a0   0x000000dc   Code   RO          970    .text.HAL_LTDC_Init  stm32f7xx_hal_ltdc.o
    0x0800217c   0x0800217c   0x00000004   PAD
    0x08002180   0x08002180   0x00000002   Code   RO          976    .text.HAL_LTDC_MspDeInit  stm32f7xx_hal_ltdc.o
    0x08002182   0x08002182   0x00000006   PAD
    0x08002188   0x08002188   0x00000002   Code   RO          972    .text.HAL_LTDC_MspInit  stm32f7xx_hal_ltdc.o
    0x0800218a   0x0800218a   0x00000006   PAD
    0x08002190   0x08002190   0x0000005e   Code   RO          872    .text.HAL_MPU_ConfigRegion  stm32f7xx_hal_cortex.o
    0x080021ee   0x080021ee   0x00000002   PAD
    0x080021f0   0x080021f0   0x0000001a   Code   RO          864    .text.HAL_MPU_Disable  stm32f7xx_hal_cortex.o
    0x0800220a   0x0800220a   0x00000006   PAD
    0x08002210   0x08002210   0x00000020   Code   RO          866    .text.HAL_MPU_Enable  stm32f7xx_hal_cortex.o
    0x08002230   0x08002230   0x00000002   Code   RO         1298    .text.HAL_MspInit   stm32f7xx_hal.o
    0x08002232   0x08002232   0x00000006   PAD
    0x08002238   0x08002238   0x00000026   Code   RO          854    .text.HAL_NVIC_EnableIRQ  stm32f7xx_hal_cortex.o
    0x0800225e   0x0800225e   0x00000002   PAD
    0x08002260   0x08002260   0x0000005a   Code   RO          852    .text.HAL_NVIC_SetPriority  stm32f7xx_hal_cortex.o
    0x080022ba   0x080022ba   0x00000006   PAD
    0x080022c0   0x080022c0   0x00000020   Code   RO          850    .text.HAL_NVIC_SetPriorityGrouping  stm32f7xx_hal_cortex.o
    0x080022e0   0x080022e0   0x00000076   Code   RO          832    .text.HAL_PWREx_EnableOverDrive  stm32f7xx_hal_pwr_ex.o
    0x08002356   0x08002356   0x00000002   PAD
    0x08002358   0x08002358   0x000005d2   Code   RO         1366    .text.HAL_RCCEx_PeriphCLKConfig  stm32f7xx_hal_rcc_ex.o
    0x0800292a   0x0800292a   0x00000006   PAD
    0x08002930   0x08002930   0x000001ea   Code   RO          718    .text.HAL_RCC_ClockConfig  stm32f7xx_hal_rcc.o
    0x08002b1a   0x08002b1a   0x00000006   PAD
    0x08002b20   0x08002b20   0x00000398   Code   RO          716    .text.HAL_RCC_OscConfig  stm32f7xx_hal_rcc.o
    0x08002eb8   0x08002eb8   0x00000040   Code   RO          562    .text.HAL_SDRAM_Init  stm32f7xx_hal_sdram.o
    0x08002ef8   0x08002ef8   0x00000002   Code   RO          564    .text.HAL_SDRAM_MspInit  stm32f7xx_hal_sdram.o
    0x08002efa   0x08002efa   0x00000006   PAD
    0x08002f00   0x08002f00   0x00000030   Code   RO          606    .text.HAL_SDRAM_ProgramRefreshRate  stm32f7xx_hal_sdram.o
    0x08002f30   0x08002f30   0x0000003a   Code   RO          604    .text.HAL_SDRAM_SendCommand  stm32f7xx_hal_sdram.o
    0x08002f6a   0x08002f6a   0x00000006   PAD
    0x08002f70   0x08002f70   0x0000002e   Code   RO          862    .text.HAL_SYSTICK_Config  stm32f7xx_hal_cortex.o
    0x08002f9e   0x08002f9e   0x00000002   PAD
    0x08002fa0   0x08002fa0   0x00000002   Code   RO         1527    .text.HardFault_Handler  stm32f7xx_it.o
    0x08002fa2   0x08002fa2   0x00000006   PAD
    0x08002fa8   0x08002fa8   0x00000124   Code   RO          988    .text.LTDC_SetConfig  stm32f7xx_hal_ltdc.o
    0x080030cc   0x080030cc   0x00000004   PAD
    0x080030d0   0x080030d0   0x00000002   Code   RO         1529    .text.MemManage_Handler  stm32f7xx_it.o
    0x080030d2   0x080030d2   0x00000006   PAD
    0x080030d8   0x080030d8   0x00000002   Code   RO         1525    .text.NMI_Handler   stm32f7xx_it.o
    0x080030da   0x080030da   0x00000006   PAD
    0x080030e0   0x080030e0   0x00000004   Code   RO           61    .text.OTM8009A_IO_Delay  stm32f769i_discovery.o
    0x080030e4   0x080030e4   0x00000004   PAD
    0x080030e8   0x080030e8   0x0000054c   Code   RO          241    .text.OTM8009A_Init  otm8009a.o
    0x08003634   0x08003634   0x00000004   PAD
    0x08003638   0x08003638   0x00000002   Code   RO         1539    .text.PendSV_Handler  stm32f7xx_it.o
    0x0800363a   0x0800363a   0x00000006   PAD
    0x08003640   0x08003640   0x00000002   Code   RO         1535    .text.SVC_Handler   stm32f7xx_it.o
    0x08003642   0x08003642   0x00000006   PAD
    0x08003648   0x08003648   0x00000004   Code   RO         1541    .text.SysTick_Handler  stm32f7xx_it.o
    0x0800364c   0x0800364c   0x00000004   PAD
    0x08003650   0x08003650   0x00000056   Code   RO         1484    .text.SystemInit    system_stm32f7xx.o
    0x080036a6   0x080036a6   0x00000002   PAD
    0x080036a8   0x080036a8   0x00000002   Code   RO         1533    .text.UsageFault_Handler  stm32f7xx_it.o
    0x080036aa   0x080036aa   0x00000006   PAD
    0x080036b0   0x080036b0   0x00000640   Code   RO         1500    .text.main          main.o
    0x08003cf0   0x08003cf0   0x0000000e   Code   RO         1580    i.__scatterload_copy  mc_w.l(handlers.o)
    0x08003cfe   0x08003cfe   0x00000002   Code   RO         1581    i.__scatterload_null  mc_w.l(handlers.o)
    0x08003d00   0x08003d00   0x0000000e   Code   RO         1582    i.__scatterload_zeroinit  mc_w.l(handlers.o)
    0x08003d0e   0x08003d0e   0x00000010   Data   RO         1489    .rodata.AHBPrescTable  system_stm32f7xx.o
    0x08003d1e   0x08003d1e   0x00000be0   Data   RO          217    .rodata.Font16_Table  stm32f769i_discovery_lcd.o
    0x080048fe   0x080048fe   0x00001ab8   Data   RO          214    .rodata.Font24_Table  stm32f769i_discovery_lcd.o
    0x080063b6   0x080063b6   0x00000002   PAD
    0x080063b8   0x080063b8   0x00000008   Data   RO         1509    .rodata.Images      main.o
    0x080063c0   0x080063c0   0x00000002   Data   RO          272    .rodata.ShortRegData1  otm8009a.o
    0x080063c2   0x080063c2   0x00000002   Data   RO          281    .rodata.ShortRegData10  otm8009a.o
    0x080063c4   0x080063c4   0x00000002   Data   RO          282    .rodata.ShortRegData11  otm8009a.o
    0x080063c6   0x080063c6   0x00000002   Data   RO          283    .rodata.ShortRegData12  otm8009a.o
    0x080063c8   0x080063c8   0x00000002   Data   RO          284    .rodata.ShortRegData13  otm8009a.o
    0x080063ca   0x080063ca   0x00000002   Data   RO          285    .rodata.ShortRegData14  otm8009a.o
    0x080063cc   0x080063cc   0x00000002   Data   RO          286    .rodata.ShortRegData15  otm8009a.o
    0x080063ce   0x080063ce   0x00000002   Data   RO          287    .rodata.ShortRegData16  otm8009a.o
    0x080063d0   0x080063d0   0x00000002   Data   RO          288    .rodata.ShortRegData17  otm8009a.o
    0x080063d2   0x080063d2   0x00000002   Data   RO          289    .rodata.ShortRegData18  otm8009a.o
    0x080063d4   0x080063d4   0x00000002   Data   RO          290    .rodata.ShortRegData19  otm8009a.o
    0x080063d6   0x080063d6   0x00000002   Data   RO          273    .rodata.ShortRegData2  otm8009a.o
    0x080063d8   0x080063d8   0x00000002   Data   RO          291    .rodata.ShortRegData20  otm8009a.o
    0x080063da   0x080063da   0x00000002   Data   RO          292    .rodata.ShortRegData21  otm8009a.o
    0x080063dc   0x080063dc   0x00000002   Data   RO          293    .rodata.ShortRegData22  otm8009a.o
    0x080063de   0x080063de   0x00000002   Data   RO          294    .rodata.ShortRegData23  otm8009a.o
    0x080063e0   0x080063e0   0x00000002   Data   RO          295    .rodata.ShortRegData24  otm8009a.o
    0x080063e2   0x080063e2   0x00000002   Data   RO          296    .rodata.ShortRegData25  otm8009a.o
    0x080063e4   0x080063e4   0x00000002   Data   RO          297    .rodata.ShortRegData26  otm8009a.o
    0x080063e6   0x080063e6   0x00000002   Data   RO          298    .rodata.ShortRegData27  otm8009a.o
    0x080063e8   0x080063e8   0x00000002   Data   RO          299    .rodata.ShortRegData28  otm8009a.o
    0x080063ea   0x080063ea   0x00000002   Data   RO          300    .rodata.ShortRegData29  otm8009a.o
    0x080063ec   0x080063ec   0x00000002   Data   RO          274    .rodata.ShortRegData3  otm8009a.o
    0x080063ee   0x080063ee   0x00000002   Data   RO          301    .rodata.ShortRegData30  otm8009a.o
    0x080063f0   0x080063f0   0x00000002   Data   RO          302    .rodata.ShortRegData31  otm8009a.o
    0x080063f2   0x080063f2   0x00000002   Data   RO          303    .rodata.ShortRegData32  otm8009a.o
    0x080063f4   0x080063f4   0x00000002   Data   RO          304    .rodata.ShortRegData33  otm8009a.o
    0x080063f6   0x080063f6   0x00000002   Data   RO          305    .rodata.ShortRegData34  otm8009a.o
    0x080063f8   0x080063f8   0x00000002   Data   RO          306    .rodata.ShortRegData35  otm8009a.o
    0x080063fa   0x080063fa   0x00000002   Data   RO          307    .rodata.ShortRegData36  otm8009a.o
    0x080063fc   0x080063fc   0x00000002   Data   RO          308    .rodata.ShortRegData37  otm8009a.o
    0x080063fe   0x080063fe   0x00000002   Data   RO          309    .rodata.ShortRegData38  otm8009a.o
    0x08006400   0x08006400   0x00000002   Data   RO          310    .rodata.ShortRegData39  otm8009a.o
    0x08006402   0x08006402   0x00000002   Data   RO          275    .rodata.ShortRegData4  otm8009a.o
    0x08006404   0x08006404   0x00000002   Data   RO          311    .rodata.ShortRegData40  otm8009a.o
    0x08006406   0x08006406   0x00000002   Data   RO          312    .rodata.ShortRegData41  otm8009a.o
    0x08006408   0x08006408   0x00000002   Data   RO          313    .rodata.ShortRegData42  otm8009a.o
    0x0800640a   0x0800640a   0x00000002   Data   RO          314    .rodata.ShortRegData43  otm8009a.o
    0x0800640c   0x0800640c   0x00000002   Data   RO          315    .rodata.ShortRegData44  otm8009a.o
    0x0800640e   0x0800640e   0x00000002   Data   RO          316    .rodata.ShortRegData45  otm8009a.o
    0x08006410   0x08006410   0x00000002   Data   RO          317    .rodata.ShortRegData46  otm8009a.o
    0x08006412   0x08006412   0x00000002   Data   RO          318    .rodata.ShortRegData47  otm8009a.o
    0x08006414   0x08006414   0x00000002   Data   RO          319    .rodata.ShortRegData48  otm8009a.o
    0x08006416   0x08006416   0x00000002   Data   RO          320    .rodata.ShortRegData49  otm8009a.o
    0x08006418   0x08006418   0x00000002   Data   RO          276    .rodata.ShortRegData5  otm8009a.o
    0x0800641a   0x0800641a   0x00000002   Data   RO          321    .rodata.ShortRegData50  otm8009a.o
    0x0800641c   0x0800641c   0x00000002   Data   RO          322    .rodata.ShortRegData51  otm8009a.o
    0x0800641e   0x0800641e   0x00000002   Data   RO          277    .rodata.ShortRegData6  otm8009a.o
    0x08006420   0x08006420   0x00000002   Data   RO          278    .rodata.ShortRegData7  otm8009a.o
    0x08006422   0x08006422   0x00000002   Data   RO          279    .rodata.ShortRegData8  otm8009a.o
    0x08006424   0x08006424   0x00000002   Data   RO          280    .rodata.ShortRegData9  otm8009a.o
    0x08006426   0x08006426   0x00000002   PAD
    0x08006428   0x08006428   0x00000020   Data   RO         1050    .rodata.cst32       stm32f7xx_hal_ltdc.o
    0x08006448   0x08006448   0x00000008   Data   RO         1237    .rodata.cst8        stm32f7xx_hal_dma.o
    0x08006450   0x08006450   0x00000008   Data   RO         1508    .rodata.cst8        main.o
    0x08006458   0x08006458   0x0004b000   Data   RO         1506    .rodata.image_320x240_argb8888  main.o
    0x08051458   0x08051458   0x00000004   Data   RO          245    .rodata.lcdRegData1  otm8009a.o
    0x0805145c   0x0805145c   0x0000000b   Data   RO          254    .rodata.lcdRegData10  otm8009a.o
    0x08051467   0x08051467   0x0000000b   Data   RO          255    .rodata.lcdRegData11  otm8009a.o
    0x08051472   0x08051472   0x00000010   Data   RO          256    .rodata.lcdRegData12  otm8009a.o
    0x08051482   0x08051482   0x00000010   Data   RO          257    .rodata.lcdRegData13  otm8009a.o
    0x08051492   0x08051492   0x0000000b   Data   RO          258    .rodata.lcdRegData14  otm8009a.o
    0x0805149d   0x0805149d   0x00000010   Data   RO          259    .rodata.lcdRegData15  otm8009a.o
    0x080514ad   0x080514ad   0x00000010   Data   RO          260    .rodata.lcdRegData16  otm8009a.o
    0x080514bd   0x080514bd   0x0000000b   Data   RO          261    .rodata.lcdRegData17  otm8009a.o
    0x080514c8   0x080514c8   0x0000000b   Data   RO          262    .rodata.lcdRegData18  otm8009a.o
    0x080514d3   0x080514d3   0x0000000b   Data   RO          263    .rodata.lcdRegData19  otm8009a.o
    0x080514de   0x080514de   0x00000003   Data   RO          246    .rodata.lcdRegData2  otm8009a.o
    0x080514e1   0x080514e1   0x00000010   Data   RO          264    .rodata.lcdRegData20  otm8009a.o
    0x080514f1   0x080514f1   0x00000010   Data   RO          265    .rodata.lcdRegData21  otm8009a.o
    0x08051501   0x08051501   0x0000000b   Data   RO          266    .rodata.lcdRegData22  otm8009a.o
    0x0805150c   0x0805150c   0x00000010   Data   RO          267    .rodata.lcdRegData23  otm8009a.o
    0x0805151c   0x0805151c   0x00000010   Data   RO          268    .rodata.lcdRegData24  otm8009a.o
    0x0805152c   0x0805152c   0x00000004   Data   RO          269    .rodata.lcdRegData25  otm8009a.o
    0x08051530   0x08051530   0x00000005   Data   RO          270    .rodata.lcdRegData27  otm8009a.o
    0x08051535   0x08051535   0x00000005   Data   RO          271    .rodata.lcdRegData28  otm8009a.o
    0x0805153a   0x0805153a   0x00000011   Data   RO          247    .rodata.lcdRegData3  otm8009a.o
    0x0805154b   0x0805154b   0x00000011   Data   RO          248    .rodata.lcdRegData4  otm8009a.o
    0x0805155c   0x0805155c   0x00000003   Data   RO          249    .rodata.lcdRegData5  otm8009a.o
    0x0805155f   0x0805155f   0x00000003   Data   RO          250    .rodata.lcdRegData6  otm8009a.o
    0x08051562   0x08051562   0x00000007   Data   RO          251    .rodata.lcdRegData7  otm8009a.o
    0x08051569   0x08051569   0x0000000f   Data   RO          252    .rodata.lcdRegData8  otm8009a.o
    0x08051578   0x08051578   0x0000000f   Data   RO          253    .rodata.lcdRegData9  otm8009a.o
    0x08051587   0x08051587   0x00000001   PAD
    0x08051588   0x08051588   0x0004b000   Data   RO         1507    .rodata.life_augmented_argb8888  main.o
    0x0809c588   0x0809c588   0x00000046   Data   RO         1513    .rodata.str1.1      main.o
    0x0809c5ce   0x0809c5ce   0x00000002   PAD
    0x0809c5d0   0x0809c5d0   0x00000020   Data   RO         1579    Region$$Table       anon$$obj.o


    Execution Region RW_IRAM1 (Exec base: 0x20000000, Load base: 0x0809c5f0, Size: 0x00000798, Max: 0x00080000, ABSOLUTE)

    Exec Addr    Load Addr    Size         Type   Attr      Idx    E Section Name        Object

    0x20000000   0x0809c5f0   0x00000010   Data   RW           78    .data..L_MergedGlobals  stm32f769i_discovery.o
    0x20000010   0x0809c600   0x00000010   Data   RW          227    .data..L_MergedGlobals  stm32f769i_discovery_lcd.o
    0x20000020   0x0809c610   0x00000008   Data   RW         1357    .data..L_MergedGlobals  stm32f7xx_hal.o
    0x20000028   0x0809c618   0x00000008   Data   RW          218    .data.Font16        stm32f769i_discovery_lcd.o
    0x20000030   0x0809c620   0x00000004   Data   RW         1488    .data.SystemCoreClock  system_stm32f7xx.o
    0x20000034   0x0809c624   0x00000004   Data   RW         1510    .data.pend_buffer   main.o
    0x20000038        -       0x00000064   Zero   RW          109    .bss..L_MergedGlobals  stm32f769i_discovery_sdram.o
    0x2000009c        -       0x00000074   Zero   RW         1516    .bss..L_MergedGlobals  main.o
    0x20000110        -       0x0000003c   Zero   RW          228    .bss..L_MergedGlobals.1  stm32f769i_discovery_lcd.o
    0x2000014c        -       0x00000060   Zero   RW          107    .bss.BSP_SDRAM_MspInit.dma_handle  stm32f769i_discovery_sdram.o
    0x200001ac        -       0x00000090   Zero   RW         1512    .bss.PeriphClkInitStruct  main.o
    0x2000023c        -       0x00000058   Zero   RW         1514    .bss.hdma2d         main.o
    0x20000294        -       0x00000058   Zero   RW          226    .bss.hdma2d_discovery  stm32f769i_discovery_lcd.o
    0x200002ec        -       0x000000a8   Zero   RW          225    .bss.hltdc_discovery  stm32f769i_discovery_lcd.o
    0x20000394        -       0x00000004   Zero   RW         1356    .bss.uwTick         stm32f7xx_hal.o
    0x20000398        -       0x00000400   Zero   RW            1    STACK               startup_stm32f769xx.o


==============================================================================

Image component sizes


      Code (inc. data)   RO Data    RW Data    ZI Data      Debug   Object Name

      1754         84     614486          4        348      15820   main.o
      1356          0        405          0          0       4291   otm8009a.o
        36          8        504          0       1024        936   startup_stm32f769xx.o
        74          0          0         16          0      18133   stm32f769i_discovery.o
      1648          0       9880         24        316      53176   stm32f769i_discovery_lcd.o
       642          0          0          0        196      10603   stm32f769i_discovery_sdram.o
       198          0          0          8          4       8622   stm32f7xx_hal.o
       358          0          0          0          0      11944   stm32f7xx_hal_cortex.o
       484          6          8          0          0      11035   stm32f7xx_hal_dma.o
       988          6          0          0          0      18039   stm32f7xx_hal_dma2d.o
      2092          0          0          0          0      25269   stm32f7xx_hal_dsi.o
       432          0          0          0          0       5353   stm32f7xx_hal_gpio.o
       738          0         32          0          0      16160   stm32f7xx_hal_ltdc.o
       118          0          0          0          0       5939   stm32f7xx_hal_pwr_ex.o
      1410          0          0          0          0       8580   stm32f7xx_hal_rcc.o
      1490          0          0          0          0       7424   stm32f7xx_hal_rcc_ex.o
       172          0          0          0          0      14944   stm32f7xx_hal_sdram.o
        32          0          0          0          0       4010   stm32f7xx_it.o
       432          0          0          0          0       9289   stm32f7xx_ll_fmc.o
        86          0         16          4          0       3596   system_stm32f7xx.o

    ----------------------------------------------------------------------
     14844        104     625370         56       1888     253163   Object Totals
         0          0         32          0          0          0   (incl. Generated)
       304          0          7          0          0          0   (incl. Padding)

    ----------------------------------------------------------------------

      Code (inc. data)   RO Data    RW Data    ZI Data      Debug   Library Member Name

         0          0          0          0          0          0   entry.o
         0          0          0          0          0          0   entry10a.o
         0          0          0          0          0          0   entry11a.o
         8          4          0          0          0          0   entry2.o
         4          0          0          0          0          0   entry5.o
         0          0          0          0          0          0   entry7b.o
         0          0          0          0          0          0   entry8b.o
         8          4          0          0          0          0   entry9a.o
        30          0          0          0          0          0   handlers.o
        36          8          0          0          0         68   init.o
        30          0          0          0          0         68   llshl.o
        32          0          0          0          0         68   llushr.o
        36          0          0          0          0        108   memseta.o
        98          0          0          0          0         92   uldiv.o

    ----------------------------------------------------------------------
       282         16          0          0          0        404   Library Totals
         0          0          0          0          0          0   (incl. Padding)

    ----------------------------------------------------------------------

      Code (inc. data)   RO Data    RW Data    ZI Data      Debug   Library Name

       282         16          0          0          0        404   mc_w.l

    ----------------------------------------------------------------------
       282         16          0          0          0        404   Library Totals

    ----------------------------------------------------------------------

==============================================================================


      Code (inc. data)   RO Data    RW Data    ZI Data      Debug   

     15126        120     625370         56       1888     253307   Grand Totals
     15126        120     625370         56       1888     253307   ELF Image Totals
     15126        120     625370         56          0          0   ROM Totals

==============================================================================

    Total RO  Size (Code + RO Data)               640496 ( 625.48kB)
    Total RW  Size (RW Data + ZI Data)              1944 (   1.90kB)
    Total ROM Size (Code + RO Data + RW Data)     640552 ( 625.54kB)

==============================================================================

