Component: Arm Compiler for Embedded 6.19 Tool: armlink [5e73cb00]

==============================================================================

Section Cross References

    startup_stm32f769xx.o(RESET) refers to startup_stm32f769xx.o(STACK) for __initial_sp
    startup_stm32f769xx.o(RESET) refers to startup_stm32f769xx.o(.text) for Reset_Handler
    startup_stm32f769xx.o(RESET) refers to stm32f7xx_it.o(.text.NMI_Handler) for NMI_Handler
    startup_stm32f769xx.o(RESET) refers to stm32f7xx_it.o(.text.HardFault_Handler) for HardFault_Handler
    startup_stm32f769xx.o(RESET) refers to stm32f7xx_it.o(.text.MemManage_Handler) for MemManage_Handler
    startup_stm32f769xx.o(RESET) refers to stm32f7xx_it.o(.text.BusFault_Handler) for BusFault_Handler
    startup_stm32f769xx.o(RESET) refers to stm32f7xx_it.o(.text.UsageFault_Handler) for UsageFault_Handler
    startup_stm32f769xx.o(RESET) refers to stm32f7xx_it.o(.text.SVC_Handler) for SVC_Handler
    startup_stm32f769xx.o(RESET) refers to stm32f7xx_it.o(.text.DebugMon_Handler) for DebugMon_Handler
    startup_stm32f769xx.o(RESET) refers to stm32f7xx_it.o(.text.PendSV_Handler) for PendSV_Handler
    startup_stm32f769xx.o(RESET) refers to stm32f7xx_it.o(.text.SysTick_Handler) for SysTick_Handler
    startup_stm32f769xx.o(RESET) refers to stm32f7xx_it.o(.text.LTDC_IRQHandler) for LTDC_IRQHandler
    startup_stm32f769xx.o(RESET) refers to stm32f7xx_it.o(.text.LTDC_ER_IRQHandler) for LTDC_ER_IRQHandler
    startup_stm32f769xx.o(RESET) refers to stm32f7xx_it.o(.text.DSI_IRQHandler) for DSI_IRQHandler
    startup_stm32f769xx.o(.text) refers to system_stm32f7xx.o(.text.SystemInit) for SystemInit
    startup_stm32f769xx.o(.text) refers to entry.o(.ARM.Collect$$$$00000000) for __main
    stm32f769i_discovery.o(.ARM.exidx.text.BSP_GetVersion) refers to stm32f769i_discovery.o(.text.BSP_GetVersion) for [Anonymous Symbol]
    stm32f769i_discovery.o(.text.BSP_LED_Init) refers to stm32f769i_discovery.o(.data..L_MergedGlobals) for .L_MergedGlobals
    stm32f769i_discovery.o(.text.BSP_LED_Init) refers to stm32f7xx_hal_gpio.o(.text.HAL_GPIO_Init) for HAL_GPIO_Init
    stm32f769i_discovery.o(.ARM.exidx.text.BSP_LED_Init) refers to stm32f769i_discovery.o(.text.BSP_LED_Init) for [Anonymous Symbol]
    stm32f769i_discovery.o(.text.BSP_LED_DeInit) refers to stm32f769i_discovery.o(.data..L_MergedGlobals) for .L_MergedGlobals
    stm32f769i_discovery.o(.text.BSP_LED_DeInit) refers to stm32f7xx_hal_gpio.o(.text.HAL_GPIO_WritePin) for HAL_GPIO_WritePin
    stm32f769i_discovery.o(.text.BSP_LED_DeInit) refers to stm32f7xx_hal_gpio.o(.text.HAL_GPIO_DeInit) for HAL_GPIO_DeInit
    stm32f769i_discovery.o(.ARM.exidx.text.BSP_LED_DeInit) refers to stm32f769i_discovery.o(.text.BSP_LED_DeInit) for [Anonymous Symbol]
    stm32f769i_discovery.o(.text.BSP_LED_On) refers to stm32f769i_discovery.o(.data..L_MergedGlobals) for .L_MergedGlobals
    stm32f769i_discovery.o(.text.BSP_LED_On) refers to stm32f7xx_hal_gpio.o(.text.HAL_GPIO_WritePin) for HAL_GPIO_WritePin
    stm32f769i_discovery.o(.ARM.exidx.text.BSP_LED_On) refers to stm32f769i_discovery.o(.text.BSP_LED_On) for [Anonymous Symbol]
    stm32f769i_discovery.o(.text.BSP_LED_Off) refers to stm32f769i_discovery.o(.data..L_MergedGlobals) for .L_MergedGlobals
    stm32f769i_discovery.o(.text.BSP_LED_Off) refers to stm32f7xx_hal_gpio.o(.text.HAL_GPIO_WritePin) for HAL_GPIO_WritePin
    stm32f769i_discovery.o(.ARM.exidx.text.BSP_LED_Off) refers to stm32f769i_discovery.o(.text.BSP_LED_Off) for [Anonymous Symbol]
    stm32f769i_discovery.o(.text.BSP_LED_Toggle) refers to stm32f769i_discovery.o(.data..L_MergedGlobals) for .L_MergedGlobals
    stm32f769i_discovery.o(.text.BSP_LED_Toggle) refers to stm32f7xx_hal_gpio.o(.text.HAL_GPIO_TogglePin) for HAL_GPIO_TogglePin
    stm32f769i_discovery.o(.ARM.exidx.text.BSP_LED_Toggle) refers to stm32f769i_discovery.o(.text.BSP_LED_Toggle) for [Anonymous Symbol]
    stm32f769i_discovery.o(.text.BSP_PB_Init) refers to stm32f769i_discovery.o(.data.BUTTON_PORT) for BUTTON_PORT
    stm32f769i_discovery.o(.text.BSP_PB_Init) refers to stm32f7xx_hal_gpio.o(.text.HAL_GPIO_Init) for HAL_GPIO_Init
    stm32f769i_discovery.o(.text.BSP_PB_Init) refers to stm32f7xx_hal_cortex.o(.text.HAL_NVIC_SetPriority) for HAL_NVIC_SetPriority
    stm32f769i_discovery.o(.text.BSP_PB_Init) refers to stm32f7xx_hal_cortex.o(.text.HAL_NVIC_EnableIRQ) for HAL_NVIC_EnableIRQ
    stm32f769i_discovery.o(.ARM.exidx.text.BSP_PB_Init) refers to stm32f769i_discovery.o(.text.BSP_PB_Init) for [Anonymous Symbol]
    stm32f769i_discovery.o(.text.BSP_PB_DeInit) refers to stm32f7xx_hal_cortex.o(.text.HAL_NVIC_DisableIRQ) for HAL_NVIC_DisableIRQ
    stm32f769i_discovery.o(.text.BSP_PB_DeInit) refers to stm32f769i_discovery.o(.data.BUTTON_PORT) for BUTTON_PORT
    stm32f769i_discovery.o(.text.BSP_PB_DeInit) refers to stm32f7xx_hal_gpio.o(.text.HAL_GPIO_DeInit) for HAL_GPIO_DeInit
[...]
    Removing stm32f7xx_it.o(.ARM.exidx.text.UsageFault_Handler), (8 bytes).
    Removing stm32f7xx_it.o(.ARM.exidx.text.SVC_Handler), (8 bytes).
    Removing stm32f7xx_it.o(.ARM.exidx.text.DebugMon_Handler), (8 bytes).
    Removing stm32f7xx_it.o(.ARM.exidx.text.PendSV_Handler), (8 bytes).
    Removing stm32f7xx_it.o(.ARM.exidx.text.SysTick_Handler), (8 bytes).
    Removing stm32f7xx_it.o(.ARM.exidx.text.LTDC_IRQHandler), (8 bytes).
    Removing stm32f7xx_it.o(.ARM.exidx.text.LTDC_ER_IRQHandler), (8 bytes).
    Removing stm32f7xx_it.o(.ARM.exidx.text.DSI_IRQHandler), (8 bytes).

1248 unused section(s) (total 79438 bytes) removed from the image.

==============================================================================

Image Symbol Table

    Local Symbols

    Symbol Name                              Value     Ov Type        Size  Object(Section)

    ../clib/microlib/division.c              0x00000000   Number         0  uldiv.o ABSOLUTE
    ../clib/microlib/init/entry.s            0x00000000   Number         0  entry.o ABSOLUTE
    ../clib/microlib/init/entry.s            0x00000000   Number         0  entry2.o ABSOLUTE
    ../clib/microlib/init/entry.s            0x00000000   Number         0  entry5.o ABSOLUTE
    ../clib/microlib/init/entry.s            0x00000000   Number         0  entry7a.o ABSOLUTE
    ../clib/microlib/init/entry.s            0x00000000   Number         0  entry7b.o ABSOLUTE
    ../clib/microlib/init/entry.s            0x00000000   Number         0  entry8a.o ABSOLUTE
    ../clib/microlib/init/entry.s            0x00000000   Number         0  entry8b.o ABSOLUTE
    ../clib/microlib/init/entry.s            0x00000000   Number         0  entry9a.o ABSOLUTE
    ../clib/microlib/init/entry.s            0x00000000   Number         0  entry9b.o ABSOLUTE
    ../clib/microlib/init/entry.s            0x00000000   Number         0  entry10a.o ABSOLUTE
    ../clib/microlib/init/entry.s            0x00000000   Number         0  entry10b.o ABSOLUTE
    ../clib/microlib/init/entry.s            0x00000000   Number         0  entry11a.o ABSOLUTE
    ../clib/microlib/init/entry.s            0x00000000   Number         0  entry11b.o ABSOLUTE
    ../clib/microlib/longlong.c              0x00000000   Number         0  llshl.o ABSOLUTE
    ../clib/microlib/longlong.c              0x00000000   Number         0  llushr.o ABSOLUTE
    ../clib/microlib/string/memset.c         0x00000000   Number         0  memseta.o ABSOLUTE
    adv7533.c                                0x00000000   Number         0  adv7533.o ABSOLUTE
    adv7533_reg.c                            0x00000000   Number         0  adv7533_reg.o ABSOLUTE
    dc.s                                     0x00000000   Number         0  dc.o ABSOLUTE
    handlers.s                               0x00000000   Number         0  handlers.o ABSOLUTE
    init.s                                   0x00000000   Number         0  init.o ABSOLUTE
    main.c                                   0x00000000   Number         0  main.o ABSOLUTE
    nt35510.c                                0x00000000   Number         0  nt35510.o ABSOLUTE
    otm8009a.c                               0x00000000   Number         0  otm8009a.o ABSOLUTE
    startup_stm32f769xx.s                    0x00000000   Number         0  startup_stm32f769xx.o ABSOLUTE
    stm32f769i_discovery.c                   0x00000000   Number         0  stm32f769i_discovery.o ABSOLUTE
    stm32f769i_discovery_lcd.c               0x00000000   Number         0  stm32f769i_discovery_lcd.o ABSOLUTE
    stm32f769i_discovery_sdram.c             0x00000000   Number         0  stm32f769i_discovery_sdram.o ABSOLUTE
    stm32f7xx_hal.c                          0x00000000   Number         0  stm32f7xx_hal.o ABSOLUTE
    stm32f7xx_hal_adc.c                      0x00000000   Number         0  stm32f7xx_hal_adc.o ABSOLUTE
    stm32f7xx_hal_adc_ex.c                   0x00000000   Number         0  stm32f7xx_hal_adc_ex.o ABSOLUTE
    stm32f7xx_hal_cortex.c                   0x00000000   Number         0  stm32f7xx_hal_cortex.o ABSOLUTE
    stm32f7xx_hal_dma.c                      0x00000000   Number         0  stm32f7xx_hal_dma.o ABSOLUTE
    stm32f7xx_hal_dma2d.c                    0x00000000   Number         0  stm32f7xx_hal_dma2d.o ABSOLUTE
    stm32f7xx_hal_dsi.c                      0x00000000   Number         0  stm32f7xx_hal_dsi.o ABSOLUTE
    stm32f7xx_hal_gpio.c                     0x00000000   Number         0  stm32f7xx_hal_gpio.o ABSOLUTE
    stm32f7xx_hal_i2c.c                      0x00000000   Number         0  stm32f7xx_hal_i2c.o ABSOLUTE
    stm32f7xx_hal_i2c_ex.c                   0x00000000   Number         0  stm32f7xx_hal_i2c_ex.o ABSOLUTE
    stm32f7xx_hal_ltdc.c                     0x00000000   Number         0  stm32f7xx_hal_ltdc.o ABSOLUTE
    stm32f7xx_hal_ltdc_ex.c                  0x00000000   Number         0  stm32f7xx_hal_ltdc_ex.o ABSOLUTE
    stm32f7xx_hal_msp.c                      0x00000000   Number         0  stm32f7xx_hal_msp.o ABSOLUTE
    stm32f7xx_hal_pwr.c                      0x00000000   Number         0  stm32f7xx_hal_pwr.o ABSOLUTE
    stm32f7xx_hal_pwr_ex.c                   0x00000000   Number         0  stm32f7xx_hal_pwr_ex.o ABSOLUTE
    stm32f7xx_hal_rcc.c                      0x00000000   Number         0  stm32f7xx_hal_rcc.o ABSOLUTE
    stm32f7xx_hal_rcc_ex.c                   0x00000000   Number         0  stm32f7xx_hal_rcc_ex.o ABSOLUTE
    stm32f7xx_hal_sdram.c                    0x00000000   Number         0  stm32f7xx_hal_sdram.o ABSOLUTE
    stm32f7xx_hal_sram.c                     0x00000000   Number         0  stm32f7xx_hal_sram.o ABSOLUTE
    stm32f7xx_hal_uart.c                     0x00000000   Number         0  stm32f7xx_hal_uart.o ABSOLUTE
    stm32f7xx_it.c                           0x00000000   Number         0  stm32f7xx_it.o ABSOLUTE
    stm32f7xx_ll_fmc.c                       0x00000000   Number         0  stm32f7xx_ll_fmc.o ABSOLUTE
    system_stm32f7xx.c                       0x00000000   Number         0  system_stm32f7xx.o ABSOLUTE
    RESET                                    0x08000000   Section      504  startup_stm32f769xx.o(RESET)
    .ARM.Collect$$$$00000000                 0x080001f8   Section        0  entry.o(.ARM.Collect$$$$00000000)
    .ARM.Collect$$$$00000001                 0x080001f8   Section        4  entry2.o(.ARM.Collect$$$$00000001)
    .ARM.Collect$$$$00000004                 0x080001fc   Section        4  entry5.o(.ARM.Collect$$$$00000004)
    .ARM.Collect$$$$00000008                 0x08000200   Section        0  entry7b.o(.ARM.Collect$$$$00000008)
    .ARM.Collect$$$$0000000A                 0x08000200   Section        0  entry8b.o(.ARM.Collect$$$$0000000A)
    .ARM.Collect$$$$0000000B                 0x08000200   Section        8  entry9a.o(.ARM.Collect$$$$0000000B)
    __lit__00000000                          0x08000208   Data           4  entry2.o(.ARM.Collect$$$$00002712)
    .ARM.Collect$$$$0000000D                 0x08000208   Section        0  entry10a.o(.ARM.Collect$$$$0000000D)
    .ARM.Collect$$$$0000000F                 0x08000208   Section        0  entry11a.o(.ARM.Collect$$$$0000000F)
    .ARM.Collect$$$$00002712                 0x08000208   Section        4  entry2.o(.ARM.Collect$$$$00002712)
    $v0                                      0x0800020c   Number         0  startup_stm32f769xx.o(.text)
    .text                                    0x0800020c   Section       36  startup_stm32f769xx.o(.text)
    .text                                    0x08000230   Section        0  uldiv.o(.text)
    .text                                    0x08000292   Section        0  memseta.o(.text)
    .text                                    0x080002b6   Section        0  llshl.o(.text)
    .text                                    0x080002d4   Section        0  llushr.o(.text)
    .text                                    0x080002f4   Section       36  init.o(.text)
    [Anonymous Symbol]                       0x08000318   Section        0  stm32f769i_discovery_lcd.o(.text.BSP_LCD_DisplayChar)
    [Anonymous Symbol]                       0x08000620   Section        0  stm32f769i_discovery_lcd.o(.text.BSP_LCD_DisplayStringAtLine)
    [Anonymous Symbol]                       0x080006b8   Section        0  stm32f769i_discovery_lcd.o(.text.BSP_LCD_FillRect)
    [Anonymous Symbol]                       0x08000768   Section        0  stm32f769i_discovery_lcd.o(.text.BSP_LCD_GetXSize)
    [Anonymous Symbol]                       0x08000778   Section        0  stm32f769i_discovery_lcd.o(.text.BSP_LCD_GetYSize)
    [Anonymous Symbol]                       0x08000788   Section        0  stm32f769i_discovery_lcd.o(.text.BSP_LCD_MspInit)
    [Anonymous Symbol]                       0x08000838   Section        0  stm32f769i_discovery_lcd.o(.text.BSP_LCD_Reset)
    [Anonymous Symbol]                       0x080008a0   Section        0  stm32f769i_discovery_lcd.o(.text.BSP_LCD_SelectLayer)
    [Anonymous Symbol]                       0x080008b0   Section        0  stm32f769i_discovery_lcd.o(.text.BSP_LCD_SetBackColor)
    [Anonymous Symbol]                       0x080008c8   Section        0  stm32f769i_discovery_lcd.o(.text.BSP_LCD_SetFont)
    [Anonymous Symbol]                       0x080008e0   Section        0  stm32f769i_discovery_lcd.o(.text.BSP_LCD_SetTextColor)
    [Anonymous Symbol]                       0x080008f8   Section        0  stm32f769i_discovery.o(.text.BSP_LED_Init)
    [Anonymous Symbol]                       0x08000940   Section        0  stm32f769i_discovery_sdram.o(.text.BSP_SDRAM_Init)
    [Anonymous Symbol]                       0x08000a48   Section        0  stm32f769i_discovery_sdram.o(.text.BSP_SDRAM_MspInit)
    [Anonymous Symbol]                       0x08000bc8   Section        0  stm32f7xx_it.o(.text.BusFault_Handler)
    [Anonymous Symbol]                       0x08000bd0   Section        0  stm32f769i_discovery_lcd.o(.text.DSI_IO_WriteCmd)
    [Anonymous Symbol]                       0x08000c20   Section        0  stm32f7xx_it.o(.text.DSI_IRQHandler)
    [Anonymous Symbol]                       0x08000c30   Section        0  stm32f7xx_it.o(.text.DebugMon_Handler)
    [Anonymous Symbol]                       0x08000c38   Section        0  stm32f7xx_ll_fmc.o(.text.FMC_SDRAM_Init)
    [Anonymous Symbol]                       0x08000cd0   Section        0  stm32f7xx_ll_fmc.o(.text.FMC_SDRAM_ProgramRefreshRate)
    [Anonymous Symbol]                       0x08000ce8   Section        0  stm32f7xx_ll_fmc.o(.text.FMC_SDRAM_SendCommand)
    [Anonymous Symbol]                       0x08000d18   Section        0  stm32f7xx_ll_fmc.o(.text.FMC_SDRAM_Timing_Init)
    [Anonymous Symbol]                       0x08000df8   Section        0  stm32f7xx_hal_dma2d.o(.text.HAL_DMA2D_ConfigLayer)
    [Anonymous Symbol]                       0x08000ea8   Section        0  stm32f7xx_hal_dma2d.o(.text.HAL_DMA2D_Init)
    [Anonymous Symbol]                       0x08000f10   Section        0  stm32f7xx_hal_dma2d.o(.text.HAL_DMA2D_MspInit)
    [Anonymous Symbol]                       0x08000f18   Section        0  stm32f7xx_hal_dma2d.o(.text.HAL_DMA2D_PollForTransfer)
    [Anonymous Symbol]                       0x08001100   Section        0  stm32f7xx_hal_dma2d.o(.text.HAL_DMA2D_Start)
    [Anonymous Symbol]                       0x080011e0   Section        0  stm32f7xx_hal_dma.o(.text.HAL_DMA_DeInit)
    [Anonymous Symbol]                       0x08001270   Section        0  stm32f7xx_hal_dma.o(.text.HAL_DMA_Init)
    [Anonymous Symbol]                       0x080013d0   Section        0  stm32f7xx_hal_dsi.o(.text.HAL_DSI_ConfigAdaptedCommandMode)
    [Anonymous Symbol]                       0x080014c0   Section        0  stm32f7xx_hal_dsi.o(.text.HAL_DSI_ConfigCommand)
    [Anonymous Symbol]                       0x08001550   Section        0  stm32f7xx_hal_dsi.o(.text.HAL_DSI_ConfigFlowControl)
    [Anonymous Symbol]                       0x08001578   Section        0  stm32f7xx_hal_dsi.o(.text.HAL_DSI_ConfigPhyTimer)
    [Anonymous Symbol]                       0x080015f8   Section        0  stm32f7xx_hal_dsi.o(.text.HAL_DSI_DeInit)
    [Anonymous Symbol]                       0x08001698   Section        0  main.o(.text.HAL_DSI_EndOfRefreshCallback)
    [Anonymous Symbol]                       0x080017d0   Section        0  stm32f7xx_hal_dsi.o(.text.HAL_DSI_ErrorCallback)
    [Anonymous Symbol]                       0x080017d8   Section        0  stm32f7xx_hal_dsi.o(.text.HAL_DSI_IRQHandler)
    [Anonymous Symbol]                       0x080018f8   Section        0  stm32f7xx_hal_dsi.o(.text.HAL_DSI_Init)
    [Anonymous Symbol]                       0x08001af8   Section        0  stm32f7xx_hal_dsi.o(.text.HAL_DSI_LongWrite)
    [Anonymous Symbol]                       0x08001c88   Section        0  stm32f7xx_hal_dsi.o(.text.HAL_DSI_MspDeInit)
    [Anonymous Symbol]                       0x08001c90   Section        0  stm32f7xx_hal_dsi.o(.text.HAL_DSI_MspInit)
    [Anonymous Symbol]                       0x08001c98   Section        0  stm32f7xx_hal_dsi.o(.text.HAL_DSI_Refresh)
    [Anonymous Symbol]                       0x08001cc0   Section        0  stm32f7xx_hal_dsi.o(.text.HAL_DSI_ShortWrite)
    [Anonymous Symbol]                       0x08001d28   Section        0  stm32f7xx_hal_dsi.o(.text.HAL_DSI_Start)
    [Anonymous Symbol]                       0x08001d70   Section        0  stm32f7xx_hal_dsi.o(.text.HAL_DSI_TearingEffectCallback)
    [Anonymous Symbol]                       0x08001d78   Section        0  stm32f7xx_hal.o(.text.HAL_Delay)
    [Anonymous Symbol]                       0x08001da0   Section        0  stm32f7xx_hal_gpio.o(.text.HAL_GPIO_Init)
    [Anonymous Symbol]                       0x08001f48   Section        0  stm32f7xx_hal_gpio.o(.text.HAL_GPIO_WritePin)
    [Anonymous Symbol]                       0x08001f58   Section        0  stm32f7xx_hal.o(.text.HAL_GetTick)
    [Anonymous Symbol]                       0x08001f68   Section        0  stm32f7xx_hal.o(.text.HAL_IncTick)
    [Anonymous Symbol]                       0x08001f88   Section        0  stm32f7xx_hal.o(.text.HAL_Init)
    [Anonymous Symbol]                       0x08001fb8   Section        0  stm32f7xx_hal.o(.text.HAL_InitTick)
    [Anonymous Symbol]                       0x08002000   Section        0  stm32f7xx_hal_ltdc.o(.text.HAL_LTDC_ConfigLayer)
    [Anonymous Symbol]                       0x08002078   Section        0  stm32f7xx_hal_ltdc.o(.text.HAL_LTDC_DeInit)
    [Anonymous Symbol]                       0x080020e0   Section        0  stm32f7xx_hal_ltdc.o(.text.HAL_LTDC_ErrorCallback)
    [Anonymous Symbol]                       0x080020e8   Section        0  stm32f7xx_hal_ltdc.o(.text.HAL_LTDC_IRQHandler)
    [Anonymous Symbol]                       0x080021b8   Section        0  stm32f7xx_hal_ltdc.o(.text.HAL_LTDC_Init)
    [Anonymous Symbol]                       0x08002298   Section        0  stm32f7xx_hal_ltdc.o(.text.HAL_LTDC_LineEventCallback)
    [Anonymous Symbol]                       0x080022a0   Section        0  stm32f7xx_hal_ltdc.o(.text.HAL_LTDC_MspDeInit)
    [Anonymous Symbol]                       0x080022a8   Section        0  stm32f7xx_hal_ltdc.o(.text.HAL_LTDC_MspInit)
    [Anonymous Symbol]                       0x080022b0   Section        0  stm32f7xx_hal_ltdc.o(.text.HAL_LTDC_ReloadEventCallback)
    [Anonymous Symbol]                       0x080022b8   Section        0  stm32f7xx_hal_ltdc.o(.text.HAL_LTDC_SetPitch)
    [Anonymous Symbol]                       0x08002338   Section        0  stm32f7xx_hal_cortex.o(.text.HAL_MPU_ConfigRegion)
    [Anonymous Symbol]                       0x08002398   Section        0  stm32f7xx_hal_cortex.o(.text.HAL_MPU_Disable)
    [Anonymous Symbol]                       0x080023b8   Section        0  stm32f7xx_hal_cortex.o(.text.HAL_MPU_Enable)
    [Anonymous Symbol]                       0x080023d8   Section        0  stm32f7xx_hal.o(.text.HAL_MspInit)
    [Anonymous Symbol]                       0x080023e0   Section        0  stm32f7xx_hal_cortex.o(.text.HAL_NVIC_EnableIRQ)
    [Anonymous Symbol]                       0x08002408   Section        0  stm32f7xx_hal_cortex.o(.text.HAL_NVIC_SetPriority)
    [Anonymous Symbol]                       0x08002468   Section        0  stm32f7xx_hal_cortex.o(.text.HAL_NVIC_SetPriorityGrouping)
    [Anonymous Symbol]                       0x08002488   Section        0  stm32f7xx_hal_pwr_ex.o(.text.HAL_PWREx_EnableOverDrive)
    [Anonymous Symbol]                       0x08002500   Section        0  stm32f7xx_hal_rcc_ex.o(.text.HAL_RCCEx_PeriphCLKConfig)
    [Anonymous Symbol]                       0x08002ad8   Section        0  stm32f7xx_hal_rcc.o(.text.HAL_RCC_ClockConfig)
    [Anonymous Symbol]                       0x08002cc8   Section        0  stm32f7xx_hal_rcc.o(.text.HAL_RCC_OscConfig)
    [Anonymous Symbol]                       0x08003060   Section        0  stm32f7xx_hal_sdram.o(.text.HAL_SDRAM_Init)
    [Anonymous Symbol]                       0x080030a0   Section        0  stm32f7xx_hal_sdram.o(.text.HAL_SDRAM_MspInit)
    [Anonymous Symbol]                       0x080030a8   Section        0  stm32f7xx_hal_sdram.o(.text.HAL_SDRAM_ProgramRefreshRate)
    [Anonymous Symbol]                       0x080030d8   Section        0  stm32f7xx_hal_sdram.o(.text.HAL_SDRAM_SendCommand)
    [Anonymous Symbol]                       0x08003118   Section        0  stm32f7xx_hal_cortex.o(.text.HAL_SYSTICK_Config)
    [Anonymous Symbol]                       0x08003148   Section        0  stm32f7xx_it.o(.text.HardFault_Handler)
    [Anonymous Symbol]                       0x08003150   Section        0  stm32f7xx_it.o(.text.LTDC_ER_IRQHandler)
    [Anonymous Symbol]                       0x08003160   Section        0  stm32f7xx_it.o(.text.LTDC_IRQHandler)
    LTDC_SetConfig                           0x08003171   Thumb Code   292  stm32f7xx_hal_ltdc.o(.text.LTDC_SetConfig)
    [Anonymous Symbol]                       0x08003170   Section        0  stm32f7xx_hal_ltdc.o(.text.LTDC_SetConfig)
    [Anonymous Symbol]                       0x08003298   Section        0  stm32f7xx_it.o(.text.MemManage_Handler)
    [Anonymous Symbol]                       0x080032a0   Section        0  stm32f7xx_it.o(.text.NMI_Handler)
    [Anonymous Symbol]                       0x080032a8   Section        0  stm32f769i_discovery.o(.text.OTM8009A_IO_Delay)
    [Anonymous Symbol]                       0x080032b0   Section        0  otm8009a.o(.text.OTM8009A_Init)
    [Anonymous Symbol]                       0x08003800   Section        0  stm32f7xx_it.o(.text.PendSV_Handler)
    [Anonymous Symbol]                       0x08003808   Section        0  stm32f7xx_it.o(.text.SVC_Handler)
    [Anonymous Symbol]                       0x08003810   Section        0  stm32f7xx_it.o(.text.SysTick_Handler)
    [Anonymous Symbol]                       0x08003818   Section        0  system_stm32f7xx.o(.text.SystemInit)
    [Anonymous Symbol]                       0x08003870   Section        0  stm32f7xx_it.o(.text.UsageFault_Handler)
    [Anonymous Symbol]                       0x08003878   Section        0  main.o(.text.main)
    i.__scatterload_copy                     0x08003ec8   Section       14  handlers.o(i.__scatterload_copy)
    i.__scatterload_null                     0x08003ed6   Section        2  handlers.o(i.__scatterload_null)
    i.__scatterload_zeroinit                 0x08003ed8   Section       14  handlers.o(i.__scatterload_zeroinit)
    Images                                   0x08006590   Data           8  main.o(.rodata.Images)
    [Anonymous Symbol]                       0x08006590   Section        0  main.o(.rodata.Images)
    .Lswitch.table.HAL_LTDC_SetPitch_NoReload 0x08006600   Data          32  stm32f7xx_hal_ltdc.o(.rodata.cst32)
    DMA_CalcBaseAndBitshift.flagBitshiftOffset 0x08006620   Data           8  stm32f7xx_hal_dma.o(.rodata.cst8)
    [Anonymous Symbol]                       0x08006620   Section        0  stm32f7xx_hal_dma.o(.rodata.cst8)
    .L.str.1                                 0x0809c758   Data          70  main.o(.rodata.str1.1)
    [Anonymous Symbol]                       0x0809c758   Section        0  main.o(.rodata.str1.1)
    .L_MergedGlobals                         0x20000000   Data          16  stm32f769i_discovery.o(.data..L_MergedGlobals)
    [Anonymous Symbol]                       0x20000000   Section        0  stm32f769i_discovery.o(.data..L_MergedGlobals)
    .L_MergedGlobals                         0x20000010   Data          16  stm32f769i_discovery_lcd.o(.data..L_MergedGlobals)
    [Anonymous Symbol]                       0x20000010   Section        0  stm32f769i_discovery_lcd.o(.data..L_MergedGlobals)
    .L_MergedGlobals                         0x20000020   Data           8  stm32f7xx_hal.o(.data..L_MergedGlobals)
    [Anonymous Symbol]                       0x20000020   Section        0  stm32f7xx_hal.o(.data..L_MergedGlobals)
    .L_MergedGlobals                         0x20000028   Data          20  main.o(.data..L_MergedGlobals)
    [Anonymous Symbol]                       0x20000028   Section        0  main.o(.data..L_MergedGlobals)
    pending_buffer                           0x20000038   Data           4  main.o(.data..L_MergedGlobals)
    .L_MergedGlobals                         0x20000048   Data         100  stm32f769i_discovery_sdram.o(.bss..L_MergedGlobals)
    BSP_SDRAM_Init.sdramstatus               0x20000048   Data           1  stm32f769i_discovery_sdram.o(.bss..L_MergedGlobals)
    [Anonymous Symbol]                       0x20000048   Section        0  stm32f769i_discovery_sdram.o(.bss..L_MergedGlobals)
    BSP_SDRAM_DeInit.sdramstatus             0x20000049   Data           1  stm32f769i_discovery_sdram.o(.bss..L_MergedGlobals)
    Command                                  0x2000004c   Data          16  stm32f769i_discovery_sdram.o(.bss..L_MergedGlobals)
    Timing                                   0x2000005c   Data          28  stm32f769i_discovery_sdram.o(.bss..L_MergedGlobals)
    .L_MergedGlobals.1                       0x200000ac   Data          60  stm32f769i_discovery_lcd.o(.bss..L_MergedGlobals.1)
    [Anonymous Symbol]                       0x200000ac   Section        0  stm32f769i_discovery_lcd.o(.bss..L_MergedGlobals.1)
    ActiveLayer                              0x200000b0   Data           4  stm32f769i_discovery_lcd.o(.bss..L_MergedGlobals.1)
    DrawProp                                 0x200000b4   Data          24  stm32f769i_discovery_lcd.o(.bss..L_MergedGlobals.1)
    .L_MergedGlobals.3                       0x200000e8   Data         116  main.o(.bss..L_MergedGlobals.3)
    ImageIndex                               0x200000e8   Data           4  main.o(.bss..L_MergedGlobals.3)
    [Anonymous Symbol]                       0x200000e8   Section        0  main.o(.bss..L_MergedGlobals.3)
    active_area                              0x200000ec   Data           4  main.o(.bss..L_MergedGlobals.3)
    BSP_SDRAM_MspInit.dma_handle             0x2000015c   Data          96  stm32f769i_discovery_sdram.o(.bss.BSP_SDRAM_MspInit.dma_handle)
    [Anonymous Symbol]                       0x2000015c   Section        0  stm32f769i_discovery_sdram.o(.bss.BSP_SDRAM_MspInit.dma_handle)
    PeriphClkInitStruct                      0x200001bc   Data         144  main.o(.bss.PeriphClkInitStruct)
    [Anonymous Symbol]                       0x200001bc   Section        0  main.o(.bss.PeriphClkInitStruct)
    hdma2d                                   0x2000024c   Data          88  main.o(.bss.hdma2d)
    [Anonymous Symbol]                       0x2000024c   Section        0  main.o(.bss.hdma2d)
    STACK                                    0x200003a8   Section     1024  startup_stm32f769xx.o(STACK)

    Global Symbols

    Symbol Name                              Value     Ov Type        Size  Object(Section)

    BuildAttributes$$THM_ISAv4$E$P$D$K$B$S$7EM$VFPv5_D16$PE$PLD8$A:L22UL41UL21$X:L11$S22US41US21$IEEE1$IW$~IW$USESV6$~STKCKD$USESV7$~SHL$OTIME$EBA8$MICROLIB$REQ8$PRES8$EABIv2 0x00000000   Number         0  anon$$obj.o ABSOLUTE
    __cpp_initialize__aeabi_                  - Undefined Weak Reference
    __cxa_finalize                            - Undefined Weak Reference
    __decompress                              - Undefined Weak Reference
    _clock_init                               - Undefined Weak Reference
    _microlib_exit                            - Undefined Weak Reference
    __Vectors_Size                           0x000001f8   Number         0  startup_stm32f769xx.o ABSOLUTE
    __Vectors                                0x08000000   Data           4  startup_stm32f769xx.o(RESET)
    __Vectors_End                            0x080001f8   Data           0  startup_stm32f769xx.o(RESET)
    __main                                   0x080001f9   Thumb Code     0  entry.o(.ARM.Collect$$$$00000000)
    _main_stk                                0x080001f9   Thumb Code     0  entry2.o(.ARM.Collect$$$$00000001)
    _main_scatterload                        0x080001fd   Thumb Code     0  entry5.o(.ARM.Collect$$$$00000004)
    __main_after_scatterload                 0x08000201   Thumb Code     0  entry5.o(.ARM.Collect$$$$00000004)
    _main_clock                              0x08000201   Thumb Code     0  entry7b.o(.ARM.Collect$$$$00000008)
    _main_cpp_init                           0x08000201   Thumb Code     0  entry8b.o(.ARM.Collect$$$$0000000A)
    _main_init                               0x08000201   Thumb Code     0  entry9a.o(.ARM.Collect$$$$0000000B)
    __rt_final_cpp                           0x08000209   Thumb Code     0  entry10a.o(.ARM.Collect$$$$0000000D)
    __rt_final_exit                          0x08000209   Thumb Code     0  entry11a.o(.ARM.Collect$$$$0000000F)
    Reset_Handler                            0x0800020d   Thumb Code     8  startup_stm32f769xx.o(.text)
    ADC_IRQHandler                           0x08000227   Thumb Code     0  startup_stm32f769xx.o(.text)
    CAN1_RX0_IRQHandler                      0x08000227   Thumb Code     0  startup_stm32f769xx.o(.text)
    CAN1_RX1_IRQHandler                      0x08000227   Thumb Code     0  startup_stm32f769xx.o(.text)
    CAN1_SCE_IRQHandler                      0x08000227   Thumb Code     0  startup_stm32f769xx.o(.text)
    CAN1_TX_IRQHandler                       0x08000227   Thumb Code     0  startup_stm32f769xx.o(.text)
    CAN2_RX0_IRQHandler                      0x08000227   Thumb Code     0  startup_stm32f769xx.o(.text)
    CAN2_RX1_IRQHandler                      0x08000227   Thumb Code     0  startup_stm32f769xx.o(.text)
    CAN2_SCE_IRQHandler                      0x08000227   Thumb Code     0  startup_stm32f769xx.o(.text)
    CAN2_TX_IRQHandler                       0x08000227   Thumb Code     0  startup_stm32f769xx.o(.text)
    CAN3_RX0_IRQHandler                      0x08000227   Thumb Code     0  startup_stm32f769xx.o(.text)
    CAN3_RX1_IRQHandler                      0x08000227   Thumb Code     0  startup_stm32f769xx.o(.text)
    CAN3_SCE_IRQHandler                      0x08000227   Thumb Code     0  startup_stm32f769xx.o(.text)
    CAN3_TX_IRQHandler                       0x08000227   Thumb Code     0  startup_stm32f769xx.o(.text)
    CEC_IRQHandler                           0x08000227   Thumb Code     0  startup_stm32f769xx.o(.text)
    DCMI_IRQHandler                          0x08000227   Thumb Code     0  startup_stm32f769xx.o(.text)
    DFSDM1_FLT0_IRQHandler                   0x08000227   Thumb Code     0  startup_stm32f769xx.o(.text)
    DFSDM1_FLT1_IRQHandler                   0x08000227   Thumb Code     0  startup_stm32f769xx.o(.text)
    DFSDM1_FLT2_IRQHandler                   0x08000227   Thumb Code     0  startup_stm32f769xx.o(.text)
    DFSDM1_FLT3_IRQHandler                   0x08000227   Thumb Code     0  startup_stm32f769xx.o(.text)
    DMA1_Stream0_IRQHandler                  0x08000227   Thumb Code     0  startup_stm32f769xx.o(.text)
    DMA1_Stream1_IRQHandler                  0x08000227   Thumb Code     0  startup_stm32f769xx.o(.text)
    DMA1_Stream2_IRQHandler                  0x08000227   Thumb Code     0  startup_stm32f769xx.o(.text)
    DMA1_Stream3_IRQHandler                  0x08000227   Thumb Code     0  startup_stm32f769xx.o(.text)
    DMA1_Stream4_IRQHandler                  0x08000227   Thumb Code     0  startup_stm32f769xx.o(.text)
    DMA1_Stream5_IRQHandler                  0x08000227   Thumb Code     0  startup_stm32f769xx.o(.text)
    DMA1_Stream6_IRQHandler                  0x08000227   Thumb Code     0  startup_stm32f769xx.o(.text)
    DMA1_Stream7_IRQHandler                  0x08000227   Thumb Code     0  startup_stm32f769xx.o(.text)
    DMA2D_IRQHandler                         0x08000227   Thumb Code     0  startup_stm32f769xx.o(.text)
    DMA2_Stream0_IRQHandler                  0x08000227   Thumb Code     0  startup_stm32f769xx.o(.text)
    DMA2_Stream1_IRQHandler                  0x08000227   Thumb Code     0  startup_stm32f769xx.o(.text)
    DMA2_Stream2_IRQHandler                  0x08000227   Thumb Code     0  startup_stm32f769xx.o(.text)
    DMA2_Stream3_IRQHandler                  0x08000227   Thumb Code     0  startup_stm32f769xx.o(.text)
    DMA2_Stream4_IRQHandler                  0x08000227   Thumb Code     0  startup_stm32f769xx.o(.text)
    DMA2_Stream5_IRQHandler                  0x08000227   Thumb Code     0  startup_stm32f769xx.o(.text)
    DMA2_Stream6_IRQHandler                  0x08000227   Thumb Code     0  startup_stm32f769xx.o(.text)
    DMA2_Stream7_IRQHandler                  0x08000227   Thumb Code     0  startup_stm32f769xx.o(.text)
    ETH_IRQHandler                           0x08000227   Thumb Code     0  startup_stm32f769xx.o(.text)
    ETH_WKUP_IRQHandler                      0x08000227   Thumb Code     0  startup_stm32f769xx.o(.text)
    EXTI0_IRQHandler                         0x08000227   Thumb Code     0  startup_stm32f769xx.o(.text)
    EXTI15_10_IRQHandler                     0x08000227   Thumb Code     0  startup_stm32f769xx.o(.text)
    EXTI1_IRQHandler                         0x08000227   Thumb Code     0  startup_stm32f769xx.o(.text)
    EXTI2_IRQHandler                         0x08000227   Thumb Code     0  startup_stm32f769xx.o(.text)
    EXTI3_IRQHandler                         0x08000227   Thumb Code     0  startup_stm32f769xx.o(.text)
    EXTI4_IRQHandler                         0x08000227   Thumb Code     0  startup_stm32f769xx.o(.text)
    EXTI9_5_IRQHandler                       0x08000227   Thumb Code     0  startup_stm32f769xx.o(.text)
    FLASH_IRQHandler                         0x08000227   Thumb Code     0  startup_stm32f769xx.o(.text)
    FMC_IRQHandler                           0x08000227   Thumb Code     0  startup_stm32f769xx.o(.text)
    FPU_IRQHandler                           0x08000227   Thumb Code     0  startup_stm32f769xx.o(.text)
    I2C1_ER_IRQHandler                       0x08000227   Thumb Code     0  startup_stm32f769xx.o(.text)
    I2C1_EV_IRQHandler                       0x08000227   Thumb Code     0  startup_stm32f769xx.o(.text)
    I2C2_ER_IRQHandler                       0x08000227   Thumb Code     0  startup_stm32f769xx.o(.text)
    I2C2_EV_IRQHandler                       0x08000227   Thumb Code     0  startup_stm32f769xx.o(.text)
    I2C3_ER_IRQHandler                       0x08000227   Thumb Code     0  startup_stm32f769xx.o(.text)
    I2C3_EV_IRQHandler                       0x08000227   Thumb Code     0  startup_stm32f769xx.o(.text)
    I2C4_ER_IRQHandler                       0x08000227   Thumb Code     0  startup_stm32f769xx.o(.text)
    I2C4_EV_IRQHandler                       0x08000227   Thumb Code     0  startup_stm32f769xx.o(.text)
    JPEG_IRQHandler                          0x08000227   Thumb Code     0  startup_stm32f769xx.o(.text)
    LPTIM1_IRQHandler                        0x08000227   Thumb Code     0  startup_stm32f769xx.o(.text)
    MDIOS_IRQHandler                         0x08000227   Thumb Code     0  startup_stm32f769xx.o(.text)
    OTG_FS_IRQHandler                        0x08000227   Thumb Code     0  startup_stm32f769xx.o(.text)
    OTG_FS_WKUP_IRQHandler                   0x08000227   Thumb Code     0  startup_stm32f769xx.o(.text)
    OTG_HS_EP1_IN_IRQHandler                 0x08000227   Thumb Code     0  startup_stm32f769xx.o(.text)
    OTG_HS_EP1_OUT_IRQHandler                0x08000227   Thumb Code     0  startup_stm32f769xx.o(.text)
    OTG_HS_IRQHandler                        0x08000227   Thumb Code     0  startup_stm32f769xx.o(.text)
    OTG_HS_WKUP_IRQHandler                   0x08000227   Thumb Code     0  startup_stm32f769xx.o(.text)
    PVD_IRQHandler                           0x08000227   Thumb Code     0  startup_stm32f769xx.o(.text)
    QUADSPI_IRQHandler                       0x08000227   Thumb Code     0  startup_stm32f769xx.o(.text)
    RCC_IRQHandler                           0x08000227   Thumb Code     0  startup_stm32f769xx.o(.text)
    RNG_IRQHandler                           0x08000227   Thumb Code     0  startup_stm32f769xx.o(.text)
    RTC_Alarm_IRQHandler                     0x08000227   Thumb Code     0  startup_stm32f769xx.o(.text)
    RTC_WKUP_IRQHandler                      0x08000227   Thumb Code     0  startup_stm32f769xx.o(.text)
    SAI1_IRQHandler                          0x08000227   Thumb Code     0  startup_stm32f769xx.o(.text)
    SAI2_IRQHandler                          0x08000227   Thumb Code     0  startup_stm32f769xx.o(.text)
    SDMMC1_IRQHandler                        0x08000227   Thumb Code     0  startup_stm32f769xx.o(.text)
    SDMMC2_IRQHandler                        0x08000227   Thumb Code     0  startup_stm32f769xx.o(.text)
    SPDIF_RX_IRQHandler                      0x08000227   Thumb Code     0  startup_stm32f769xx.o(.text)
    SPI1_IRQHandler                          0x08000227   Thumb Code     0  startup_stm32f769xx.o(.text)
    SPI2_IRQHandler                          0x08000227   Thumb Code     0  startup_stm32f769xx.o(.text)
    SPI3_IRQHandler                          0x08000227   Thumb Code     0  startup_stm32f769xx.o(.text)
    SPI4_IRQHandler                          0x08000227   Thumb Code     0  startup_stm32f769xx.o(.text)
    SPI5_IRQHandler                          0x08000227   Thumb Code     0  startup_stm32f769xx.o(.text)
    SPI6_IRQHandler                          0x08000227   Thumb Code     0  startup_stm32f769xx.o(.text)
    TAMP_STAMP_IRQHandler                    0x08000227   Thumb Code     0  startup_stm32f769xx.o(.text)
    TIM1_BRK_TIM9_IRQHandler                 0x08000227   Thumb Code     0  startup_stm32f769xx.o(.text)
    TIM1_CC_IRQHandler                       0x08000227   Thumb Code     0  startup_stm32f769xx.o(.text)
    TIM1_TRG_COM_TIM11_IRQHandler            0x08000227   Thumb Code     0  startup_stm32f769xx.o(.text)
    TIM1_UP_TIM10_IRQHandler                 0x08000227   Thumb Code     0  startup_stm32f769xx.o(.text)
    TIM2_IRQHandler                          0x08000227   Thumb Code     0  startup_stm32f769xx.o(.text)
    TIM3_IRQHandler                          0x08000227   Thumb Code     0  startup_stm32f769xx.o(.text)
    TIM4_IRQHandler                          0x08000227   Thumb Code     0  startup_stm32f769xx.o(.text)
    TIM5_IRQHandler                          0x08000227   Thumb Code     0  startup_stm32f769xx.o(.text)
    TIM6_DAC_IRQHandler                      0x08000227   Thumb Code     0  startup_stm32f769xx.o(.text)
    TIM7_IRQHandler                          0x08000227   Thumb Code     0  startup_stm32f769xx.o(.text)
    TIM8_BRK_TIM12_IRQHandler                0x08000227   Thumb Code     0  startup_stm32f769xx.o(.text)
    TIM8_CC_IRQHandler                       0x08000227   Thumb Code     0  startup_stm32f769xx.o(.text)
    TIM8_TRG_COM_TIM14_IRQHandler            0x08000227   Thumb Code     0  startup_stm32f769xx.o(.text)
    TIM8_UP_TIM13_IRQHandler                 0x08000227   Thumb Code     0  startup_stm32f769xx.o(.text)
    UART4_IRQHandler                         0x08000227   Thumb Code     0  startup_stm32f769xx.o(.text)
    UART5_IRQHandler                         0x08000227   Thumb Code     0  startup_stm32f769xx.o(.text)
    UART7_IRQHandler                         0x08000227   Thumb Code     0  startup_stm32f769xx.o(.text)
    UART8_IRQHandler                         0x08000227   Thumb Code     0  startup_stm32f769xx.o(.text)
    USART1_IRQHandler                        0x08000227   Thumb Code     0  startup_stm32f769xx.o(.text)
    USART2_IRQHandler                        0x08000227   Thumb Code     0  startup_stm32f769xx.o(.text)
    USART3_IRQHandler                        0x08000227   Thumb Code     0  startup_stm32f769xx.o(.text)
    USART6_IRQHandler                        0x08000227   Thumb Code     0  startup_stm32f769xx.o(.text)
    WWDG_IRQHandler                          0x08000227   Thumb Code     0  startup_stm32f769xx.o(.text)
    __aeabi_uldivmod                         0x08000231   Thumb Code    98  uldiv.o(.text)
    __aeabi_memset                           0x08000293   Thumb Code    14  memseta.o(.text)
    __aeabi_memset4                          0x08000293   Thumb Code     0  memseta.o(.text)
    __aeabi_memset8                          0x08000293   Thumb Code     0  memseta.o(.text)
    __aeabi_memclr                           0x080002a1   Thumb Code     4  memseta.o(.text)
    __aeabi_memclr4                          0x080002a1   Thumb Code     0  memseta.o(.text)
    __aeabi_memclr8                          0x080002a1   Thumb Code     0  memseta.o(.text)
    _memset$wrapper                          0x080002a5   Thumb Code    18  memseta.o(.text)
    __aeabi_llsl                             0x080002b7   Thumb Code    30  llshl.o(.text)
    _ll_shift_l                              0x080002b7   Thumb Code     0  llshl.o(.text)
    __aeabi_llsr                             0x080002d5   Thumb Code    32  llushr.o(.text)
    _ll_ushift_r                             0x080002d5   Thumb Code     0  llushr.o(.text)
    __scatterload                            0x080002f5   Thumb Code    28  init.o(.text)
    __scatterload_rt2                        0x080002f5   Thumb Code     0  init.o(.text)
    BSP_LCD_DisplayChar                      0x08000319   Thumb Code   774  stm32f769i_discovery_lcd.o(.text.BSP_LCD_DisplayChar)
    BSP_LCD_DisplayStringAtLine              0x08000621   Thumb Code   148  stm32f769i_discovery_lcd.o(.text.BSP_LCD_DisplayStringAtLine)
    BSP_LCD_FillRect                         0x080006b9   Thumb Code   176  stm32f769i_discovery_lcd.o(.text.BSP_LCD_FillRect)
    BSP_LCD_GetXSize                         0x08000769   Thumb Code    12  stm32f769i_discovery_lcd.o(.text.BSP_LCD_GetXSize)
    BSP_LCD_GetYSize                         0x08000779   Thumb Code    12  stm32f769i_discovery_lcd.o(.text.BSP_LCD_GetYSize)
    BSP_LCD_MspInit                          0x08000789   Thumb Code   176  stm32f769i_discovery_lcd.o(.text.BSP_LCD_MspInit)
    BSP_LCD_Reset                            0x08000839   Thumb Code   102  stm32f769i_discovery_lcd.o(.text.BSP_LCD_Reset)
    BSP_LCD_SelectLayer                      0x080008a1   Thumb Code    12  stm32f769i_discovery_lcd.o(.text.BSP_LCD_SelectLayer)
    BSP_LCD_SetBackColor                     0x080008b1   Thumb Code    22  stm32f769i_discovery_lcd.o(.text.BSP_LCD_SetBackColor)
    BSP_LCD_SetFont                          0x080008c9   Thumb Code    22  stm32f769i_discovery_lcd.o(.text.BSP_LCD_SetFont)
    BSP_LCD_SetTextColor                     0x080008e1   Thumb Code    22  stm32f769i_discovery_lcd.o(.text.BSP_LCD_SetTextColor)
    BSP_LED_Init                             0x080008f9   Thumb Code    70  stm32f769i_discovery.o(.text.BSP_LED_Init)
    BSP_SDRAM_Init                           0x08000941   Thumb Code   262  stm32f769i_discovery_sdram.o(.text.BSP_SDRAM_Init)
    BSP_SDRAM_MspInit                        0x08000a49   Thumb Code   380  stm32f769i_discovery_sdram.o(.text.BSP_SDRAM_MspInit)
    BusFault_Handler                         0x08000bc9   Thumb Code     2  stm32f7xx_it.o(.text.BusFault_Handler)
    DSI_IO_WriteCmd                          0x08000bd1   Thumb Code    80  stm32f769i_discovery_lcd.o(.text.DSI_IO_WriteCmd)
    DSI_IRQHandler                           0x08000c21   Thumb Code    12  stm32f7xx_it.o(.text.DSI_IRQHandler)
    DebugMon_Handler                         0x08000c31   Thumb Code     2  stm32f7xx_it.o(.text.DebugMon_Handler)
    FMC_SDRAM_Init                           0x08000c39   Thumb Code   146  stm32f7xx_ll_fmc.o(.text.FMC_SDRAM_Init)
    FMC_SDRAM_ProgramRefreshRate             0x08000cd1   Thumb Code    22  stm32f7xx_ll_fmc.o(.text.FMC_SDRAM_ProgramRefreshRate)
    FMC_SDRAM_SendCommand                    0x08000ce9   Thumb Code    46  stm32f7xx_ll_fmc.o(.text.FMC_SDRAM_SendCommand)
    FMC_SDRAM_Timing_Init                    0x08000d19   Thumb Code   218  stm32f7xx_ll_fmc.o(.text.FMC_SDRAM_Timing_Init)
    HAL_DMA2D_ConfigLayer                    0x08000df9   Thumb Code   176  stm32f7xx_hal_dma2d.o(.text.HAL_DMA2D_ConfigLayer)
    HAL_DMA2D_Init                           0x08000ea9   Thumb Code   104  stm32f7xx_hal_dma2d.o(.text.HAL_DMA2D_Init)
    HAL_DMA2D_MspInit                        0x08000f11   Thumb Code     2  stm32f7xx_hal_dma2d.o(.text.HAL_DMA2D_MspInit)
    HAL_DMA2D_PollForTransfer                0x08000f19   Thumb Code   486  stm32f7xx_hal_dma2d.o(.text.HAL_DMA2D_PollForTransfer)
    HAL_DMA2D_Start                          0x08001101   Thumb Code   220  stm32f7xx_hal_dma2d.o(.text.HAL_DMA2D_Start)
    HAL_DMA_DeInit                           0x080011e1   Thumb Code   138  stm32f7xx_hal_dma.o(.text.HAL_DMA_DeInit)
    HAL_DMA_Init                             0x08001271   Thumb Code   346  stm32f7xx_hal_dma.o(.text.HAL_DMA_Init)
    HAL_DSI_ConfigAdaptedCommandMode         0x080013d1   Thumb Code   236  stm32f7xx_hal_dsi.o(.text.HAL_DSI_ConfigAdaptedCommandMode)
    HAL_DSI_ConfigCommand                    0x080014c1   Thumb Code   144  stm32f7xx_hal_dsi.o(.text.HAL_DSI_ConfigCommand)
    HAL_DSI_ConfigFlowControl                0x08001551   Thumb Code    36  stm32f7xx_hal_dsi.o(.text.HAL_DSI_ConfigFlowControl)
    HAL_DSI_ConfigPhyTimer                   0x08001579   Thumb Code   122  stm32f7xx_hal_dsi.o(.text.HAL_DSI_ConfigPhyTimer)
    HAL_DSI_DeInit                           0x080015f9   Thumb Code   156  stm32f7xx_hal_dsi.o(.text.HAL_DSI_DeInit)
    HAL_DSI_EndOfRefreshCallback             0x08001699   Thumb Code   308  main.o(.text.HAL_DSI_EndOfRefreshCallback)
    HAL_DSI_ErrorCallback                    0x080017d1   Thumb Code     2  stm32f7xx_hal_dsi.o(.text.HAL_DSI_ErrorCallback)
    HAL_DSI_IRQHandler                       0x080017d9   Thumb Code   282  stm32f7xx_hal_dsi.o(.text.HAL_DSI_IRQHandler)
    HAL_DSI_Init                             0x080018f9   Thumb Code   506  stm32f7xx_hal_dsi.o(.text.HAL_DSI_Init)
    HAL_DSI_LongWrite                        0x08001af9   Thumb Code   394  stm32f7xx_hal_dsi.o(.text.HAL_DSI_LongWrite)
    HAL_DSI_MspDeInit                        0x08001c89   Thumb Code     2  stm32f7xx_hal_dsi.o(.text.HAL_DSI_MspDeInit)
    HAL_DSI_MspInit                          0x08001c91   Thumb Code     2  stm32f7xx_hal_dsi.o(.text.HAL_DSI_MspInit)
    HAL_DSI_Refresh                          0x08001c99   Thumb Code    34  stm32f7xx_hal_dsi.o(.text.HAL_DSI_Refresh)
    HAL_DSI_ShortWrite                       0x08001cc1   Thumb Code   102  stm32f7xx_hal_dsi.o(.text.HAL_DSI_ShortWrite)
    HAL_DSI_Start                            0x08001d29   Thumb Code    72  stm32f7xx_hal_dsi.o(.text.HAL_DSI_Start)
    HAL_DSI_TearingEffectCallback            0x08001d71   Thumb Code     2  stm32f7xx_hal_dsi.o(.text.HAL_DSI_TearingEffectCallback)
    HAL_Delay                                0x08001d79   Thumb Code    40  stm32f7xx_hal.o(.text.HAL_Delay)
    HAL_GPIO_Init                            0x08001da1   Thumb Code   422  stm32f7xx_hal_gpio.o(.text.HAL_GPIO_Init)
    HAL_GPIO_WritePin                        0x08001f49   Thumb Code    10  stm32f7xx_hal_gpio.o(.text.HAL_GPIO_WritePin)
    HAL_GetTick                              0x08001f59   Thumb Code    12  stm32f7xx_hal.o(.text.HAL_GetTick)
    HAL_IncTick                              0x08001f69   Thumb Code    26  stm32f7xx_hal.o(.text.HAL_IncTick)
    HAL_Init                                 0x08001f89   Thumb Code    46  stm32f7xx_hal.o(.text.HAL_Init)
    HAL_InitTick                             0x08001fb9   Thumb Code    72  stm32f7xx_hal.o(.text.HAL_InitTick)
    HAL_LTDC_ConfigLayer                     0x08002001   Thumb Code   118  stm32f7xx_hal_ltdc.o(.text.HAL_LTDC_ConfigLayer)
    HAL_LTDC_DeInit                          0x08002079   Thumb Code   104  stm32f7xx_hal_ltdc.o(.text.HAL_LTDC_DeInit)
    HAL_LTDC_ErrorCallback                   0x080020e1   Thumb Code     2  stm32f7xx_hal_ltdc.o(.text.HAL_LTDC_ErrorCallback)
    HAL_LTDC_IRQHandler                      0x080020e9   Thumb Code   208  stm32f7xx_hal_ltdc.o(.text.HAL_LTDC_IRQHandler)
    HAL_LTDC_Init                            0x080021b9   Thumb Code   220  stm32f7xx_hal_ltdc.o(.text.HAL_LTDC_Init)
    HAL_LTDC_LineEventCallback               0x08002299   Thumb Code     2  stm32f7xx_hal_ltdc.o(.text.HAL_LTDC_LineEventCallback)
    HAL_LTDC_MspDeInit                       0x080022a1   Thumb Code     2  stm32f7xx_hal_ltdc.o(.text.HAL_LTDC_MspDeInit)
    HAL_LTDC_MspInit                         0x080022a9   Thumb Code     2  stm32f7xx_hal_ltdc.o(.text.HAL_LTDC_MspInit)
    HAL_LTDC_ReloadEventCallback             0x080022b1   Thumb Code     2  stm32f7xx_hal_ltdc.o(.text.HAL_LTDC_ReloadEventCallback)
    HAL_LTDC_SetPitch                        0x080022b9   Thumb Code   124  stm32f7xx_hal_ltdc.o(.text.HAL_LTDC_SetPitch)
    HAL_MPU_ConfigRegion                     0x08002339   Thumb Code    94  stm32f7xx_hal_cortex.o(.text.HAL_MPU_ConfigRegion)
    HAL_MPU_Disable                          0x08002399   Thumb Code    26  stm32f7xx_hal_cortex.o(.text.HAL_MPU_Disable)
    HAL_MPU_Enable                           0x080023b9   Thumb Code    32  stm32f7xx_hal_cortex.o(.text.HAL_MPU_Enable)
    HAL_MspInit                              0x080023d9   Thumb Code     2  stm32f7xx_hal.o(.text.HAL_MspInit)
    HAL_NVIC_EnableIRQ                       0x080023e1   Thumb Code    38  stm32f7xx_hal_cortex.o(.text.HAL_NVIC_EnableIRQ)
    HAL_NVIC_SetPriority                     0x08002409   Thumb Code    90  stm32f7xx_hal_cortex.o(.text.HAL_NVIC_SetPriority)
    HAL_NVIC_SetPriorityGrouping             0x08002469   Thumb Code    32  stm32f7xx_hal_cortex.o(.text.HAL_NVIC_SetPriorityGrouping)
    HAL_PWREx_EnableOverDrive                0x08002489   Thumb Code   118  stm32f7xx_hal_pwr_ex.o(.text.HAL_PWREx_EnableOverDrive)
    HAL_RCCEx_PeriphCLKConfig                0x08002501   Thumb Code  1490  stm32f7xx_hal_rcc_ex.o(.text.HAL_RCCEx_PeriphCLKConfig)
    HAL_RCC_ClockConfig                      0x08002ad9   Thumb Code   490  stm32f7xx_hal_rcc.o(.text.HAL_RCC_ClockConfig)
    HAL_RCC_OscConfig                        0x08002cc9   Thumb Code   920  stm32f7xx_hal_rcc.o(.text.HAL_RCC_OscConfig)
    HAL_SDRAM_Init                           0x08003061   Thumb Code    64  stm32f7xx_hal_sdram.o(.text.HAL_SDRAM_Init)
    HAL_SDRAM_MspInit                        0x080030a1   Thumb Code     2  stm32f7xx_hal_sdram.o(.text.HAL_SDRAM_MspInit)
    HAL_SDRAM_ProgramRefreshRate             0x080030a9   Thumb Code    48  stm32f7xx_hal_sdram.o(.text.HAL_SDRAM_ProgramRefreshRate)
    HAL_SDRAM_SendCommand                    0x080030d9   Thumb Code    58  stm32f7xx_hal_sdram.o(.text.HAL_SDRAM_SendCommand)
    HAL_SYSTICK_Config                       0x08003119   Thumb Code    46  stm32f7xx_hal_cortex.o(.text.HAL_SYSTICK_Config)
    HardFault_Handler                        0x08003149   Thumb Code     2  stm32f7xx_it.o(.text.HardFault_Handler)
    LTDC_ER_IRQHandler                       0x08003151   Thumb Code    12  stm32f7xx_it.o(.text.LTDC_ER_IRQHandler)
    LTDC_IRQHandler                          0x08003161   Thumb Code    12  stm32f7xx_it.o(.text.LTDC_IRQHandler)
    MemManage_Handler                        0x08003299   Thumb Code     2  stm32f7xx_it.o(.text.MemManage_Handler)
    NMI_Handler                              0x080032a1   Thumb Code     2  stm32f7xx_it.o(.text.NMI_Handler)
    OTM8009A_IO_Delay                        0x080032a9   Thumb Code     4  stm32f769i_discovery.o(.text.OTM8009A_IO_Delay)
    OTM8009A_Init                            0x080032b1   Thumb Code  1356  otm8009a.o(.text.OTM8009A_Init)
    PendSV_Handler                           0x08003801   Thumb Code     2  stm32f7xx_it.o(.text.PendSV_Handler)
    SVC_Handler                              0x08003809   Thumb Code     2  stm32f7xx_it.o(.text.SVC_Handler)
    SysTick_Handler                          0x08003811   Thumb Code     4  stm32f7xx_it.o(.text.SysTick_Handler)
    SystemInit                               0x08003819   Thumb Code    86  system_stm32f7xx.o(.text.SystemInit)
    UsageFault_Handler                       0x08003871   Thumb Code     2  stm32f7xx_it.o(.text.UsageFault_Handler)
    main                                     0x08003879   Thumb Code  1528  main.o(.text.main)
    __scatterload_copy                       0x08003ec9   Thumb Code    14  handlers.o(i.__scatterload_copy)
    __scatterload_null                       0x08003ed7   Thumb Code     2  handlers.o(i.__scatterload_null)
    __scatterload_zeroinit                   0x08003ed9   Thumb Code    14  handlers.o(i.__scatterload_zeroinit)
    AHBPrescTable                            0x08003ee6   Data          16  system_stm32f7xx.o(.rodata.AHBPrescTable)
    Font16_Table                             0x08003ef6   Data        3040  stm32f769i_discovery_lcd.o(.rodata.Font16_Table)
    Font24_Table                             0x08004ad6   Data        6840  stm32f769i_discovery_lcd.o(.rodata.Font24_Table)
    ShortRegData1                            0x08006598   Data           2  otm8009a.o(.rodata.ShortRegData1)
    ShortRegData10                           0x0800659a   Data           2  otm8009a.o(.rodata.ShortRegData10)
    ShortRegData11                           0x0800659c   Data           2  otm8009a.o(.rodata.ShortRegData11)
    ShortRegData12                           0x0800659e   Data           2  otm8009a.o(.rodata.ShortRegData12)
    ShortRegData13                           0x080065a0   Data           2  otm8009a.o(.rodata.ShortRegData13)
    ShortRegData14                           0x080065a2   Data           2  otm8009a.o(.rodata.ShortRegData14)
    ShortRegData15                           0x080065a4   Data           2  otm8009a.o(.rodata.ShortRegData15)
    ShortRegData16                           0x080065a6   Data           2  otm8009a.o(.rodata.ShortRegData16)
    ShortRegData17                           0x080065a8   Data           2  otm8009a.o(.rodata.ShortRegData17)
    ShortRegData18                           0x080065aa   Data           2  otm8009a.o(.rodata.ShortRegData18)
    ShortRegData19                           0x080065ac   Data           2  otm8009a.o(.rodata.ShortRegData19)
    ShortRegData2                            0x080065ae   Data           2  otm8009a.o(.rodata.ShortRegData2)
    ShortRegData20                           0x080065b0   Data           2  otm8009a.o(.rodata.ShortRegData20)
    ShortRegData21                           0x080065b2   Data           2  otm8009a.o(.rodata.ShortRegData21)
    ShortRegData22                           0x080065b4   Data           2  otm8009a.o(.rodata.ShortRegData22)
    ShortRegData23                           0x080065b6   Data           2  otm8009a.o(.rodata.ShortRegData23)
    ShortRegData24                           0x080065b8   Data           2  otm8009a.o(.rodata.ShortRegData24)
    ShortRegData25                           0x080065ba   Data           2  otm8009a.o(.rodata.ShortRegData25)
    ShortRegData26                           0x080065bc   Data           2  otm8009a.o(.rodata.ShortRegData26)
    ShortRegData27                           0x080065be   Data           2  otm8009a.o(.rodata.ShortRegData27)
    ShortRegData28                           0x080065c0   Data           2  otm8009a.o(.rodata.ShortRegData28)
    ShortRegData29                           0x080065c2   Data           2  otm8009a.o(.rodata.ShortRegData29)
    ShortRegData3                            0x080065c4   Data           2  otm8009a.o(.rodata.ShortRegData3)
    ShortRegData30                           0x080065c6   Data           2  otm8009a.o(.rodata.ShortRegData30)
    ShortRegData31                           0x080065c8   Data           2  otm8009a.o(.rodata.ShortRegData31)
    ShortRegData32                           0x080065ca   Data           2  otm8009a.o(.rodata.ShortRegData32)
    ShortRegData33                           0x080065cc   Data           2  otm8009a.o(.rodata.ShortRegData33)
    ShortRegData34                           0x080065ce   Data           2  otm8009a.o(.rodata.ShortRegData34)
    ShortRegData35                           0x080065d0   Data           2  otm8009a.o(.rodata.ShortRegData35)
    ShortRegData36                           0x080065d2   Data           2  otm8009a.o(.rodata.ShortRegData36)
    ShortRegData37                           0x080065d4   Data           2  otm8009a.o(.rodata.ShortRegData37)
    ShortRegData38                           0x080065d6   Data           2  otm8009a.o(.rodata.ShortRegData38)
    ShortRegData39                           0x080065d8   Data           2  otm8009a.o(.rodata.ShortRegData39)
    ShortRegData4                            0x080065da   Data           2  otm8009a.o(.rodata.ShortRegData4)
    ShortRegData40                           0x080065dc   Data           2  otm8009a.o(.rodata.ShortRegData40)
    ShortRegData41                           0x080065de   Data           2  otm8009a.o(.rodata.ShortRegData41)
    ShortRegData42                           0x080065e0   Data           2  otm8009a.o(.rodata.ShortRegData42)
    ShortRegData43                           0x080065e2   Data           2  otm8009a.o(.rodata.ShortRegData43)
    ShortRegData44                           0x080065e4   Data           2  otm8009a.o(.rodata.ShortRegData44)
    ShortRegData45                           0x080065e6   Data           2  otm8009a.o(.rodata.ShortRegData45)
    ShortRegData46                           0x080065e8   Data           2  otm8009a.o(.rodata.ShortRegData46)
    ShortRegData47                           0x080065ea   Data           2  otm8009a.o(.rodata.ShortRegData47)
    ShortRegData48                           0x080065ec   Data           2  otm8009a.o(.rodata.ShortRegData48)
    ShortRegData49                           0x080065ee   Data           2  otm8009a.o(.rodata.ShortRegData49)
    ShortRegData5                            0x080065f0   Data           2  otm8009a.o(.rodata.ShortRegData5)
    ShortRegData50                           0x080065f2   Data           2  otm8009a.o(.rodata.ShortRegData50)
    ShortRegData51                           0x080065f4   Data           2  otm8009a.o(.rodata.ShortRegData51)
    ShortRegData6                            0x080065f6   Data           2  otm8009a.o(.rodata.ShortRegData6)
    ShortRegData7                            0x080065f8   Data           2  otm8009a.o(.rodata.ShortRegData7)
    ShortRegData8                            0x080065fa   Data           2  otm8009a.o(.rodata.ShortRegData8)
    ShortRegData9                            0x080065fc   Data           2  otm8009a.o(.rodata.ShortRegData9)
    image_320x240_argb8888                   0x08006628   Data       307200  main.o(.rodata.image_320x240_argb8888)
    lcdRegData1                              0x08051628   Data           4  otm8009a.o(.rodata.lcdRegData1)
    lcdRegData10                             0x0805162c   Data          11  otm8009a.o(.rodata.lcdRegData10)
    lcdRegData11                             0x08051637   Data          11  otm8009a.o(.rodata.lcdRegData11)
    lcdRegData12                             0x08051642   Data          16  otm8009a.o(.rodata.lcdRegData12)
    lcdRegData13                             0x08051652   Data          16  otm8009a.o(.rodata.lcdRegData13)
    lcdRegData14                             0x08051662   Data          11  otm8009a.o(.rodata.lcdRegData14)
    lcdRegData15                             0x0805166d   Data          16  otm8009a.o(.rodata.lcdRegData15)
    lcdRegData16                             0x0805167d   Data          16  otm8009a.o(.rodata.lcdRegData16)
    lcdRegData17                             0x0805168d   Data          11  otm8009a.o(.rodata.lcdRegData17)
    lcdRegData18                             0x08051698   Data          11  otm8009a.o(.rodata.lcdRegData18)
    lcdRegData19                             0x080516a3   Data          11  otm8009a.o(.rodata.lcdRegData19)
    lcdRegData2                              0x080516ae   Data           3  otm8009a.o(.rodata.lcdRegData2)
    lcdRegData20                             0x080516b1   Data          16  otm8009a.o(.rodata.lcdRegData20)
    lcdRegData21                             0x080516c1   Data          16  otm8009a.o(.rodata.lcdRegData21)
    lcdRegData22                             0x080516d1   Data          11  otm8009a.o(.rodata.lcdRegData22)
    lcdRegData23                             0x080516dc   Data          16  otm8009a.o(.rodata.lcdRegData23)
    lcdRegData24                             0x080516ec   Data          16  otm8009a.o(.rodata.lcdRegData24)
    lcdRegData25                             0x080516fc   Data           4  otm8009a.o(.rodata.lcdRegData25)
    lcdRegData27                             0x08051700   Data           5  otm8009a.o(.rodata.lcdRegData27)
    lcdRegData28                             0x08051705   Data           5  otm8009a.o(.rodata.lcdRegData28)
    lcdRegData3                              0x0805170a   Data          17  otm8009a.o(.rodata.lcdRegData3)
    lcdRegData4                              0x0805171b   Data          17  otm8009a.o(.rodata.lcdRegData4)
    lcdRegData5                              0x0805172c   Data           3  otm8009a.o(.rodata.lcdRegData5)
    lcdRegData6                              0x0805172f   Data           3  otm8009a.o(.rodata.lcdRegData6)
    lcdRegData7                              0x08051732   Data           7  otm8009a.o(.rodata.lcdRegData7)
    lcdRegData8                              0x08051739   Data          15  otm8009a.o(.rodata.lcdRegData8)
    lcdRegData9                              0x08051748   Data          15  otm8009a.o(.rodata.lcdRegData9)
    life_augmented_argb8888                  0x08051758   Data       307200  main.o(.rodata.life_augmented_argb8888)
    Region$$Table$$Base                      0x0809c7a0   Number         0  anon$$obj.o(Region$$Table)
    Region$$Table$$Limit                     0x0809c7c0   Number         0  anon$$obj.o(Region$$Table)
    GPIO_PIN                                 0x20000000   Data           8  stm32f769i_discovery.o(.data..L_MergedGlobals)
    GPIO_PORT                                0x20000008   Data           8  stm32f769i_discovery.o(.data..L_MergedGlobals)
    lcd_x_size                               0x20000010   Data           4  stm32f769i_discovery_lcd.o(.data..L_MergedGlobals)
    lcd_y_size                               0x20000014   Data           4  stm32f769i_discovery_lcd.o(.data..L_MergedGlobals)
    Font24                                   0x20000018   Data           8  stm32f769i_discovery_lcd.o(.data..L_MergedGlobals)
    uwTickFreq                               0x20000020   Data           1  stm32f7xx_hal.o(.data..L_MergedGlobals)
    uwTickPrio                               0x20000024   Data           4  stm32f7xx_hal.o(.data..L_MergedGlobals)
    pSyncLeft                                0x20000028   Data           2  main.o(.data..L_MergedGlobals)
    pColLeft                                 0x2000002a   Data           4  main.o(.data..L_MergedGlobals)
    pColRight                                0x2000002e   Data           4  main.o(.data..L_MergedGlobals)
    pPage                                    0x20000032   Data           4  main.o(.data..L_MergedGlobals)
    Font16                                   0x2000003c   Data           8  stm32f769i_discovery_lcd.o(.data.Font16)
    SystemCoreClock                          0x20000044   Data           4  system_stm32f7xx.o(.data.SystemCoreClock)
    sdramHandle                              0x20000078   Data          52  stm32f769i_discovery_sdram.o(.bss..L_MergedGlobals)
    Lcd_Driver_Type                          0x200000ac   Data           1  stm32f769i_discovery_lcd.o(.bss..L_MergedGlobals.1)
    hdsi_discovery                           0x200000cc   Data          28  stm32f769i_discovery_lcd.o(.bss..L_MergedGlobals.1)
    dsiPllInit                               0x200000f0   Data          12  main.o(.bss..L_MergedGlobals.3)
    CmdCfg                                   0x200000fc   Data          44  main.o(.bss..L_MergedGlobals.3)
    LPCmd                                    0x20000128   Data          52  main.o(.bss..L_MergedGlobals.3)
    hdma2d_discovery                         0x200002a4   Data          88  stm32f769i_discovery_lcd.o(.bss.hdma2d_discovery)
    hltdc_discovery                          0x200002fc   Data         168  stm32f769i_discovery_lcd.o(.bss.hltdc_discovery)
    uwTick                                   0x200003a4   Data           4  stm32f7xx_hal.o(.bss.uwTick)
    __initial_sp                             0x200007a8   Data           0  startup_stm32f769xx.o(STACK)



==============================================================================

Memory Map of the image

  Image Entry point : 0x080001f9

  Load Region LR_IROM1 (Base: 0x08000000, Size: 0x0009c808, Max: 0x00200000, ABSOLUTE)

    Execution Region ER_IROM1 (Exec base: 0x08000000, Load base: 0x08000000, Size: 0x0009c7c0, Max: 0x00200000, ABSOLUTE)

    Exec Addr    Load Addr    Size         Type   Attr      Idx    E Section Name        Object

    0x08000000   0x08000000   0x000001f8   Data   RO            3    RESET               startup_stm32f769xx.o
    0x080001f8   0x080001f8   0x00000000   Code   RO         1660  * .ARM.Collect$$$$00000000  mc_w.l(entry.o)
    0x080001f8   0x080001f8   0x00000004   Code   RO         1667    .ARM.Collect$$$$00000001  mc_w.l(entry2.o)
    0x080001fc   0x080001fc   0x00000004   Code   RO         1670    .ARM.Collect$$$$00000004  mc_w.l(entry5.o)
    0x08000200   0x08000200   0x00000000   Code   RO         1672    .ARM.Collect$$$$00000008  mc_w.l(entry7b.o)
    0x08000200   0x08000200   0x00000000   Code   RO         1674    .ARM.Collect$$$$0000000A  mc_w.l(entry8b.o)
    0x08000200   0x08000200   0x00000008   Code   RO         1675    .ARM.Collect$$$$0000000B  mc_w.l(entry9a.o)
    0x08000208   0x08000208   0x00000000   Code   RO         1677    .ARM.Collect$$$$0000000D  mc_w.l(entry10a.o)
    0x08000208   0x08000208   0x00000000   Code   RO         1679    .ARM.Collect$$$$0000000F  mc_w.l(entry11a.o)
    0x08000208   0x08000208   0x00000004   Code   RO         1668    .ARM.Collect$$$$00002712  mc_w.l(entry2.o)
    0x0800020c   0x0800020c   0x00000024   Code   RO            4    .text               startup_stm32f769xx.o
    0x08000230   0x08000230   0x00000062   Code   RO         1663    .text               mc_w.l(uldiv.o)
    0x08000292   0x08000292   0x00000024   Code   RO         1665    .text               mc_w.l(memseta.o)
    0x080002b6   0x080002b6   0x0000001e   Code   RO         1681    .text               mc_w.l(llshl.o)
    0x080002d4   0x080002d4   0x00000020   Code   RO         1683    .text               mc_w.l(llushr.o)
    0x080002f4   0x080002f4   0x00000024   Code   RO         1685    .text               mc_w.l(init.o)
    0x08000318   0x08000318   0x00000306   Code   RO          170    .text.BSP_LCD_DisplayChar  stm32f769i_discovery_lcd.o
    0x0800061e   0x0800061e   0x00000002   PAD
    0x08000620   0x08000620   0x00000094   Code   RO          174    .text.BSP_LCD_DisplayStringAtLine  stm32f769i_discovery_lcd.o
    0x080006b4   0x080006b4   0x00000004   PAD
    0x080006b8   0x080006b8   0x000000b0   Code   RO          168    .text.BSP_LCD_FillRect  stm32f769i_discovery_lcd.o
    0x08000768   0x08000768   0x0000000c   Code   RO          128    .text.BSP_LCD_GetXSize  stm32f769i_discovery_lcd.o
    0x08000774   0x08000774   0x00000004   PAD
    0x08000778   0x08000778   0x0000000c   Code   RO          130    .text.BSP_LCD_GetYSize  stm32f769i_discovery_lcd.o
    0x08000784   0x08000784   0x00000004   PAD
    0x08000788   0x08000788   0x000000b0   Code   RO          124    .text.BSP_LCD_MspInit  stm32f769i_discovery_lcd.o
    0x08000838   0x08000838   0x00000066   Code   RO          122    .text.BSP_LCD_Reset  stm32f769i_discovery_lcd.o
    0x0800089e   0x0800089e   0x00000002   PAD
    0x080008a0   0x080008a0   0x0000000c   Code   RO          138    .text.BSP_LCD_SelectLayer  stm32f769i_discovery_lcd.o
    0x080008ac   0x080008ac   0x00000004   PAD
    0x080008b0   0x080008b0   0x00000016   Code   RO          156    .text.BSP_LCD_SetBackColor  stm32f769i_discovery_lcd.o
    0x080008c6   0x080008c6   0x00000002   PAD
    0x080008c8   0x080008c8   0x00000016   Code   RO          126    .text.BSP_LCD_SetFont  stm32f769i_discovery_lcd.o
    0x080008de   0x080008de   0x00000002   PAD
    0x080008e0   0x080008e0   0x00000016   Code   RO          152    .text.BSP_LCD_SetTextColor  stm32f769i_discovery_lcd.o
    0x080008f6   0x080008f6   0x00000002   PAD
    0x080008f8   0x080008f8   0x00000046   Code   RO           13    .text.BSP_LED_Init  stm32f769i_discovery.o
    0x0800093e   0x0800093e   0x00000002   PAD
    0x08000940   0x08000940   0x00000106   Code   RO           87    .text.BSP_SDRAM_Init  stm32f769i_discovery_sdram.o
    0x08000a46   0x08000a46   0x00000002   PAD
    0x08000a48   0x08000a48   0x0000017c   Code   RO           89    .text.BSP_SDRAM_MspInit  stm32f769i_discovery_sdram.o
    0x08000bc4   0x08000bc4   0x00000004   PAD
    0x08000bc8   0x08000bc8   0x00000002   Code   RO         1636    .text.BusFault_Handler  stm32f7xx_it.o
    0x08000bca   0x08000bca   0x00000006   PAD
    0x08000bd0   0x08000bd0   0x00000050   Code   RO          208    .text.DSI_IO_WriteCmd  stm32f769i_discovery_lcd.o
    0x08000c20   0x08000c20   0x0000000c   Code   RO         1652    .text.DSI_IRQHandler  stm32f7xx_it.o
    0x08000c2c   0x08000c2c   0x00000004   PAD
    0x08000c30   0x08000c30   0x00000002   Code   RO         1642    .text.DebugMon_Handler  stm32f7xx_it.o
    0x08000c32   0x08000c32   0x00000006   PAD
    0x08000c38   0x08000c38   0x00000092   Code   RO          628    .text.FMC_SDRAM_Init  stm32f7xx_ll_fmc.o
    0x08000cca   0x08000cca   0x00000006   PAD
    0x08000cd0   0x08000cd0   0x00000016   Code   RO          640    .text.FMC_SDRAM_ProgramRefreshRate  stm32f7xx_ll_fmc.o
    0x08000ce6   0x08000ce6   0x00000002   PAD
    0x08000ce8   0x08000ce8   0x0000002e   Code   RO          638    .text.FMC_SDRAM_SendCommand  stm32f7xx_ll_fmc.o
    0x08000d16   0x08000d16   0x00000002   PAD
    0x08000d18   0x08000d18   0x000000da   Code   RO          630    .text.FMC_SDRAM_Timing_Init  stm32f7xx_ll_fmc.o
    0x08000df2   0x08000df2   0x00000006   PAD
    0x08000df8   0x08000df8   0x000000b0   Code   RO         1050    .text.HAL_DMA2D_ConfigLayer  stm32f7xx_hal_dma2d.o
    0x08000ea8   0x08000ea8   0x00000068   Code   RO         1004    .text.HAL_DMA2D_Init  stm32f7xx_hal_dma2d.o
    0x08000f10   0x08000f10   0x00000002   Code   RO         1006    .text.HAL_DMA2D_MspInit  stm32f7xx_hal_dma2d.o
    0x08000f12   0x08000f12   0x00000006   PAD
    0x08000f18   0x08000f18   0x000001e6   Code   RO         1042    .text.HAL_DMA2D_PollForTransfer  stm32f7xx_hal_dma2d.o
    0x080010fe   0x080010fe   0x00000002   PAD
    0x08001100   0x08001100   0x000000dc   Code   RO         1016    .text.HAL_DMA2D_Start  stm32f7xx_hal_dma2d.o
    0x080011dc   0x080011dc   0x00000004   PAD
    0x080011e0   0x080011e0   0x0000008a   Code   RO         1319    .text.HAL_DMA_DeInit  stm32f7xx_hal_dma.o
    0x0800126a   0x0800126a   0x00000006   PAD
    0x08001270   0x08001270   0x0000015a   Code   RO         1317    .text.HAL_DMA_Init  stm32f7xx_hal_dma.o
    0x080013ca   0x080013ca   0x00000006   PAD
    0x080013d0   0x080013d0   0x000000ec   Code   RO          748    .text.HAL_DSI_ConfigAdaptedCommandMode  stm32f7xx_hal_dsi.o
    0x080014bc   0x080014bc   0x00000004   PAD
    0x080014c0   0x080014c0   0x00000090   Code   RO          750    .text.HAL_DSI_ConfigCommand  stm32f7xx_hal_dsi.o
    0x08001550   0x08001550   0x00000024   Code   RO          752    .text.HAL_DSI_ConfigFlowControl  stm32f7xx_hal_dsi.o
    0x08001574   0x08001574   0x00000004   PAD
    0x08001578   0x08001578   0x0000007a   Code   RO          754    .text.HAL_DSI_ConfigPhyTimer  stm32f7xx_hal_dsi.o
    0x080015f2   0x080015f2   0x00000006   PAD
    0x080015f8   0x080015f8   0x0000009c   Code   RO          730    .text.HAL_DSI_DeInit  stm32f7xx_hal_dsi.o
    0x08001694   0x08001694   0x00000004   PAD
    0x08001698   0x08001698   0x00000134   Code   RO         1608    .text.HAL_DSI_EndOfRefreshCallback  main.o
    0x080017cc   0x080017cc   0x00000004   PAD
    0x080017d0   0x080017d0   0x00000002   Code   RO          742    .text.HAL_DSI_ErrorCallback  stm32f7xx_hal_dsi.o
    0x080017d2   0x080017d2   0x00000006   PAD
    0x080017d8   0x080017d8   0x0000011a   Code   RO          736    .text.HAL_DSI_IRQHandler  stm32f7xx_hal_dsi.o
    0x080018f2   0x080018f2   0x00000006   PAD
    0x080018f8   0x080018f8   0x000001fa   Code   RO          726    .text.HAL_DSI_Init  stm32f7xx_hal_dsi.o
    0x08001af2   0x08001af2   0x00000006   PAD
    0x08001af8   0x08001af8   0x0000018a   Code   RO          770    .text.HAL_DSI_LongWrite  stm32f7xx_hal_dsi.o
    0x08001c82   0x08001c82   0x00000006   PAD
    0x08001c88   0x08001c88   0x00000002   Code   RO          732    .text.HAL_DSI_MspDeInit  stm32f7xx_hal_dsi.o
    0x08001c8a   0x08001c8a   0x00000006   PAD
    0x08001c90   0x08001c90   0x00000002   Code   RO          728    .text.HAL_DSI_MspInit  stm32f7xx_hal_dsi.o
    0x08001c92   0x08001c92   0x00000006   PAD
    0x08001c98   0x08001c98   0x00000022   Code   RO          762    .text.HAL_DSI_Refresh  stm32f7xx_hal_dsi.o
    0x08001cba   0x08001cba   0x00000006   PAD
    0x08001cc0   0x08001cc0   0x00000066   Code   RO          768    .text.HAL_DSI_ShortWrite  stm32f7xx_hal_dsi.o
    0x08001d26   0x08001d26   0x00000002   PAD
    0x08001d28   0x08001d28   0x00000048   Code   RO          758    .text.HAL_DSI_Start  stm32f7xx_hal_dsi.o
    0x08001d70   0x08001d70   0x00000002   Code   RO          738    .text.HAL_DSI_TearingEffectCallback  stm32f7xx_hal_dsi.o
    0x08001d72   0x08001d72   0x00000006   PAD
    0x08001d78   0x08001d78   0x00000028   Code   RO         1418    .text.HAL_Delay     stm32f7xx_hal.o
    0x08001da0   0x08001da0   0x000001a6   Code   RO          854    .text.HAL_GPIO_Init  stm32f7xx_hal_gpio.o
    0x08001f46   0x08001f46   0x00000002   PAD
    0x08001f48   0x08001f48   0x0000000a   Code   RO          860    .text.HAL_GPIO_WritePin  stm32f7xx_hal_gpio.o
    0x08001f52   0x08001f52   0x00000006   PAD
    0x08001f58   0x08001f58   0x0000000c   Code   RO         1410    .text.HAL_GetTick   stm32f7xx_hal.o
    0x08001f64   0x08001f64   0x00000004   PAD
    0x08001f68   0x08001f68   0x0000001a   Code   RO         1408    .text.HAL_IncTick   stm32f7xx_hal.o
    0x08001f82   0x08001f82   0x00000006   PAD
    0x08001f88   0x08001f88   0x0000002e   Code   RO         1398    .text.HAL_Init      stm32f7xx_hal.o
    0x08001fb6   0x08001fb6   0x00000002   PAD
    0x08001fb8   0x08001fb8   0x00000048   Code   RO         1400    .text.HAL_InitTick  stm32f7xx_hal.o
    0x08002000   0x08002000   0x00000076   Code   RO         1090    .text.HAL_LTDC_ConfigLayer  stm32f7xx_hal_ltdc.o
    0x08002076   0x08002076   0x00000002   PAD
    0x08002078   0x08002078   0x00000068   Code   RO         1078    .text.HAL_LTDC_DeInit  stm32f7xx_hal_ltdc.o
    0x080020e0   0x080020e0   0x00000002   Code   RO         1084    .text.HAL_LTDC_ErrorCallback  stm32f7xx_hal_ltdc.o
    0x080020e2   0x080020e2   0x00000006   PAD
    0x080020e8   0x080020e8   0x000000d0   Code   RO         1082    .text.HAL_LTDC_IRQHandler  stm32f7xx_hal_ltdc.o
    0x080021b8   0x080021b8   0x000000dc   Code   RO         1074    .text.HAL_LTDC_Init  stm32f7xx_hal_ltdc.o
    0x08002294   0x08002294   0x00000004   PAD
    0x08002298   0x08002298   0x00000002   Code   RO         1086    .text.HAL_LTDC_LineEventCallback  stm32f7xx_hal_ltdc.o
    0x0800229a   0x0800229a   0x00000006   PAD
    0x080022a0   0x080022a0   0x00000002   Code   RO         1080    .text.HAL_LTDC_MspDeInit  stm32f7xx_hal_ltdc.o
    0x080022a2   0x080022a2   0x00000006   PAD
    0x080022a8   0x080022a8   0x00000002   Code   RO         1076    .text.HAL_LTDC_MspInit  stm32f7xx_hal_ltdc.o
    0x080022aa   0x080022aa   0x00000006   PAD
    0x080022b0   0x080022b0   0x00000002   Code   RO         1088    .text.HAL_LTDC_ReloadEventCallback  stm32f7xx_hal_ltdc.o
    0x080022b2   0x080022b2   0x00000006   PAD
    0x080022b8   0x080022b8   0x0000007c   Code   RO         1120    .text.HAL_LTDC_SetPitch  stm32f7xx_hal_ltdc.o
    0x08002334   0x08002334   0x00000004   PAD
    0x08002338   0x08002338   0x0000005e   Code   RO          976    .text.HAL_MPU_ConfigRegion  stm32f7xx_hal_cortex.o
    0x08002396   0x08002396   0x00000002   PAD
    0x08002398   0x08002398   0x0000001a   Code   RO          968    .text.HAL_MPU_Disable  stm32f7xx_hal_cortex.o
    0x080023b2   0x080023b2   0x00000006   PAD
    0x080023b8   0x080023b8   0x00000020   Code   RO          970    .text.HAL_MPU_Enable  stm32f7xx_hal_cortex.o
    0x080023d8   0x080023d8   0x00000002   Code   RO         1402    .text.HAL_MspInit   stm32f7xx_hal.o
    0x080023da   0x080023da   0x00000006   PAD
    0x080023e0   0x080023e0   0x00000026   Code   RO          958    .text.HAL_NVIC_EnableIRQ  stm32f7xx_hal_cortex.o
    0x08002406   0x08002406   0x00000002   PAD
    0x08002408   0x08002408   0x0000005a   Code   RO          956    .text.HAL_NVIC_SetPriority  stm32f7xx_hal_cortex.o
    0x08002462   0x08002462   0x00000006   PAD
    0x08002468   0x08002468   0x00000020   Code   RO          954    .text.HAL_NVIC_SetPriorityGrouping  stm32f7xx_hal_cortex.o
    0x08002488   0x08002488   0x00000076   Code   RO          936    .text.HAL_PWREx_EnableOverDrive  stm32f7xx_hal_pwr_ex.o
    0x080024fe   0x080024fe   0x00000002   PAD
    0x08002500   0x08002500   0x000005d2   Code   RO         1470    .text.HAL_RCCEx_PeriphCLKConfig  stm32f7xx_hal_rcc_ex.o
    0x08002ad2   0x08002ad2   0x00000006   PAD
    0x08002ad8   0x08002ad8   0x000001ea   Code   RO          822    .text.HAL_RCC_ClockConfig  stm32f7xx_hal_rcc.o
    0x08002cc2   0x08002cc2   0x00000006   PAD
    0x08002cc8   0x08002cc8   0x00000398   Code   RO          820    .text.HAL_RCC_OscConfig  stm32f7xx_hal_rcc.o
    0x08003060   0x08003060   0x00000040   Code   RO          666    .text.HAL_SDRAM_Init  stm32f7xx_hal_sdram.o
    0x080030a0   0x080030a0   0x00000002   Code   RO          668    .text.HAL_SDRAM_MspInit  stm32f7xx_hal_sdram.o
    0x080030a2   0x080030a2   0x00000006   PAD
    0x080030a8   0x080030a8   0x00000030   Code   RO          710    .text.HAL_SDRAM_ProgramRefreshRate  stm32f7xx_hal_sdram.o
    0x080030d8   0x080030d8   0x0000003a   Code   RO          708    .text.HAL_SDRAM_SendCommand  stm32f7xx_hal_sdram.o
    0x08003112   0x08003112   0x00000006   PAD
    0x08003118   0x08003118   0x0000002e   Code   RO          966    .text.HAL_SYSTICK_Config  stm32f7xx_hal_cortex.o
    0x08003146   0x08003146   0x00000002   PAD
    0x08003148   0x08003148   0x00000002   Code   RO         1632    .text.HardFault_Handler  stm32f7xx_it.o
    0x0800314a   0x0800314a   0x00000006   PAD
    0x08003150   0x08003150   0x0000000c   Code   RO         1650    .text.LTDC_ER_IRQHandler  stm32f7xx_it.o
    0x0800315c   0x0800315c   0x00000004   PAD
    0x08003160   0x08003160   0x0000000c   Code   RO         1648    .text.LTDC_IRQHandler  stm32f7xx_it.o
    0x0800316c   0x0800316c   0x00000004   PAD
    0x08003170   0x08003170   0x00000124   Code   RO         1092    .text.LTDC_SetConfig  stm32f7xx_hal_ltdc.o
    0x08003294   0x08003294   0x00000004   PAD
    0x08003298   0x08003298   0x00000002   Code   RO         1634    .text.MemManage_Handler  stm32f7xx_it.o
    0x0800329a   0x0800329a   0x00000006   PAD
    0x080032a0   0x080032a0   0x00000002   Code   RO         1630    .text.NMI_Handler   stm32f7xx_it.o
    0x080032a2   0x080032a2   0x00000006   PAD
    0x080032a8   0x080032a8   0x00000004   Code   RO           61    .text.OTM8009A_IO_Delay  stm32f769i_discovery.o
    0x080032ac   0x080032ac   0x00000004   PAD
    0x080032b0   0x080032b0   0x0000054c   Code   RO          241    .text.OTM8009A_Init  otm8009a.o
    0x080037fc   0x080037fc   0x00000004   PAD
    0x08003800   0x08003800   0x00000002   Code   RO         1644    .text.PendSV_Handler  stm32f7xx_it.o
    0x08003802   0x08003802   0x00000006   PAD
    0x08003808   0x08003808   0x00000002   Code   RO         1640    .text.SVC_Handler   stm32f7xx_it.o
    0x0800380a   0x0800380a   0x00000006   PAD
    0x08003810   0x08003810   0x00000004   Code   RO         1646    .text.SysTick_Handler  stm32f7xx_it.o
    0x08003814   0x08003814   0x00000004   PAD
    0x08003818   0x08003818   0x00000056   Code   RO         1588    .text.SystemInit    system_stm32f7xx.o
    0x0800386e   0x0800386e   0x00000002   PAD
    0x08003870   0x08003870   0x00000002   Code   RO         1638    .text.UsageFault_Handler  stm32f7xx_it.o
    0x08003872   0x08003872   0x00000006   PAD
    0x08003878   0x08003878   0x00000650   Code   RO         1604    .text.main          main.o
    0x08003ec8   0x08003ec8   0x0000000e   Code   RO         1689    i.__scatterload_copy  mc_w.l(handlers.o)
    0x08003ed6   0x08003ed6   0x00000002   Code   RO         1690    i.__scatterload_null  mc_w.l(handlers.o)
    0x08003ed8   0x08003ed8   0x0000000e   Code   RO         1691    i.__scatterload_zeroinit  mc_w.l(handlers.o)
    0x08003ee6   0x08003ee6   0x00000010   Data   RO         1593    .rodata.AHBPrescTable  system_stm32f7xx.o
    0x08003ef6   0x08003ef6   0x00000be0   Data   RO          217    .rodata.Font16_Table  stm32f769i_discovery_lcd.o
    0x08004ad6   0x08004ad6   0x00001ab8   Data   RO          214    .rodata.Font24_Table  stm32f769i_discovery_lcd.o
    0x0800658e   0x0800658e   0x00000002   PAD
    0x08006590   0x08006590   0x00000008   Data   RO         1614    .rodata.Images      main.o
    0x08006598   0x08006598   0x00000002   Data   RO          272    .rodata.ShortRegData1  otm8009a.o
    0x0800659a   0x0800659a   0x00000002   Data   RO          281    .rodata.ShortRegData10  otm8009a.o
    0x0800659c   0x0800659c   0x00000002   Data   RO          282    .rodata.ShortRegData11  otm8009a.o
    0x0800659e   0x0800659e   0x00000002   Data   RO          283    .rodata.ShortRegData12  otm8009a.o
    0x080065a0   0x080065a0   0x00000002   Data   RO          284    .rodata.ShortRegData13  otm8009a.o
    0x080065a2   0x080065a2   0x00000002   Data   RO          285    .rodata.ShortRegData14  otm8009a.o
    0x080065a4   0x080065a4   0x00000002   Data   RO          286    .rodata.ShortRegData15  otm8009a.o
    0x080065a6   0x080065a6   0x00000002   Data   RO          287    .rodata.ShortRegData16  otm8009a.o
    0x080065a8   0x080065a8   0x00000002   Data   RO          288    .rodata.ShortRegData17  otm8009a.o
    0x080065aa   0x080065aa   0x00000002   Data   RO          289    .rodata.ShortRegData18  otm8009a.o
    0x080065ac   0x080065ac   0x00000002   Data   RO          290    .rodata.ShortRegData19  otm8009a.o
    0x080065ae   0x080065ae   0x00000002   Data   RO          273    .rodata.ShortRegData2  otm8009a.o
    0x080065b0   0x080065b0   0x00000002   Data   RO          291    .rodata.ShortRegData20  otm8009a.o
    0x080065b2   0x080065b2   0x00000002   Data   RO          292    .rodata.ShortRegData21  otm8009a.o
    0x080065b4   0x080065b4   0x00000002   Data   RO          293    .rodata.ShortRegData22  otm8009a.o
    0x080065b6   0x080065b6   0x00000002   Data   RO          294    .rodata.ShortRegData23  otm8009a.o
    0x080065b8   0x080065b8   0x00000002   Data   RO          295    .rodata.ShortRegData24  otm8009a.o
    0x080065ba   0x080065ba   0x00000002   Data   RO          296    .rodata.ShortRegData25  otm8009a.o
    0x080065bc   0x080065bc   0x00000002   Data   RO          297    .rodata.ShortRegData26  otm8009a.o
    0x080065be   0x080065be   0x00000002   Data   RO          298    .rodata.ShortRegData27  otm8009a.o
    0x080065c0   0x080065c0   0x00000002   Data   RO          299    .rodata.ShortRegData28  otm8009a.o
    0x080065c2   0x080065c2   0x00000002   Data   RO          300    .rodata.ShortRegData29  otm8009a.o
    0x080065c4   0x080065c4   0x00000002   Data   RO          274    .rodata.ShortRegData3  otm8009a.o
    0x080065c6   0x080065c6   0x00000002   Data   RO          301    .rodata.ShortRegData30  otm8009a.o
    0x080065c8   0x080065c8   0x00000002   Data   RO          302    .rodata.ShortRegData31  otm8009a.o
    0x080065ca   0x080065ca   0x00000002   Data   RO          303    .rodata.ShortRegData32  otm8009a.o
    0x080065cc   0x080065cc   0x00000002   Data   RO          304    .rodata.ShortRegData33  otm8009a.o
    0x080065ce   0x080065ce   0x00000002   Data   RO          305    .rodata.ShortRegData34  otm8009a.o
    0x080065d0   0x080065d0   0x00000002   Data   RO          306    .rodata.ShortRegData35  otm8009a.o
    0x080065d2   0x080065d2   0x00000002   Data   RO          307    .rodata.ShortRegData36  otm8009a.o
    0x080065d4   0x080065d4   0x00000002   Data   RO          308    .rodata.ShortRegData37  otm8009a.o
    0x080065d6   0x080065d6   0x00000002   Data   RO          309    .rodata.ShortRegData38  otm8009a.o
    0x080065d8   0x080065d8   0x00000002   Data   RO          310    .rodata.ShortRegData39  otm8009a.o
    0x080065da   0x080065da   0x00000002   Data   RO          275    .rodata.ShortRegData4  otm8009a.o
    0x080065dc   0x080065dc   0x00000002   Data   RO          311    .rodata.ShortRegData40  otm8009a.o
    0x080065de   0x080065de   0x00000002   Data   RO          312    .rodata.ShortRegData41  otm8009a.o
    0x080065e0   0x080065e0   0x00000002   Data   RO          313    .rodata.ShortRegData42  otm8009a.o
    0x080065e2   0x080065e2   0x00000002   Data   RO          314    .rodata.ShortRegData43  otm8009a.o
    0x080065e4   0x080065e4   0x00000002   Data   RO          315    .rodata.ShortRegData44  otm8009a.o
    0x080065e6   0x080065e6   0x00000002   Data   RO          316    .rodata.ShortRegData45  otm8009a.o
    0x080065e8   0x080065e8   0x00000002   Data   RO          317    .rodata.ShortRegData46  otm8009a.o
    0x080065ea   0x080065ea   0x00000002   Data   RO          318    .rodata.ShortRegData47  otm8009a.o
    0x080065ec   0x080065ec   0x00000002   Data   RO          319    .rodata.ShortRegData48  otm8009a.o
    0x080065ee   0x080065ee   0x00000002   Data   RO          320    .rodata.ShortRegData49  otm8009a.o
    0x080065f0   0x080065f0   0x00000002   Data   RO          276    .rodata.ShortRegData5  otm8009a.o
    0x080065f2   0x080065f2   0x00000002   Data   RO          321    .rodata.ShortRegData50  otm8009a.o
    0x080065f4   0x080065f4   0x00000002   Data   RO          322    .rodata.ShortRegData51  otm8009a.o
    0x080065f6   0x080065f6   0x00000002   Data   RO          277    .rodata.ShortRegData6  otm8009a.o
    0x080065f8   0x080065f8   0x00000002   Data   RO          278    .rodata.ShortRegData7  otm8009a.o
    0x080065fa   0x080065fa   0x00000002   Data   RO          279    .rodata.ShortRegData8  otm8009a.o
    0x080065fc   0x080065fc   0x00000002   Data   RO          280    .rodata.ShortRegData9  otm8009a.o
    0x080065fe   0x080065fe   0x00000002   PAD
    0x08006600   0x08006600   0x00000020   Data   RO         1154    .rodata.cst32       stm32f7xx_hal_ltdc.o
    0x08006620   0x08006620   0x00000008   Data   RO         1341    .rodata.cst8        stm32f7xx_hal_dma.o
    0x08006628   0x08006628   0x0004b000   Data   RO         1612    .rodata.image_320x240_argb8888  main.o
    0x08051628   0x08051628   0x00000004   Data   RO          245    .rodata.lcdRegData1  otm8009a.o
    0x0805162c   0x0805162c   0x0000000b   Data   RO          254    .rodata.lcdRegData10  otm8009a.o
    0x08051637   0x08051637   0x0000000b   Data   RO          255    .rodata.lcdRegData11  otm8009a.o
    0x08051642   0x08051642   0x00000010   Data   RO          256    .rodata.lcdRegData12  otm8009a.o
    0x08051652   0x08051652   0x00000010   Data   RO          257    .rodata.lcdRegData13  otm8009a.o
    0x08051662   0x08051662   0x0000000b   Data   RO          258    .rodata.lcdRegData14  otm8009a.o
    0x0805166d   0x0805166d   0x00000010   Data   RO          259    .rodata.lcdRegData15  otm8009a.o
    0x0805167d   0x0805167d   0x00000010   Data   RO          260    .rodata.lcdRegData16  otm8009a.o
    0x0805168d   0x0805168d   0x0000000b   Data   RO          261    .rodata.lcdRegData17  otm8009a.o
    0x08051698   0x08051698   0x0000000b   Data   RO          262    .rodata.lcdRegData18  otm8009a.o
    0x080516a3   0x080516a3   0x0000000b   Data   RO          263    .rodata.lcdRegData19  otm8009a.o
    0x080516ae   0x080516ae   0x00000003   Data   RO          246    .rodata.lcdRegData2  otm8009a.o
    0x080516b1   0x080516b1   0x00000010   Data   RO          264    .rodata.lcdRegData20  otm8009a.o
    0x080516c1   0x080516c1   0x00000010   Data   RO          265    .rodata.lcdRegData21  otm8009a.o
    0x080516d1   0x080516d1   0x0000000b   Data   RO          266    .rodata.lcdRegData22  otm8009a.o
    0x080516dc   0x080516dc   0x00000010   Data   RO          267    .rodata.lcdRegData23  otm8009a.o
    0x080516ec   0x080516ec   0x00000010   Data   RO          268    .rodata.lcdRegData24  otm8009a.o
    0x080516fc   0x080516fc   0x00000004   Data   RO          269    .rodata.lcdRegData25  otm8009a.o
    0x08051700   0x08051700   0x00000005   Data   RO          270    .rodata.lcdRegData27  otm8009a.o
    0x08051705   0x08051705   0x00000005   Data   RO          271    .rodata.lcdRegData28  otm8009a.o
    0x0805170a   0x0805170a   0x00000011   Data   RO          247    .rodata.lcdRegData3  otm8009a.o
    0x0805171b   0x0805171b   0x00000011   Data   RO          248    .rodata.lcdRegData4  otm8009a.o
    0x0805172c   0x0805172c   0x00000003   Data   RO          249    .rodata.lcdRegData5  otm8009a.o
    0x0805172f   0x0805172f   0x00000003   Data   RO          250    .rodata.lcdRegData6  otm8009a.o
    0x08051732   0x08051732   0x00000007   Data   RO          251    .rodata.lcdRegData7  otm8009a.o
    0x08051739   0x08051739   0x0000000f   Data   RO          252    .rodata.lcdRegData8  otm8009a.o
    0x08051748   0x08051748   0x0000000f   Data   RO          253    .rodata.lcdRegData9  otm8009a.o
    0x08051757   0x08051757   0x00000001   PAD
    0x08051758   0x08051758   0x0004b000   Data   RO         1613    .rodata.life_augmented_argb8888  main.o
    0x0809c758   0x0809c758   0x00000046   Data   RO         1617    .rodata.str1.1      main.o
    0x0809c79e   0x0809c79e   0x00000002   PAD
    0x0809c7a0   0x0809c7a0   0x00000020   Data   RO         1688    Region$$Table       anon$$obj.o


    Execution Region RW_IRAM1 (Exec base: 0x20000000, Load base: 0x0809c7c0, Size: 0x000007a8, Max: 0x00080000, ABSOLUTE)

    Exec Addr    Load Addr    Size         Type   Attr      Idx    E Section Name        Object

    0x20000000   0x0809c7c0   0x00000010   Data   RW           78    .data..L_MergedGlobals  stm32f769i_discovery.o
    0x20000010   0x0809c7d0   0x00000010   Data   RW          227    .data..L_MergedGlobals  stm32f769i_discovery_lcd.o
    0x20000020   0x0809c7e0   0x00000008   Data   RW         1461    .data..L_MergedGlobals  stm32f7xx_hal.o
    0x20000028   0x0809c7e8   0x00000014   Data   RW         1620    .data..L_MergedGlobals  main.o
    0x2000003c   0x0809c7fc   0x00000008   Data   RW          218    .data.Font16        stm32f769i_discovery_lcd.o
    0x20000044   0x0809c804   0x00000004   Data   RW         1592    .data.SystemCoreClock  system_stm32f7xx.o
    0x20000048        -       0x00000064   Zero   RW          109    .bss..L_MergedGlobals  stm32f769i_discovery_sdram.o
    0x200000ac        -       0x0000003c   Zero   RW          228    .bss..L_MergedGlobals.1  stm32f769i_discovery_lcd.o
    0x200000e8        -       0x00000074   Zero   RW         1621    .bss..L_MergedGlobals.3  main.o
    0x2000015c        -       0x00000060   Zero   RW          107    .bss.BSP_SDRAM_MspInit.dma_handle  stm32f769i_discovery_sdram.o
    0x200001bc        -       0x00000090   Zero   RW         1616    .bss.PeriphClkInitStruct  main.o
    0x2000024c        -       0x00000058   Zero   RW         1618    .bss.hdma2d         main.o
    0x200002a4        -       0x00000058   Zero   RW          226    .bss.hdma2d_discovery  stm32f769i_discovery_lcd.o
    0x200002fc        -       0x000000a8   Zero   RW          225    .bss.hltdc_discovery  stm32f769i_discovery_lcd.o
    0x200003a4        -       0x00000004   Zero   RW         1460    .bss.uwTick         stm32f7xx_hal.o
    0x200003a8        -       0x00000400   Zero   RW            1    STACK               startup_stm32f769xx.o


==============================================================================

Image component sizes


      Code (inc. data)   RO Data    RW Data    ZI Data      Debug   Object Name

      1924         88     614478         20        348      16628   main.o
      1356          0        405          0          0       4293   otm8009a.o
        36          8        504          0       1024        936   startup_stm32f769xx.o
        74          0          0         16          0      18135   stm32f769i_discovery.o
      1558          0       9880         24        316      53178   stm32f769i_discovery_lcd.o
       642          0          0          0        196      10605   stm32f769i_discovery_sdram.o
       198          0          0          8          4       8624   stm32f7xx_hal.o
       358          0          0          0          0      11946   stm32f7xx_hal_cortex.o
       484          6          8          0          0      11037   stm32f7xx_hal_dma.o
       988          6          0          0          0      18041   stm32f7xx_hal_dma2d.o
      2092          0          0          0          0      25271   stm32f7xx_hal_dsi.o
       432          0          0          0          0       5355   stm32f7xx_hal_gpio.o
      1076          0         32          0          0      16162   stm32f7xx_hal_ltdc.o
       118          0          0          0          0       5941   stm32f7xx_hal_pwr_ex.o
      1410          0          0          0          0       8582   stm32f7xx_hal_rcc.o
      1490          0          0          0          0       7426   stm32f7xx_hal_rcc_ex.o
       172          0          0          0          0      14946   stm32f7xx_hal_sdram.o
        56          0          0          0          0       5699   stm32f7xx_it.o
       432          0          0          0          0       9291   stm32f7xx_ll_fmc.o
        86          0         16          4          0       3598   system_stm32f7xx.o

    ----------------------------------------------------------------------
     15316        108     625362         72       1888     255694   Object Totals
         0          0         32          0          0          0   (incl. Generated)
       334          0          7          0          0          0   (incl. Padding)

    ----------------------------------------------------------------------

      Code (inc. data)   RO Data    RW Data    ZI Data      Debug   Library Member Name

         0          0          0          0          0          0   entry.o
         0          0          0          0          0          0   entry10a.o
         0          0          0          0          0          0   entry11a.o
         8          4          0          0          0          0   entry2.o
         4          0          0          0          0          0   entry5.o
         0          0          0          0          0          0   entry7b.o
         0          0          0          0          0          0   entry8b.o
         8          4          0          0          0          0   entry9a.o
        30          0          0          0          0          0   handlers.o
        36          8          0          0          0         68   init.o
        30          0          0          0          0         68   llshl.o
        32          0          0          0          0         68   llushr.o
        36          0          0          0          0        108   memseta.o
        98          0          0          0          0         92   uldiv.o

    ----------------------------------------------------------------------
       282         16          0          0          0        404   Library Totals
         0          0          0          0          0          0   (incl. Padding)

    ----------------------------------------------------------------------

      Code (inc. data)   RO Data    RW Data    ZI Data      Debug   Library Name

       282         16          0          0          0        404   mc_w.l

    ----------------------------------------------------------------------
       282         16          0          0          0        404   Library Totals

    ----------------------------------------------------------------------

==============================================================================


      Code (inc. data)   RO Data    RW Data    ZI Data      Debug   

     15598        124     625362         72       1888     255838   Grand Totals
     15598        124     625362         72       1888     255838   ELF Image Totals
     15598        124     625362         72          0          0   ROM Totals

==============================================================================

    Total RO  Size (Code + RO Data)               640960 ( 625.94kB)
    Total RW  Size (RW Data + ZI Data)              1960 (   1.91kB)
    Total ROM Size (Code + RO Data + RW Data)     641032 ( 626.01kB)

==============================================================================

