<html>
<body>
<pre>
<h1>µVision Build Log</h1>
<h2>Tool Versions:</h2>
IDE-Version: µVision V5.38.0.0
Copyright (C) 2022 ARM Ltd and ARM Germany GmbH. All rights reserved.
License Information: Gurjinder Singh
None
User-based license: Keil MDK Community (non-commercial free of charge)
Valid until: Jun 1 2033. Cached until: Jun 24 2024
 
Tool Versions:
Toolchain:       Keil MDK Community (non-commercial free of charge  Version: 5.38.0.0
Toolchain Path:  C:\Keil_v5\ARM\ARMCLANG\Bin
C Compiler:      ArmClang.exe V6.19
Assembler:       Armasm.exe V6.19
Linker/Locator:  ArmLink.exe V6.19
Library Manager: ArmAr.exe V6.19
Hex Converter:   FromElf.exe V6.19
CPU DLL:         SARMCM3.DLL V5.38.0.0
Dialog DLL:      DCM.DLL V1.17.5.0
Target DLL:      STLink\ST-LINKIII-KEIL_SWO.dll V3.1.0.0
Dialog DLL:      TCM.DLL V1.56.4.0
 
<h2>Project:</h2>
F:\Cortex m7\tools\en.stm32cubef7-v1-17-2\STM32Cube_FW_F7_V1.17.0\Projects\STM32F769I-Discovery\Examples\LCD_DSI\LCD_DSI_CmdMode_PartialRefresh\MDK-ARM\Project.uvprojx
Project File Date:  06/18/2024

<h2>Output:</h2>
*** Using Compiler 'V6.19', folder: 'C:\Keil_v5\ARM\ARMCLANG\Bin'
Build target 'STM32F769I_DISCOVERY'
linking...
Program Size: Code=15598 RO-data=625362 RW-data=72 ZI-data=1888  
FromELF: creating hex file...
"STM32F769I_DISCOVERY\STM32F769I_DISCOVERY.axf" - 0 Error(s), 0 Warning(s).

<h2>Software Packages used:</h2>

Package Vendor: ARM
                http://www.keil.com/pack/ARM.CMSIS.5.9.0.pack
                ARM.CMSIS.5.9.0
                CMSIS (Common Microcontroller Software Interface Standard)
   * Component: CORE Version: 5.6.0

Package Vendor: STMicroelectronics
                http://www.ST.com/STMicroelectronics.STM32F7xx_DFP.1.0.3.pack
                STMicroelectronics.STM32F7xx_DFP.1.0.3
                STMicroelectronics STM32F7 Series Device Support, Drivers and Examples

<h2>Collection of Component include folders:</h2>
  ./RTE/_STM32F769I_DISCOVERY
  C:/Users/Gurjinder Singh/AppData/Local/Arm/Packs/ARM/CMSIS/5.9.0/CMSIS/Core/Include
  C:/Users/Gurjinder Singh/AppData/Local/Arm/Packs/STMicroelectronics/STM32F7xx_DFP/1.0.3/Device/Include

<h2>Collection of Component Files used:</h2>

   * Component: ARM::CMSIS:CORE:5.6.0
Build Time Elapsed:  00:00:07
</pre>
</body>
</html>
